<html>
<body>
<pre>
<h1>礦ision Build Log</h1>
<h2>Tool Versions:</h2>
IDE-Version: μVision V5.36.0.0
Copyright (C) 2021 ARM Ltd and ARM Germany GmbH. All rights reserved.
License Information:  ,  , LIC=FYKYW-Q99D0-VEVHA-1V3US-49UMA-6EGD1
 
Tool Versions:
Toolchain:       MDK-ARM Plus  Version: 5.36.0.0
Toolchain Path:  E:\Keil_V5\ARM\ARMCC\Bin
C Compiler:      Armcc.exe V5.06 update 7 (build 960)
Assembler:       Armasm.exe V5.06 update 7 (build 960)
Linker/Locator:  ArmLink.exe V5.06 update 7 (build 960)
Library Manager: ArmAr.exe V5.06 update 7 (build 960)
Hex Converter:   FromElf.exe V5.06 update 7 (build 960)
CPU DLL:         SARMCM3.DLL V5.36.0.0
Dialog DLL:      DARMSTM.DLL V1.68.0.0
Target DLL:      STLink\ST-LINKIII-KEIL_SWO.dll V3.0.9.0
Dialog DLL:      TARMSTM.DLL V1.66.0.0
 
<h2>Project:</h2>
E:\BMS\01_LTC6804(主从机)\1.开发板源码（ STM32+LTC6804 6811）\STM32F103C8T6_LTC6804_20240408 0201\STM32F103C8T6_LTC6804_20240408 02\USER\EKF_SOC(DSP).uvprojx
Project File Date:  03/16/2025

<h2>Output:</h2>
*** Using Compiler 'V5.06 update 7 (build 960)', folder: 'E:\Keil_V5\ARM\ARMCC\Bin'
Build target 'PWM'
compiling user_get.c...
linking...
Program Size: Code=27744 RO-data=1392 RW-data=840 ZI-data=2408  
FromELF: creating hex file...
"..\OBJ\PWM.axf" - 0 Error(s), 0 Warning(s).

<h2>Software Packages used:</h2>

Package Vendor: ARM
                http://www.keil.com/pack/ARM.CMSIS.5.8.0.pack
                ARM.CMSIS.5.8.0
                CMSIS (Common Microcontroller Software Interface Standard)
   * Component: CORE Version: 5.5.0
   * Component: DSP Variant: Source Version: 1.9.0-dev

Package Vendor: Keil
                https://www.keil.com/pack/Keil.STM32F1xx_DFP.2.4.1.pack
                Keil.STM32F1xx_DFP.2.4.1
                STMicroelectronics STM32F1 Series Device Support, Drivers and Examples

<h2>Collection of Component include folders:</h2>
  .\RTE\_PWM
  E:\Keil_V5\PACKS\ARM\CMSIS\5.8.0\CMSIS\Core\Include
  E:\Keil_V5\PACKS\ARM\CMSIS\5.8.0\CMSIS\DSP\Include
  E:\Keil_V5\PACKS\ARM\CMSIS\5.8.0\CMSIS\DSP\PrivateInclude
  E:\Keil_V5\PACKS\Keil\STM32F1xx_DFP\2.4.1\Device\Include

<h2>Collection of Component Files used:</h2>

   * Component: ARM::CMSIS:CORE:5.5.0

   * Component: ARM::CMSIS:DSP:Source:1.9.0-dev
      Source file:   CMSIS\DSP\Source\SupportFunctions\SupportFunctions.c
      Include file:  CMSIS\DSP\Include\arm_math_f16.h
      Include file:  CMSIS\DSP\Include\arm_common_tables.h
      Source file:   CMSIS\DSP\Source\BayesFunctions\BayesFunctions.c
      Source file:   CMSIS\DSP\Source\CommonTables\CommonTables.c
      Include file:  CMSIS\DSP\Include\arm_math.h
      Include file:  CMSIS\DSP\Include\arm_common_tables_f16.h
      Include file:  CMSIS\DSP\Include\arm_const_structs_f16.h
      Source file:   CMSIS\DSP\Source\ControllerFunctions\ControllerFunctions.c
      Source file:   CMSIS\DSP\Source\BasicMathFunctions\BasicMathFunctions.c
      Source file:   CMSIS\DSP\Source\FastMathFunctions\FastMathFunctions.c
      Source file:   CMSIS\DSP\Source\QuaternionMathFunctions\QuaternionMathFunctions.c
      Source file:   CMSIS\DSP\Source\ComplexMathFunctions\ComplexMathFunctions.c
      Source file:   CMSIS\DSP\Source\FilteringFunctions\FilteringFunctions.c
      Source file:   CMSIS\DSP\Source\MatrixFunctions\MatrixFunctions.c
      Source file:   CMSIS\DSP\Source\StatisticsFunctions\StatisticsFunctions.c
      Include file:  CMSIS\DSP\Include\arm_const_structs.h
      Source file:   CMSIS\DSP\Source\DistanceFunctions\DistanceFunctions.c
      Source file:   CMSIS\DSP\Source\FastMathFunctions\FastMathFunctionsF16.c
      Source file:   CMSIS\DSP\Source\TransformFunctions\TransformFunctionsF16.c
      Source file:   CMSIS\DSP\Source\TransformFunctions\TransformFunctions.c
      Source file:   CMSIS\DSP\Source\ComplexMathFunctions\ComplexMathFunctionsF16.c
      Source file:   CMSIS\DSP\Source\FilteringFunctions\FilteringFunctionsF16.c
      Source file:   CMSIS\DSP\Source\SVMFunctions\SVMFunctionsF16.c
      Source file:   CMSIS\DSP\Source\SVMFunctions\SVMFunctions.c
      Source file:   CMSIS\DSP\Source\BayesFunctions\BayesFunctionsF16.c
      Source file:   CMSIS\DSP\Source\InterpolationFunctions\InterpolationFunctions.c
      Source file:   CMSIS\DSP\Source\SupportFunctions\SupportFunctionsF16.c
      Source file:   CMSIS\DSP\Source\BasicMathFunctions\BasicMathFunctionsF16.c
      Source file:   CMSIS\DSP\Source\StatisticsFunctions\StatisticsFunctionsF16.c
      Source file:   CMSIS\DSP\Source\MatrixFunctions\MatrixFunctionsF16.c
      Source file:   CMSIS\DSP\Source\DistanceFunctions\DistanceFunctionsF16.c
      Source file:   CMSIS\DSP\Source\CommonTables\CommonTablesF16.c
      Source file:   CMSIS\DSP\Source\InterpolationFunctions\InterpolationFunctionsF16.c
Build Time Elapsed:  00:00:01
</pre>
</body>
</html>
