Component: ARM Compiler 6.16 Tool: armlink [5dfeaa00]

==============================================================================

Section Cross References

    startup_stm32f407xx.o(STACK) refers (Special) to heapauxi.o(.text) for __use_two_region_memory
    startup_stm32f407xx.o(HEAP) refers (Special) to heapauxi.o(.text) for __use_two_region_memory
    startup_stm32f407xx.o(RESET) refers (Special) to heapauxi.o(.text) for __use_two_region_memory
    startup_stm32f407xx.o(RESET) refers to startup_stm32f407xx.o(STACK) for __initial_sp
    startup_stm32f407xx.o(RESET) refers to startup_stm32f407xx.o(.text) for Reset_Handler
    startup_stm32f407xx.o(RESET) refers to stm32f4xx_it.o(.text.NMI_Handler) for NMI_Handler
    startup_stm32f407xx.o(RESET) refers to stm32f4xx_it.o(.text.HardFault_Handler) for HardFault_Handler
    startup_stm32f407xx.o(RESET) refers to stm32f4xx_it.o(.text.MemManage_Handler) for MemManage_Handler
    startup_stm32f407xx.o(RESET) refers to stm32f4xx_it.o(.text.BusFault_Handler) for BusFault_Handler
    startup_stm32f407xx.o(RESET) refers to stm32f4xx_it.o(.text.UsageFault_Handler) for UsageFault_Handler
    startup_stm32f407xx.o(RESET) refers to stm32f4xx_it.o(.text.SVC_Handler) for SVC_Handler
    startup_stm32f407xx.o(RESET) refers to stm32f4xx_it.o(.text.DebugMon_Handler) for DebugMon_Handler
    startup_stm32f407xx.o(RESET) refers to stm32f4xx_it.o(.text.PendSV_Handler) for PendSV_Handler
    startup_stm32f407xx.o(RESET) refers to stm32f4xx_it.o(.text.SysTick_Handler) for SysTick_Handler
    startup_stm32f407xx.o(RESET) refers to usart.o(.text.USART2_IRQHandler) for USART2_IRQHandler
    startup_stm32f407xx.o(.text) refers (Special) to heapauxi.o(.text) for __use_two_region_memory
    startup_stm32f407xx.o(.text) refers to system_stm32f4xx.o(.text.SystemInit) for SystemInit
    startup_stm32f407xx.o(.text) refers to __main.o(!!!main) for __main
    startup_stm32f407xx.o(.text) refers to startup_stm32f407xx.o(HEAP) for Heap_Mem
    startup_stm32f407xx.o(.text) refers to startup_stm32f407xx.o(STACK) for Stack_Mem
    main.o(.text) refers (Special) to _printf_f.o(.ARM.Collect$$_printf_percent$$00000003) for _printf_f
    main.o(.text) refers (Special) to printf1.o(x$fpl$printf1) for _printf_fp_dec
    main.o(.text) refers (Special) to _printf_dec.o(.text) for _printf_int_dec
    main.o(.text) refers (Special) to _printf_percent.o(.ARM.Collect$$_printf_percent$$00000000) for _printf_percent
    main.o(.text) refers (Special) to _printf_pad.o(.text) for _printf_pre_padding
    main.o(.text) refers (Special) to _printf_u.o(.ARM.Collect$$_printf_percent$$0000000A) for _printf_u
    main.o(.text) refers (Special) to _scanf_int.o(.text) for _scanf_int
    main.o(.text) refers (Special) to scanf1.o(x$fpl$scanf1) for _scanf_real
    main.o(.text.display_value) refers (Special) to _printf_f.o(.ARM.Collect$$_printf_percent$$00000003) for _printf_f
    main.o(.text.display_value) refers (Special) to printf1.o(x$fpl$printf1) for _printf_fp_dec
    main.o(.text.display_value) refers (Special) to _printf_dec.o(.text) for _printf_int_dec
    main.o(.text.display_value) refers (Special) to _printf_percent.o(.ARM.Collect$$_printf_percent$$00000000) for _printf_percent
    main.o(.text.display_value) refers (Special) to _printf_pad.o(.text) for _printf_pre_padding
    main.o(.text.display_value) refers (Special) to _printf_u.o(.ARM.Collect$$_printf_percent$$0000000A) for _printf_u
    main.o(.text.display_value) refers (Special) to _scanf_int.o(.text) for _scanf_int
    main.o(.text.display_value) refers (Special) to scanf1.o(x$fpl$scanf1) for _scanf_real
    main.o(.text.display_value) refers to lcd_fonts.o(.data.ASCII_Font16) for ASCII_Font16
    main.o(.text.display_value) refers to lcd_spi_200.o(.text.LCD_SetAsciiFont) for LCD_SetAsciiFont
    main.o(.text.display_value) refers to main.o(.bss.c1_soc) for c1_soc
    main.o(.text.display_value) refers to f2d.o(x$fpl$f2d) for __aeabi_f2d
    main.o(.text.display_value) refers to lcd_spi_200.o(.text.LCD_DisplayDecimals) for LCD_DisplayDecimals
    main.o(.text.display_value) refers to main.o(.bss.c2_soc) for c2_soc
    main.o(.text.display_value) refers to main.o(.bss.c3_soc) for c3_soc
    main.o(.text.display_value) refers to main.o(.bss.c4_soc) for c4_soc
    main.o(.text.display_value) refers to main.o(.bss.c5_soc) for c5_soc
    main.o(.text.display_value) refers to main.o(.bss.c6_soc) for c6_soc
    main.o(.text.display_value) refers to main.o(.bss.c1_voltage) for c1_voltage
    main.o(.text.display_value) refers to main.o(.bss.c2_voltage) for c2_voltage
    main.o(.text.display_value) refers to main.o(.bss.c3_voltage) for c3_voltage
    main.o(.text.display_value) refers to main.o(.bss.c4_voltage) for c4_voltage
    main.o(.text.display_value) refers to main.o(.bss.c5_voltage) for c5_voltage
    main.o(.text.display_value) refers to main.o(.bss.c6_voltage) for c6_voltage
[...]
    _rand_init                                - Undefined Weak Reference
    _signal_finish                            - Undefined Weak Reference
    _signal_init                              - Undefined Weak Reference
    _terminate_alloc                          - Undefined Weak Reference
    _terminate_user_alloc                     - Undefined Weak Reference
    _terminateio                              - Undefined Weak Reference
    __Vectors_Size                           0x00000188   Number         0  startup_stm32f407xx.o ABSOLUTE
    __Vectors                                0x08000000   Data           4  startup_stm32f407xx.o(RESET)
    __Vectors_End                            0x08000188   Data           0  startup_stm32f407xx.o(RESET)
    __main                                   0x08000189   Thumb Code     8  __main.o(!!!main)
    __scatterload                            0x08000191   Thumb Code     0  __scatter.o(!!!scatter)
    __scatterload_rt2                        0x08000191   Thumb Code    44  __scatter.o(!!!scatter)
    __scatterload_rt2_thumb_only             0x08000191   Thumb Code     0  __scatter.o(!!!scatter)
    __scatterload_null                       0x0800019f   Thumb Code     0  __scatter.o(!!!scatter)
    __scatterload_copy                       0x080001c5   Thumb Code    26  __scatter_copy.o(!!handler_copy)
    __scatterload_zeroinit                   0x080001e1   Thumb Code    28  __scatter_zi.o(!!handler_zi)
    _printf_f                                0x080001fd   Thumb Code     0  _printf_f.o(.ARM.Collect$$_printf_percent$$00000003)
    _printf_percent                          0x080001fd   Thumb Code     0  _printf_percent.o(.ARM.Collect$$_printf_percent$$00000000)
    _printf_e                                0x08000203   Thumb Code     0  _printf_e.o(.ARM.Collect$$_printf_percent$$00000004)
    _printf_g                                0x08000209   Thumb Code     0  _printf_g.o(.ARM.Collect$$_printf_percent$$00000005)
    _printf_a                                0x0800020f   Thumb Code     0  _printf_a.o(.ARM.Collect$$_printf_percent$$00000006)
    _printf_i                                0x08000215   Thumb Code     0  _printf_i.o(.ARM.Collect$$_printf_percent$$00000008)
    _printf_d                                0x0800021b   Thumb Code     0  _printf_d.o(.ARM.Collect$$_printf_percent$$00000009)
    _printf_u                                0x08000221   Thumb Code     0  _printf_u.o(.ARM.Collect$$_printf_percent$$0000000A)
    _printf_o                                0x08000227   Thumb Code     0  _printf_o.o(.ARM.Collect$$_printf_percent$$0000000B)
    _printf_x                                0x0800022d   Thumb Code     0  _printf_x.o(.ARM.Collect$$_printf_percent$$0000000C)
    _printf_l                                0x08000233   Thumb Code     0  _printf_l.o(.ARM.Collect$$_printf_percent$$00000012)
    _printf_c                                0x0800023d   Thumb Code     0  _printf_c.o(.ARM.Collect$$_printf_percent$$00000013)
    _printf_lc                               0x08000243   Thumb Code     0  _printf_lc.o(.ARM.Collect$$_printf_percent$$00000015)
    _printf_percent_end                      0x08000249   Thumb Code     0  _printf_percent_end.o(.ARM.Collect$$_printf_percent$$00000017)
    __rt_lib_init                            0x0800024d   Thumb Code     0  libinit.o(.ARM.Collect$$libinit$$00000000)
    __rt_lib_init_fp_1                       0x0800024f   Thumb Code     0  libinit2.o(.ARM.Collect$$libinit$$00000001)
    __rt_lib_init_heap_1                     0x08000253   Thumb Code     0  libinit2.o(.ARM.Collect$$libinit$$0000000A)
    __rt_lib_init_lc_common                  0x08000253   Thumb Code     0  libinit2.o(.ARM.Collect$$libinit$$0000000F)
    __rt_lib_init_preinit_1                  0x08000253   Thumb Code     0  libinit2.o(.ARM.Collect$$libinit$$00000004)
    __rt_lib_init_rand_1                     0x08000253   Thumb Code     0  libinit2.o(.ARM.Collect$$libinit$$0000000E)
    __rt_lib_init_user_alloc_1               0x08000253   Thumb Code     0  libinit2.o(.ARM.Collect$$libinit$$0000000C)
    __rt_lib_init_lc_collate_1               0x08000259   Thumb Code     0  libinit2.o(.ARM.Collect$$libinit$$00000011)
    __rt_lib_init_lc_ctype_2                 0x08000259   Thumb Code     0  libinit2.o(.ARM.Collect$$libinit$$00000012)
    __rt_lib_init_lc_ctype_1                 0x08000265   Thumb Code     0  libinit2.o(.ARM.Collect$$libinit$$00000013)
    __rt_lib_init_lc_monetary_1              0x08000265   Thumb Code     0  libinit2.o(.ARM.Collect$$libinit$$00000015)
    __rt_lib_init_lc_numeric_2               0x08000265   Thumb Code     0  libinit2.o(.ARM.Collect$$libinit$$00000016)
    __rt_lib_init_alloca_1                   0x0800026f   Thumb Code     0  libinit2.o(.ARM.Collect$$libinit$$0000002E)
    __rt_lib_init_argv_1                     0x0800026f   Thumb Code     0  libinit2.o(.ARM.Collect$$libinit$$0000002C)
    __rt_lib_init_atexit_1                   0x0800026f   Thumb Code     0  libinit2.o(.ARM.Collect$$libinit$$0000001B)
    __rt_lib_init_clock_1                    0x0800026f   Thumb Code     0  libinit2.o(.ARM.Collect$$libinit$$00000021)
    __rt_lib_init_cpp_1                      0x0800026f   Thumb Code     0  libinit2.o(.ARM.Collect$$libinit$$00000032)
    __rt_lib_init_exceptions_1               0x0800026f   Thumb Code     0  libinit2.o(.ARM.Collect$$libinit$$00000030)
    __rt_lib_init_fp_trap_1                  0x0800026f   Thumb Code     0  libinit2.o(.ARM.Collect$$libinit$$0000001F)
    __rt_lib_init_getenv_1                   0x0800026f   Thumb Code     0  libinit2.o(.ARM.Collect$$libinit$$00000023)
    __rt_lib_init_lc_numeric_1               0x0800026f   Thumb Code     0  libinit2.o(.ARM.Collect$$libinit$$00000017)
    __rt_lib_init_lc_time_1                  0x0800026f   Thumb Code     0  libinit2.o(.ARM.Collect$$libinit$$00000019)
    __rt_lib_init_return                     0x0800026f   Thumb Code     0  libinit2.o(.ARM.Collect$$libinit$$00000033)
    __rt_lib_init_signal_1                   0x0800026f   Thumb Code     0  libinit2.o(.ARM.Collect$$libinit$$0000001D)
    __rt_lib_init_stdio_1                    0x0800026f   Thumb Code     0  libinit2.o(.ARM.Collect$$libinit$$00000025)
    __rt_lib_shutdown                        0x08000271   Thumb Code     0  libshutdown.o(.ARM.Collect$$libshutdown$$00000000)
    __rt_lib_shutdown_cpp_1                  0x08000273   Thumb Code     0  libshutdown2.o(.ARM.Collect$$libshutdown$$00000002)
    __rt_lib_shutdown_fp_trap_1              0x08000273   Thumb Code     0  libshutdown2.o(.ARM.Collect$$libshutdown$$00000007)
    __rt_lib_shutdown_heap_1                 0x08000273   Thumb Code     0  libshutdown2.o(.ARM.Collect$$libshutdown$$0000000F)
    __rt_lib_shutdown_return                 0x08000273   Thumb Code     0  libshutdown2.o(.ARM.Collect$$libshutdown$$00000010)
    __rt_lib_shutdown_signal_1               0x08000273   Thumb Code     0  libshutdown2.o(.ARM.Collect$$libshutdown$$0000000A)
    __rt_lib_shutdown_stdio_1                0x08000273   Thumb Code     0  libshutdown2.o(.ARM.Collect$$libshutdown$$00000004)
    __rt_lib_shutdown_user_alloc_1           0x08000273   Thumb Code     0  libshutdown2.o(.ARM.Collect$$libshutdown$$0000000C)
    __rt_entry                               0x08000275   Thumb Code     0  __rtentry.o(.ARM.Collect$$rtentry$$00000000)
    __rt_entry_presh_1                       0x08000275   Thumb Code     0  __rtentry2.o(.ARM.Collect$$rtentry$$00000002)
    __rt_entry_sh                            0x08000275   Thumb Code     0  __rtentry4.o(.ARM.Collect$$rtentry$$00000004)
    __rt_entry_li                            0x0800027b   Thumb Code     0  __rtentry2.o(.ARM.Collect$$rtentry$$0000000A)
    __rt_entry_postsh_1                      0x0800027b   Thumb Code     0  __rtentry2.o(.ARM.Collect$$rtentry$$00000009)
    __rt_entry_main                          0x0800027f   Thumb Code     0  __rtentry2.o(.ARM.Collect$$rtentry$$0000000D)
    __rt_entry_postli_1                      0x0800027f   Thumb Code     0  __rtentry2.o(.ARM.Collect$$rtentry$$0000000C)
    __rt_exit                                0x08000287   Thumb Code     0  rtexit.o(.ARM.Collect$$rtexit$$00000000)
    __rt_exit_ls                             0x08000289   Thumb Code     0  rtexit2.o(.ARM.Collect$$rtexit$$00000003)
    __rt_exit_prels_1                        0x08000289   Thumb Code     0  rtexit2.o(.ARM.Collect$$rtexit$$00000002)
    __rt_exit_exit                           0x0800028d   Thumb Code     0  rtexit2.o(.ARM.Collect$$rtexit$$00000004)
    Reset_Handler                            0x08000295   Thumb Code     8  startup_stm32f407xx.o(.text)
    ADC_IRQHandler                           0x080002af   Thumb Code     0  startup_stm32f407xx.o(.text)
    CAN1_RX0_IRQHandler                      0x080002af   Thumb Code     0  startup_stm32f407xx.o(.text)
    CAN1_RX1_IRQHandler                      0x080002af   Thumb Code     0  startup_stm32f407xx.o(.text)
    CAN1_SCE_IRQHandler                      0x080002af   Thumb Code     0  startup_stm32f407xx.o(.text)
    CAN1_TX_IRQHandler                       0x080002af   Thumb Code     0  startup_stm32f407xx.o(.text)
    CAN2_RX0_IRQHandler                      0x080002af   Thumb Code     0  startup_stm32f407xx.o(.text)
    CAN2_RX1_IRQHandler                      0x080002af   Thumb Code     0  startup_stm32f407xx.o(.text)
    CAN2_SCE_IRQHandler                      0x080002af   Thumb Code     0  startup_stm32f407xx.o(.text)
    CAN2_TX_IRQHandler                       0x080002af   Thumb Code     0  startup_stm32f407xx.o(.text)
    DCMI_IRQHandler                          0x080002af   Thumb Code     0  startup_stm32f407xx.o(.text)
    DMA1_Stream0_IRQHandler                  0x080002af   Thumb Code     0  startup_stm32f407xx.o(.text)
    DMA1_Stream1_IRQHandler                  0x080002af   Thumb Code     0  startup_stm32f407xx.o(.text)
    DMA1_Stream2_IRQHandler                  0x080002af   Thumb Code     0  startup_stm32f407xx.o(.text)
    DMA1_Stream3_IRQHandler                  0x080002af   Thumb Code     0  startup_stm32f407xx.o(.text)
    DMA1_Stream4_IRQHandler                  0x080002af   Thumb Code     0  startup_stm32f407xx.o(.text)
    DMA1_Stream5_IRQHandler                  0x080002af   Thumb Code     0  startup_stm32f407xx.o(.text)
    DMA1_Stream6_IRQHandler                  0x080002af   Thumb Code     0  startup_stm32f407xx.o(.text)
    DMA1_Stream7_IRQHandler                  0x080002af   Thumb Code     0  startup_stm32f407xx.o(.text)
    DMA2_Stream0_IRQHandler                  0x080002af   Thumb Code     0  startup_stm32f407xx.o(.text)
    DMA2_Stream1_IRQHandler                  0x080002af   Thumb Code     0  startup_stm32f407xx.o(.text)
    DMA2_Stream2_IRQHandler                  0x080002af   Thumb Code     0  startup_stm32f407xx.o(.text)
    DMA2_Stream3_IRQHandler                  0x080002af   Thumb Code     0  startup_stm32f407xx.o(.text)
    DMA2_Stream4_IRQHandler                  0x080002af   Thumb Code     0  startup_stm32f407xx.o(.text)
    DMA2_Stream5_IRQHandler                  0x080002af   Thumb Code     0  startup_stm32f407xx.o(.text)
    DMA2_Stream6_IRQHandler                  0x080002af   Thumb Code     0  startup_stm32f407xx.o(.text)
    DMA2_Stream7_IRQHandler                  0x080002af   Thumb Code     0  startup_stm32f407xx.o(.text)
    ETH_IRQHandler                           0x080002af   Thumb Code     0  startup_stm32f407xx.o(.text)
    ETH_WKUP_IRQHandler                      0x080002af   Thumb Code     0  startup_stm32f407xx.o(.text)
    EXTI0_IRQHandler                         0x080002af   Thumb Code     0  startup_stm32f407xx.o(.text)
    EXTI15_10_IRQHandler                     0x080002af   Thumb Code     0  startup_stm32f407xx.o(.text)
    EXTI1_IRQHandler                         0x080002af   Thumb Code     0  startup_stm32f407xx.o(.text)
    EXTI2_IRQHandler                         0x080002af   Thumb Code     0  startup_stm32f407xx.o(.text)
    EXTI3_IRQHandler                         0x080002af   Thumb Code     0  startup_stm32f407xx.o(.text)
    EXTI4_IRQHandler                         0x080002af   Thumb Code     0  startup_stm32f407xx.o(.text)
    EXTI9_5_IRQHandler                       0x080002af   Thumb Code     0  startup_stm32f407xx.o(.text)
    FLASH_IRQHandler                         0x080002af   Thumb Code     0  startup_stm32f407xx.o(.text)
    FMC_IRQHandler                           0x080002af   Thumb Code     0  startup_stm32f407xx.o(.text)
    FPU_IRQHandler                           0x080002af   Thumb Code     0  startup_stm32f407xx.o(.text)
    HASH_RNG_IRQHandler                      0x080002af   Thumb Code     0  startup_stm32f407xx.o(.text)
    I2C1_ER_IRQHandler                       0x080002af   Thumb Code     0  startup_stm32f407xx.o(.text)
    I2C1_EV_IRQHandler                       0x080002af   Thumb Code     0  startup_stm32f407xx.o(.text)
    I2C2_ER_IRQHandler                       0x080002af   Thumb Code     0  startup_stm32f407xx.o(.text)
    I2C2_EV_IRQHandler                       0x080002af   Thumb Code     0  startup_stm32f407xx.o(.text)
    I2C3_ER_IRQHandler                       0x080002af   Thumb Code     0  startup_stm32f407xx.o(.text)
    I2C3_EV_IRQHandler                       0x080002af   Thumb Code     0  startup_stm32f407xx.o(.text)
    OTG_FS_IRQHandler                        0x080002af   Thumb Code     0  startup_stm32f407xx.o(.text)
    OTG_FS_WKUP_IRQHandler                   0x080002af   Thumb Code     0  startup_stm32f407xx.o(.text)
    OTG_HS_EP1_IN_IRQHandler                 0x080002af   Thumb Code     0  startup_stm32f407xx.o(.text)
    OTG_HS_EP1_OUT_IRQHandler                0x080002af   Thumb Code     0  startup_stm32f407xx.o(.text)
    OTG_HS_IRQHandler                        0x080002af   Thumb Code     0  startup_stm32f407xx.o(.text)
    OTG_HS_WKUP_IRQHandler                   0x080002af   Thumb Code     0  startup_stm32f407xx.o(.text)
    PVD_IRQHandler                           0x080002af   Thumb Code     0  startup_stm32f407xx.o(.text)
    RCC_IRQHandler                           0x080002af   Thumb Code     0  startup_stm32f407xx.o(.text)
    RTC_Alarm_IRQHandler                     0x080002af   Thumb Code     0  startup_stm32f407xx.o(.text)
    RTC_WKUP_IRQHandler                      0x080002af   Thumb Code     0  startup_stm32f407xx.o(.text)
    SDIO_IRQHandler                          0x080002af   Thumb Code     0  startup_stm32f407xx.o(.text)
    SPI1_IRQHandler                          0x080002af   Thumb Code     0  startup_stm32f407xx.o(.text)
    SPI2_IRQHandler                          0x080002af   Thumb Code     0  startup_stm32f407xx.o(.text)
    SPI3_IRQHandler                          0x080002af   Thumb Code     0  startup_stm32f407xx.o(.text)
    TAMP_STAMP_IRQHandler                    0x080002af   Thumb Code     0  startup_stm32f407xx.o(.text)
    TIM1_BRK_TIM9_IRQHandler                 0x080002af   Thumb Code     0  startup_stm32f407xx.o(.text)
    TIM1_CC_IRQHandler                       0x080002af   Thumb Code     0  startup_stm32f407xx.o(.text)
    TIM1_TRG_COM_TIM11_IRQHandler            0x080002af   Thumb Code     0  startup_stm32f407xx.o(.text)
    TIM1_UP_TIM10_IRQHandler                 0x080002af   Thumb Code     0  startup_stm32f407xx.o(.text)
    TIM2_IRQHandler                          0x080002af   Thumb Code     0  startup_stm32f407xx.o(.text)
    TIM3_IRQHandler                          0x080002af   Thumb Code     0  startup_stm32f407xx.o(.text)
    TIM4_IRQHandler                          0x080002af   Thumb Code     0  startup_stm32f407xx.o(.text)
    TIM5_IRQHandler                          0x080002af   Thumb Code     0  startup_stm32f407xx.o(.text)
    TIM6_DAC_IRQHandler                      0x080002af   Thumb Code     0  startup_stm32f407xx.o(.text)
    TIM7_IRQHandler                          0x080002af   Thumb Code     0  startup_stm32f407xx.o(.text)
    TIM8_BRK_TIM12_IRQHandler                0x080002af   Thumb Code     0  startup_stm32f407xx.o(.text)
    TIM8_CC_IRQHandler                       0x080002af   Thumb Code     0  startup_stm32f407xx.o(.text)
    TIM8_TRG_COM_TIM14_IRQHandler            0x080002af   Thumb Code     0  startup_stm32f407xx.o(.text)
    TIM8_UP_TIM13_IRQHandler                 0x080002af   Thumb Code     0  startup_stm32f407xx.o(.text)
    UART4_IRQHandler                         0x080002af   Thumb Code     0  startup_stm32f407xx.o(.text)
    UART5_IRQHandler                         0x080002af   Thumb Code     0  startup_stm32f407xx.o(.text)
    USART1_IRQHandler                        0x080002af   Thumb Code     0  startup_stm32f407xx.o(.text)
    USART3_IRQHandler                        0x080002af   Thumb Code     0  startup_stm32f407xx.o(.text)
    USART6_IRQHandler                        0x080002af   Thumb Code     0  startup_stm32f407xx.o(.text)
    WWDG_IRQHandler                          0x080002af   Thumb Code     0  startup_stm32f407xx.o(.text)
    __user_initial_stackheap                 0x080002b1   Thumb Code     0  startup_stm32f407xx.o(.text)
    __use_no_semihosting                     0x080002d5   Thumb Code     2  use_no_semi_2.o(.text)
    __aeabi_uldivmod                         0x080002d7   Thumb Code     0  lludivv7m.o(.text)
    _ll_udiv                                 0x080002d7   Thumb Code   240  lludivv7m.o(.text)
    __2sprintf                               0x080003c9   Thumb Code    38  __2sprintf.o(.text)
    __2snprintf                              0x080003f5   Thumb Code    50  __2snprintf.o(.text)
    _printf_pre_padding                      0x0800042d   Thumb Code    44  _printf_pad.o(.text)
    _printf_post_padding                     0x08000459   Thumb Code    34  _printf_pad.o(.text)
    _printf_truncate_signed                  0x0800047b   Thumb Code    18  _printf_truncate.o(.text)
    _printf_truncate_unsigned                0x0800048d   Thumb Code    18  _printf_truncate.o(.text)
    _printf_str                              0x0800049f   Thumb Code    82  _printf_str.o(.text)
    _printf_int_dec                          0x080004f1   Thumb Code   104  _printf_dec.o(.text)
    _printf_wctomb                           0x08000569   Thumb Code   182  _printf_wctomb.o(.text)
    _printf_longlong_oct                     0x08000625   Thumb Code    68  _printf_oct_int_ll.o(.text)
    _printf_int_oct                          0x08000669   Thumb Code    24  _printf_oct_int_ll.o(.text)
    _printf_ll_oct                           0x08000681   Thumb Code    12  _printf_oct_int_ll.o(.text)
    _printf_longlong_hex                     0x08000695   Thumb Code    86  _printf_hex_int_ll_ptr.o(.text)
    _printf_int_hex                          0x080006eb   Thumb Code    28  _printf_hex_int_ll_ptr.o(.text)
    _printf_ll_hex                           0x08000707   Thumb Code    12  _printf_hex_int_ll_ptr.o(.text)
    _printf_hex_ptr                          0x08000713   Thumb Code    18  _printf_hex_int_ll_ptr.o(.text)
    __printf                                 0x08000729   Thumb Code   388  __printf_flags_ss_wp.o(.text)
    __0sscanf                                0x080008b1   Thumb Code    52  __0sscanf.o(.text)
    _scanf_int                               0x080008ed   Thumb Code   332  _scanf_int.o(.text)
    __aeabi_memclr4                          0x08000a39   Thumb Code     0  rt_memclr_w.o(.text)
    __aeabi_memclr8                          0x08000a39   Thumb Code     0  rt_memclr_w.o(.text)
    __rt_memclr_w                            0x08000a39   Thumb Code     0  rt_memclr_w.o(.text)
    _memset_w                                0x08000a3d   Thumb Code    74  rt_memclr_w.o(.text)
    __use_two_region_memory                  0x08000a87   Thumb Code     2  heapauxi.o(.text)
    __rt_heap_escrow$2region                 0x08000a89   Thumb Code     2  heapauxi.o(.text)
    __rt_heap_expand$2region                 0x08000a8b   Thumb Code     2  heapauxi.o(.text)
    __I$use$semihosting                      0x08000a8d   Thumb Code     0  use_no_semi.o(.text)
    __use_no_semihosting_swi                 0x08000a8d   Thumb Code     2  use_no_semi.o(.text)
    __read_errno                             0x08000a8f   Thumb Code    10  _rserrno.o(.text)
    __set_errno                              0x08000a99   Thumb Code    12  _rserrno.o(.text)
    _printf_int_common                       0x08000aa5   Thumb Code   178  _printf_intcommon.o(.text)
    _printf_fp_dec_real                      0x08000d07   Thumb Code   620  _printf_fp_dec.o(.text)
    _printf_fp_hex_real                      0x08000f75   Thumb Code   756  _printf_fp_hex.o(.text)
    _printf_char_common                      0x0800127b   Thumb Code    32  _printf_char_common.o(.text)
    _sputc                                   0x080012a1   Thumb Code    10  _sputc.o(.text)
    _snputc                                  0x080012ab   Thumb Code    16  _snputc.o(.text)
    _printf_cs_common                        0x080012bb   Thumb Code    20  _printf_char.o(.text)
    _printf_char                             0x080012cf   Thumb Code    16  _printf_char.o(.text)
    _printf_string                           0x080012df   Thumb Code     8  _printf_char.o(.text)
    _printf_lcs_common                       0x080012e7   Thumb Code    20  _printf_wchar.o(.text)
    _printf_wchar                            0x080012fb   Thumb Code    16  _printf_wchar.o(.text)
    _printf_wstring                          0x0800130b   Thumb Code     8  _printf_wchar.o(.text)
    _chval                                   0x08001313   Thumb Code    28  _chval.o(.text)
    _scanf_really_real                       0x0800157d   Thumb Code   684  scanf_fp.o(.text)
    __vfscanf_char                           0x08001835   Thumb Code    24  scanf_char.o(.text)
    _sgetc                                   0x08001855   Thumb Code    30  _sgetc.o(.text)
    _sbackspace                              0x08001873   Thumb Code    34  _sgetc.o(.text)
    _c16rtomb                                0x08001895   Thumb Code    72  _c16rtomb.o(.text)
    _wcrtomb                                 0x08001895   Thumb Code     0  _c16rtomb.o(.text)
    __rt_ctype_table                         0x080018dd   Thumb Code    16  rt_ctype_table.o(.text)
    __rt_locale                              0x080018ed   Thumb Code     8  rt_locale_intlibspace.o(.text)
    __aeabi_errno_addr                       0x080018f5   Thumb Code     8  rt_errno_addr_intlibspace.o(.text)
    __errno$intlibspace                      0x080018f5   Thumb Code     0  rt_errno_addr_intlibspace.o(.text)
    __rt_errno_addr$intlibspace              0x080018f5   Thumb Code     0  rt_errno_addr_intlibspace.o(.text)
    __aeabi_llsl                             0x080018fd   Thumb Code     0  llshl.o(.text)
    _ll_shift_l                              0x080018fd   Thumb Code    38  llshl.o(.text)
    _ll_udiv10                               0x08001923   Thumb Code   138  lludiv10.o(.text)
    isspace                                  0x080019ad   Thumb Code    18  isspace.o(.text)
    _printf_fp_infnan                        0x080019c1   Thumb Code   112  _printf_fp_infnan.o(.text)
    __vfscanf                                0x08001a41   Thumb Code   878  _scanf.o(.text)
    _btod_etento                             0x08001db5   Thumb Code   224  bigflt0.o(.text)
    __user_libspace                          0x08001e99   Thumb Code     8  libspace.o(.text)
    __user_perproc_libspace                  0x08001e99   Thumb Code     0  libspace.o(.text)
    __user_perthread_libspace                0x08001e99   Thumb Code     0  libspace.o(.text)
    __user_setup_stackheap                   0x08001ea1   Thumb Code    74  sys_stackheap_outer.o(.text)
    _scanf_really_hex_real                   0x08001eed   Thumb Code   786  scanf_hexfp.o(.text)
    _scanf_really_infnan                     0x0800220d   Thumb Code   292  scanf_infnan.o(.text)
    exit                                     0x08002341   Thumb Code    18  exit.o(.text)
    strcmp                                   0x08002359   Thumb Code   124  strcmpv7em.o(.text)
    BusFault_Handler                         0x080023d5   Thumb Code     2  stm32f4xx_it.o(.text.BusFault_Handler)
    DebugMon_Handler                         0x080023d9   Thumb Code     2  stm32f4xx_it.o(.text.DebugMon_Handler)
    EKF_EstimateSOC                          0x080023dd   Thumb Code   508  ekf.o(.text.EKF_EstimateSOC)
    EKF_Init                                 0x080025d9   Thumb Code   156  ekf.o(.text.EKF_Init)
    Error_Handler                            0x08002675   Thumb Code    10  main.o(.text.Error_Handler)
    HAL_Delay                                0x08002681   Thumb Code    40  stm32f4xx_hal.o(.text.HAL_Delay)
    HAL_GPIO_Init                            0x080026a9   Thumb Code   410  stm32f4xx_hal_gpio.o(.text.HAL_GPIO_Init)
    HAL_GPIO_WritePin                        0x08002845   Thumb Code    10  stm32f4xx_hal_gpio.o(.text.HAL_GPIO_WritePin)
    HAL_GetTick                              0x08002851   Thumb Code    12  stm32f4xx_hal.o(.text.HAL_GetTick)
    HAL_IncTick                              0x0800285d   Thumb Code    26  stm32f4xx_hal.o(.text.HAL_IncTick)
    HAL_Init                                 0x08002879   Thumb Code    54  stm32f4xx_hal.o(.text.HAL_Init)
    HAL_InitTick                             0x080028b1   Thumb Code    80  stm32f4xx_hal.o(.text.HAL_InitTick)
    HAL_MspInit                              0x08002901   Thumb Code    56  stm32f4xx_hal_msp.o(.text.HAL_MspInit)
    HAL_NVIC_EnableIRQ                       0x08002939   Thumb Code     8  stm32f4xx_hal_cortex.o(.text.HAL_NVIC_EnableIRQ)
    HAL_NVIC_SetPriority                     0x08002941   Thumb Code    30  stm32f4xx_hal_cortex.o(.text.HAL_NVIC_SetPriority)
    HAL_NVIC_SetPriorityGrouping             0x08002961   Thumb Code     8  stm32f4xx_hal_cortex.o(.text.HAL_NVIC_SetPriorityGrouping)
    HAL_RCC_ClockConfig                      0x08002969   Thumb Code   352  stm32f4xx_hal_rcc.o(.text.HAL_RCC_ClockConfig)
    HAL_RCC_GetHCLKFreq                      0x08002ac9   Thumb Code    12  stm32f4xx_hal_rcc.o(.text.HAL_RCC_GetHCLKFreq)
    HAL_RCC_GetPCLK1Freq                     0x08002ad5   Thumb Code    34  stm32f4xx_hal_rcc.o(.text.HAL_RCC_GetPCLK1Freq)
    HAL_RCC_GetPCLK2Freq                     0x08002af9   Thumb Code    34  stm32f4xx_hal_rcc.o(.text.HAL_RCC_GetPCLK2Freq)
    HAL_RCC_GetSysClockFreq                  0x08002b1d   Thumb Code   106  stm32f4xx_hal_rcc.o(.text.HAL_RCC_GetSysClockFreq)
    HAL_RCC_OscConfig                        0x08002b89   Thumb Code   840  stm32f4xx_hal_rcc.o(.text.HAL_RCC_OscConfig)
    HAL_SPI_Init                             0x08002ed1   Thumb Code   180  stm32f4xx_hal_spi.o(.text.HAL_SPI_Init)
    HAL_SPI_MspInit                          0x08002f85   Thumb Code   318  lcd_spi_200.o(.text.HAL_SPI_MspInit)
    HAL_SYSTICK_Config                       0x080030c5   Thumb Code     8  stm32f4xx_hal_cortex.o(.text.HAL_SYSTICK_Config)
    HAL_UART_Init                            0x080030cd   Thumb Code    94  stm32f4xx_hal_uart.o(.text.HAL_UART_Init)
    HAL_UART_MspInit                         0x0800312d   Thumb Code   306  usart.o(.text.HAL_UART_MspInit)
    HAL_UART_Receive                         0x08003261   Thumb Code   220  stm32f4xx_hal_uart.o(.text.HAL_UART_Receive)
    HAL_UART_Transmit                        0x0800333d   Thumb Code   204  stm32f4xx_hal_uart.o(.text.HAL_UART_Transmit)
    HardFault_Handler                        0x08003409   Thumb Code     2  stm32f4xx_it.o(.text.HardFault_Handler)
    LCD_Clear                                0x0800340d   Thumb Code   158  lcd_spi_200.o(.text.LCD_Clear)
    LCD_DisplayChar                          0x080034ad   Thumb Code   234  lcd_spi_200.o(.text.LCD_DisplayChar)
    LCD_DisplayChinese                       0x08003599   Thumb Code   256  lcd_spi_200.o(.text.LCD_DisplayChinese)
    LCD_DisplayDecimals                      0x08003699   Thumb Code    56  lcd_spi_200.o(.text.LCD_DisplayDecimals)
    LCD_DisplayNumber                        0x080036e1   Thumb Code    60  lcd_spi_200.o(.text.LCD_DisplayNumber)
    LCD_DisplayString                        0x08003729   Thumb Code    72  lcd_spi_200.o(.text.LCD_DisplayString)
    LCD_DisplayText                          0x08003771   Thumb Code    92  lcd_spi_200.o(.text.LCD_DisplayText)
    LCD_SetAddress                           0x080037cd   Thumb Code   128  lcd_spi_200.o(.text.LCD_SetAddress)
    LCD_SetAsciiFont                         0x0800384d   Thumb Code    12  lcd_spi_200.o(.text.LCD_SetAsciiFont)
    LCD_SetBackColor                         0x08003859   Thumb Code    36  lcd_spi_200.o(.text.LCD_SetBackColor)
    LCD_SetColor                             0x0800387d   Thumb Code    36  lcd_spi_200.o(.text.LCD_SetColor)
    LCD_SetDirection                         0x080038a1   Thumb Code   126  lcd_spi_200.o(.text.LCD_SetDirection)
    LCD_ShowNumMode                          0x08003921   Thumb Code    12  lcd_spi_200.o(.text.LCD_ShowNumMode)
    LCD_WriteBuff                            0x0800392d   Thumb Code   132  lcd_spi_200.o(.text.LCD_WriteBuff)
    LCD_WriteCommand                         0x080039b1   Thumb Code    76  lcd_spi_200.o(.text.LCD_WriteCommand)
    LCD_WriteData_16bit                      0x080039fd   Thumb Code    32  lcd_spi_200.o(.text.LCD_WriteData_16bit)
    LCD_WriteData_8bit                       0x08003a1d   Thumb Code    20  lcd_spi_200.o(.text.LCD_WriteData_8bit)
    LED_Init                                 0x08003a31   Thumb Code    90  led.o(.text.LED_Init)
    MX_SPI3_Init                             0x08003a8d   Thumb Code    78  lcd_spi_200.o(.text.MX_SPI3_Init)
    MemManage_Handler                        0x08003add   Thumb Code     2  stm32f4xx_it.o(.text.MemManage_Handler)
    NMI_Handler                              0x08003ae1   Thumb Code     2  stm32f4xx_it.o(.text.NMI_Handler)
    PendSV_Handler                           0x08003b11   Thumb Code     2  stm32f4xx_it.o(.text.PendSV_Handler)
    SPI_LCD_Init                             0x08003b15   Thumb Code   474  lcd_spi_200.o(.text.SPI_LCD_Init)
    SVC_Handler                              0x08003cf1   Thumb Code     2  stm32f4xx_it.o(.text.SVC_Handler)
    SysTick_Handler                          0x08003d25   Thumb Code     8  stm32f4xx_it.o(.text.SysTick_Handler)
    SystemClock_Config                       0x08003d2d   Thumb Code   166  main.o(.text.SystemClock_Config)
    SystemInit                               0x08003dd5   Thumb Code    18  system_stm32f4xx.o(.text.SystemInit)
    USART1_Init                              0x08003f41   Thumb Code    48  usart.o(.text.USART1_Init)
    USART2_IRQHandler                        0x08003f71   Thumb Code   142  usart.o(.text.USART2_IRQHandler)
    USART2_Init                              0x08004001   Thumb Code    66  usart.o(.text.USART2_Init)
    UsageFault_Handler                       0x08004045   Thumb Code     2  stm32f4xx_it.o(.text.UsageFault_Handler)
    _sys_exit                                0x080040bd   Thumb Code     2  usart.o(.text._sys_exit)
    arm_dot_prod_f32                         0x080040c1   Thumb Code    56  basicmathfunctions.o(.text.arm_dot_prod_f32)
    arm_mat_init_f32                         0x080040f9   Thumb Code     8  matrixfunctions.o(.text.arm_mat_init_f32)
    arm_mat_mult_f32                         0x08004101   Thumb Code   176  matrixfunctions.o(.text.arm_mat_mult_f32)
    arm_mat_sub_f32                          0x080041b1   Thumb Code    94  matrixfunctions.o(.text.arm_mat_sub_f32)
    arm_mat_trans_f32                        0x08004211   Thumb Code    78  matrixfunctions.o(.text.arm_mat_trans_f32)
    arm_scale_f32                            0x08004261   Thumb Code    34  basicmathfunctions.o(.text.arm_scale_f32)
    display_value                            0x08004381   Thumb Code   600  main.o(.text.display_value)
    get_soc                                  0x080045f9   Thumb Code   280  main.o(.text.get_soc)
    main                                     0x08004711   Thumb Code   148  main.o(.text.main)
    parse_battery_data                       0x080047a5   Thumb Code   400  main.o(.text.parse_battery_data)
    send_info                                0x08004935   Thumb Code   476  main.o(.text.send_info)
    _btod_d2e                                0x08004b11   Thumb Code    62  btod.o(CL$$btod_d2e)
    _d2e_denorm_low                          0x08004b4f   Thumb Code    70  btod.o(CL$$btod_d2e_denorm_low)
    _d2e_norm_op1                            0x08004b95   Thumb Code    96  btod.o(CL$$btod_d2e_norm_op1)
    __btod_div_common                        0x08004bf5   Thumb Code   696  btod.o(CL$$btod_div_common)
    _e2d                                     0x08004f2d   Thumb Code   122  btod.o(CL$$btod_e2d)
    _e2e                                     0x08004fb1   Thumb Code   220  btod.o(CL$$btod_e2e)
    _btod_ediv                               0x0800508d   Thumb Code    42  btod.o(CL$$btod_ediv)
    _btod_edivd                              0x080050b7   Thumb Code    42  btod.o(CL$$btod_edivd)
    _btod_emul                               0x080050e1   Thumb Code    42  btod.o(CL$$btod_emul)
    _btod_emuld                              0x0800510b   Thumb Code    42  btod.o(CL$$btod_emuld)
    __btod_mult_common                       0x08005135   Thumb Code   580  btod.o(CL$$btod_mult_common)
    __ARM_fpclassify                         0x08005379   Thumb Code    48  fpclassify.o(i.__ARM_fpclassify)
    __ARM_fpclassifyf                        0x080053a9   Thumb Code    38  fpclassifyf.o(i.__ARM_fpclassifyf)
    __hardfp___mathlib_tofloat               0x080053d1   Thumb Code   232  narrow.o(i.__hardfp___mathlib_tofloat)
    __hardfp_expf                            0x080054c9   Thumb Code   430  expf.o(i.__hardfp_expf)
    __mathlib_expf                           0x080054c9   Thumb Code     0  expf.o(i.__hardfp_expf)
    __hardfp_ldexp                           0x080056b9   Thumb Code   200  ldexp.o(i.__hardfp_ldexp)
    __hardfp_powf                            0x08005789   Thumb Code  1606  powf.o(i.__hardfp_powf)
    __mathlib_powf                           0x08005789   Thumb Code     0  powf.o(i.__hardfp_powf)
    __mathlib_dbl_overflow                   0x08005df1   Thumb Code    24  dunder.o(i.__mathlib_dbl_overflow)
    __mathlib_dbl_underflow                  0x08005e11   Thumb Code    24  dunder.o(i.__mathlib_dbl_underflow)
    __mathlib_flt_divzero                    0x08005e31   Thumb Code    14  funder.o(i.__mathlib_flt_divzero)
    __mathlib_flt_infnan                     0x08005e45   Thumb Code     6  funder.o(i.__mathlib_flt_infnan)
    __mathlib_flt_infnan2                    0x08005e4b   Thumb Code     6  funder.o(i.__mathlib_flt_infnan2)
    __mathlib_flt_invalid                    0x08005e51   Thumb Code    10  funder.o(i.__mathlib_flt_invalid)
    __mathlib_flt_overflow                   0x08005e61   Thumb Code    10  funder.o(i.__mathlib_flt_overflow)
    __mathlib_flt_underflow                  0x08005e71   Thumb Code    10  funder.o(i.__mathlib_flt_underflow)
    __mathlib_narrow                         0x08005e81   Thumb Code    18  narrow.o(i.__mathlib_narrow)
    __support_ldexp                          0x08005e93   Thumb Code    20  ldexp.o(i.__support_ldexp)
    _is_digit                                0x08005ea7   Thumb Code    14  __printf_wp.o(i._is_digit)
    frexp                                    0x08005eb9   Thumb Code   118  frexp.o(i.frexp)
    _get_lc_numeric                          0x08005f45   Thumb Code    44  lc_numeric_c.o(locale$$code)
    _get_lc_ctype                            0x08005f71   Thumb Code    44  lc_ctype_c.o(locale$$code)
    __aeabi_d2f                              0x08005f9d   Thumb Code     0  d2f.o(x$fpl$d2f)
    _d2f                                     0x08005f9d   Thumb Code    98  d2f.o(x$fpl$d2f)
    __fpl_dcheck_NaN1                        0x08006001   Thumb Code    10  dcheck1.o(x$fpl$dcheck1)
    __fpl_dcmp_Inf                           0x08006011   Thumb Code    24  dcmpi.o(x$fpl$dcmpinf)
    __aeabi_cdcmpeq                          0x08006029   Thumb Code     0  deqf.o(x$fpl$deqf)
    _dcmpeq                                  0x08006029   Thumb Code   120  deqf.o(x$fpl$deqf)
    __aeabi_cdcmple                          0x080060a1   Thumb Code     0  dleqf.o(x$fpl$dleqf)
    _dcmple                                  0x080060a1   Thumb Code   120  dleqf.o(x$fpl$dleqf)
    __fpl_dcmple_InfNaN                      0x08006103   Thumb Code     0  dleqf.o(x$fpl$dleqf)
    __aeabi_dmul                             0x08006119   Thumb Code     0  dmul.o(x$fpl$dmul)
    _dmul                                    0x08006119   Thumb Code   332  dmul.o(x$fpl$dmul)
    __fpl_dnaninf                            0x0800626d   Thumb Code   156  dnaninf.o(x$fpl$dnaninf)
    __fpl_dretinf                            0x08006309   Thumb Code    12  dretinf.o(x$fpl$dretinf)
    __aeabi_cdrcmple                         0x08006315   Thumb Code     0  drleqf.o(x$fpl$drleqf)
    _drcmple                                 0x08006315   Thumb Code   108  drleqf.o(x$fpl$drleqf)
    __aeabi_f2d                              0x08006381   Thumb Code     0  f2d.o(x$fpl$f2d)
    _f2d                                     0x08006381   Thumb Code    86  f2d.o(x$fpl$f2d)
    __fpl_fnaninf                            0x080063d7   Thumb Code   140  fnaninf.o(x$fpl$fnaninf)
    _fp_init                                 0x08006463   Thumb Code    26  fpinit.o(x$fpl$fpinit)
    __fplib_config_fpu_vfp                   0x0800647b   Thumb Code     0  fpinit.o(x$fpl$fpinit)
    __fplib_config_pureend_doubles           0x0800647b   Thumb Code     0  fpinit.o(x$fpl$fpinit)
    __fpl_fretinf                            0x0800647d   Thumb Code    10  fretinf.o(x$fpl$fretinf)
    __ieee_status                            0x08006487   Thumb Code     6  istatus.o(x$fpl$ieeestatus)
    _printf_fp_dec                           0x0800648d   Thumb Code     4  printf1.o(x$fpl$printf1)
    _printf_fp_hex                           0x08006491   Thumb Code     4  printf2.o(x$fpl$printf2)
    __fpl_return_NaN                         0x08006495   Thumb Code   100  retnan.o(x$fpl$retnan)
    __ARM_scalbn                             0x080064f9   Thumb Code    92  scalbn.o(x$fpl$scalbn)
    _scanf_real                              0x08006555   Thumb Code     4  scanf1.o(x$fpl$scanf1)
    _scanf_hex_real                          0x08006559   Thumb Code     4  scanf2.o(x$fpl$scanf2)
    _scanf_infnan                            0x0800655d   Thumb Code     4  scanf2.o(x$fpl$scanf2)
    __fpl_cmpreturn                          0x08006561   Thumb Code    48  trapv.o(x$fpl$trapveneer)
    __I$use$fp                               0x08006590   Number         0  usenofp.o(x$fpl$usenofp)
    AHBPrescTable                            0x08006800   Data          16  system_stm32f4xx.o(.rodata.AHBPrescTable)
    APBPrescTable                            0x08006810   Data           8  system_stm32f4xx.o(.rodata.APBPrescTable)
    ASCII_1608_Table                         0x08006818   Data        1520  lcd_fonts.o(.rodata.ASCII_1608_Table)
    ASCII_2010_Table                         0x08006e08   Data        3800  lcd_fonts.o(.rodata.ASCII_2010_Table)
    ASCII_2412_Table                         0x08007ce0   Data        4560  lcd_fonts.o(.rodata.ASCII_2412_Table)
    Region$$Table$$Base                      0x08008efc   Number         0  anon$$obj.o(Region$$Table)
    Region$$Table$$Limit                     0x08008f1c   Number         0  anon$$obj.o(Region$$Table)
    __aeabi_HUGE_VAL                         0x08008f1c   Data           0  fpconst.o(c$$dinf)
    __aeabi_HUGE_VALL                        0x08008f1c   Data           0  fpconst.o(c$$dinf)
    __aeabi_INFINITY                         0x08008f1c   Data           0  fpconst.o(c$$dinf)
    __dInf                                   0x08008f1c   Data           0  fpconst.o(c$$dinf)
    __huge_val                               0x08008f1c   Data           0  fpconst.o(c$$dinf)
    __dbl_max                                0x08008f24   Data           0  fpconst.o(c$$dmax)
    __ctype                                  0x08008f55   Data           0  lc_ctype_c.o(locale$$data)
    ASCII_Font16                             0x20000000   Data          12  lcd_fonts.o(.data.ASCII_Font16)
    ASCII_Font20                             0x2000000c   Data          12  lcd_fonts.o(.data.ASCII_Font20)
    ASCII_Font24                             0x20000018   Data          12  lcd_fonts.o(.data.ASCII_Font24)
    SystemCoreClock                          0x20000034   Data           4  system_stm32f4xx.o(.data.SystemCoreClock)
    uwTickFreq                               0x20000038   Data           1  stm32f4xx_hal.o(.data.uwTickFreq)
    uwTickPrio                               0x2000003c   Data           4  stm32f4xx_hal.o(.data.uwTickPrio)
    __libspace_start                         0x20000040   Data          96  libspace.o(.bss)
    __temporary_stack_top$libspace           0x200000a0   Data           0  libspace.o(.bss)
    CHG_STA                                  0x200000b0   Data           1  main.o(.bss.CHG_STA)
    DSG_STA                                  0x200000bc   Data           1  main.o(.bss.DSG_STA)
    LCD                                      0x200000c8   Data          16  lcd_spi_200.o(.bss.LCD)
    LCD_Buff                                 0x200000dc   Data        2048  lcd_spi_200.o(.bss.LCD_Buff)
    OV_FLAG                                  0x200008e0   Data           1  main.o(.bss.OV_FLAG)
    UV_FLAG                                  0x200008f4   Data           1  main.o(.bss.UV_FLAG)
    c1_soc                                   0x200008f8   Data           4  main.o(.bss.c1_soc)
    c1_voltage                               0x200008fc   Data           4  main.o(.bss.c1_voltage)
    c2_soc                                   0x20000900   Data           4  main.o(.bss.c2_soc)
    c2_voltage                               0x20000904   Data           4  main.o(.bss.c2_voltage)
    c3_soc                                   0x20000908   Data           4  main.o(.bss.c3_soc)
    c3_voltage                               0x2000090c   Data           4  main.o(.bss.c3_voltage)
    c4_soc                                   0x20000910   Data           4  main.o(.bss.c4_soc)
    c4_voltage                               0x20000914   Data           4  main.o(.bss.c4_voltage)
    c5_soc                                   0x20000918   Data           4  main.o(.bss.c5_soc)
    c5_voltage                               0x2000091c   Data           4  main.o(.bss.c5_voltage)
    c6_soc                                   0x20000920   Data           4  main.o(.bss.c6_soc)
    c6_voltage                               0x20000924   Data           4  main.o(.bss.c6_voltage)
    cmd                                      0x20000928   Data          10  main.o(.bss.cmd)
    current                                  0x20000934   Data           4  main.o(.bss.current)
    ekf                                      0x20000938   Data          64  main.o(.bss.ekf)
    hspi3                                    0x20000978   Data          88  lcd_spi_200.o(.bss.hspi3)
    huart1                                   0x200009d0   Data          68  usart.o(.bss.huart1)
    huart2                                   0x20000a14   Data          68  usart.o(.bss.huart2)
    rxBuffer                                 0x20000a58   Data         128  usart.o(.bss.rxBuffer)
    rxComplete                               0x20000ad8   Data           1  usart.o(.bss.rxComplete)
    rxIndex                                  0x20000ada   Data           2  usart.o(.bss.rxIndex)
    temp1                                    0x20000adc   Data           4  main.o(.bss.temp1)
    temp2                                    0x20000ae0   Data           4  main.o(.bss.temp2)
    uwTick                                   0x20000afc   Data           4  stm32f4xx_hal.o(.bss.uwTick)



==============================================================================

Memory Map of the image

  Image Entry point : 0x08000189

  Load Region LR_IROM1 (Base: 0x08000000, Size: 0x00009098, Max: 0x00100000, ABSOLUTE)

    Execution Region ER_IROM1 (Exec base: 0x08000000, Load base: 0x08000000, Size: 0x00009058, Max: 0x00100000, ABSOLUTE)

    Exec Addr    Load Addr    Size         Type   Attr      Idx    E Section Name        Object

    0x08000000   0x08000000   0x00000188   Data   RO            3    RESET               startup_stm32f407xx.o
    0x08000188   0x08000188   0x00000008   Code   RO         2663  * !!!main             c_w.l(__main.o)
    0x08000190   0x08000190   0x00000034   Code   RO         3149    !!!scatter          c_w.l(__scatter.o)
    0x080001c4   0x080001c4   0x0000001a   Code   RO         3151    !!handler_copy      c_w.l(__scatter_copy.o)
    0x080001de   0x080001de   0x00000002   PAD
    0x080001e0   0x080001e0   0x0000001c   Code   RO         3153    !!handler_zi        c_w.l(__scatter_zi.o)
    0x080001fc   0x080001fc   0x00000000   Code   RO         2643    .ARM.Collect$$_printf_percent$$00000000  c_w.l(_printf_percent.o)
    0x080001fc   0x080001fc   0x00000006   Code   RO         2639    .ARM.Collect$$_printf_percent$$00000003  c_w.l(_printf_f.o)
    0x08000202   0x08000202   0x00000006   Code   RO         2640    .ARM.Collect$$_printf_percent$$00000004  c_w.l(_printf_e.o)
    0x08000208   0x08000208   0x00000006   Code   RO         2641    .ARM.Collect$$_printf_percent$$00000005  c_w.l(_printf_g.o)
    0x0800020e   0x0800020e   0x00000006   Code   RO         2642    .ARM.Collect$$_printf_percent$$00000006  c_w.l(_printf_a.o)
    0x08000214   0x08000214   0x00000006   Code   RO         2636    .ARM.Collect$$_printf_percent$$00000008  c_w.l(_printf_i.o)
    0x0800021a   0x0800021a   0x00000006   Code   RO         2637    .ARM.Collect$$_printf_percent$$00000009  c_w.l(_printf_d.o)
    0x08000220   0x08000220   0x00000006   Code   RO         2638    .ARM.Collect$$_printf_percent$$0000000A  c_w.l(_printf_u.o)
    0x08000226   0x08000226   0x00000006   Code   RO         2635    .ARM.Collect$$_printf_percent$$0000000B  c_w.l(_printf_o.o)
    0x0800022c   0x0800022c   0x00000006   Code   RO         2634    .ARM.Collect$$_printf_percent$$0000000C  c_w.l(_printf_x.o)
    0x08000232   0x08000232   0x0000000a   Code   RO         2793    .ARM.Collect$$_printf_percent$$00000012  c_w.l(_printf_l.o)
    0x0800023c   0x0800023c   0x00000006   Code   RO         2633    .ARM.Collect$$_printf_percent$$00000013  c_w.l(_printf_c.o)
    0x08000242   0x08000242   0x00000006   Code   RO         2644    .ARM.Collect$$_printf_percent$$00000015  c_w.l(_printf_lc.o)
    0x08000248   0x08000248   0x00000004   Code   RO         2788    .ARM.Collect$$_printf_percent$$00000017  c_w.l(_printf_percent_end.o)
    0x0800024c   0x0800024c   0x00000002   Code   RO         3000    .ARM.Collect$$libinit$$00000000  c_w.l(libinit.o)
    0x0800024e   0x0800024e   0x00000004   Code   RO         3001    .ARM.Collect$$libinit$$00000001  c_w.l(libinit2.o)
    0x08000252   0x08000252   0x00000000   Code   RO         3004    .ARM.Collect$$libinit$$00000004  c_w.l(libinit2.o)
    0x08000252   0x08000252   0x00000000   Code   RO         3007    .ARM.Collect$$libinit$$0000000A  c_w.l(libinit2.o)
    0x08000252   0x08000252   0x00000000   Code   RO         3009    .ARM.Collect$$libinit$$0000000C  c_w.l(libinit2.o)
    0x08000252   0x08000252   0x00000000   Code   RO         3011    .ARM.Collect$$libinit$$0000000E  c_w.l(libinit2.o)
    0x08000252   0x08000252   0x00000006   Code   RO         3012    .ARM.Collect$$libinit$$0000000F  c_w.l(libinit2.o)
    0x08000258   0x08000258   0x00000000   Code   RO         3014    .ARM.Collect$$libinit$$00000011  c_w.l(libinit2.o)
    0x08000258   0x08000258   0x0000000c   Code   RO         3015    .ARM.Collect$$libinit$$00000012  c_w.l(libinit2.o)
    0x08000264   0x08000264   0x00000000   Code   RO         3016    .ARM.Collect$$libinit$$00000013  c_w.l(libinit2.o)
    0x08000264   0x08000264   0x00000000   Code   RO         3018    .ARM.Collect$$libinit$$00000015  c_w.l(libinit2.o)
    0x08000264   0x08000264   0x0000000a   Code   RO         3019    .ARM.Collect$$libinit$$00000016  c_w.l(libinit2.o)
    0x0800026e   0x0800026e   0x00000000   Code   RO         3020    .ARM.Collect$$libinit$$00000017  c_w.l(libinit2.o)
    0x0800026e   0x0800026e   0x00000000   Code   RO         3022    .ARM.Collect$$libinit$$00000019  c_w.l(libinit2.o)
    0x0800026e   0x0800026e   0x00000000   Code   RO         3024    .ARM.Collect$$libinit$$0000001B  c_w.l(libinit2.o)
    0x0800026e   0x0800026e   0x00000000   Code   RO         3026    .ARM.Collect$$libinit$$0000001D  c_w.l(libinit2.o)
    0x0800026e   0x0800026e   0x00000000   Code   RO         3028    .ARM.Collect$$libinit$$0000001F  c_w.l(libinit2.o)
    0x0800026e   0x0800026e   0x00000000   Code   RO         3030    .ARM.Collect$$libinit$$00000021  c_w.l(libinit2.o)
    0x0800026e   0x0800026e   0x00000000   Code   RO         3032    .ARM.Collect$$libinit$$00000023  c_w.l(libinit2.o)
    0x0800026e   0x0800026e   0x00000000   Code   RO         3034    .ARM.Collect$$libinit$$00000025  c_w.l(libinit2.o)
    0x0800026e   0x0800026e   0x00000000   Code   RO         3038    .ARM.Collect$$libinit$$0000002C  c_w.l(libinit2.o)
    0x0800026e   0x0800026e   0x00000000   Code   RO         3040    .ARM.Collect$$libinit$$0000002E  c_w.l(libinit2.o)
    0x0800026e   0x0800026e   0x00000000   Code   RO         3042    .ARM.Collect$$libinit$$00000030  c_w.l(libinit2.o)
    0x0800026e   0x0800026e   0x00000000   Code   RO         3044    .ARM.Collect$$libinit$$00000032  c_w.l(libinit2.o)
    0x0800026e   0x0800026e   0x00000002   Code   RO         3045    .ARM.Collect$$libinit$$00000033  c_w.l(libinit2.o)
    0x08000270   0x08000270   0x00000002   Code   RO         3107    .ARM.Collect$$libshutdown$$00000000  c_w.l(libshutdown.o)
    0x08000272   0x08000272   0x00000000   Code   RO         3128    .ARM.Collect$$libshutdown$$00000002  c_w.l(libshutdown2.o)
    0x08000272   0x08000272   0x00000000   Code   RO         3130    .ARM.Collect$$libshutdown$$00000004  c_w.l(libshutdown2.o)
    0x08000272   0x08000272   0x00000000   Code   RO         3133    .ARM.Collect$$libshutdown$$00000007  c_w.l(libshutdown2.o)
    0x08000272   0x08000272   0x00000000   Code   RO         3136    .ARM.Collect$$libshutdown$$0000000A  c_w.l(libshutdown2.o)
    0x08000272   0x08000272   0x00000000   Code   RO         3138    .ARM.Collect$$libshutdown$$0000000C  c_w.l(libshutdown2.o)
    0x08000272   0x08000272   0x00000000   Code   RO         3141    .ARM.Collect$$libshutdown$$0000000F  c_w.l(libshutdown2.o)
    0x08000272   0x08000272   0x00000002   Code   RO         3142    .ARM.Collect$$libshutdown$$00000010  c_w.l(libshutdown2.o)
    0x08000274   0x08000274   0x00000000   Code   RO         2755    .ARM.Collect$$rtentry$$00000000  c_w.l(__rtentry.o)
    0x08000274   0x08000274   0x00000000   Code   RO         2874    .ARM.Collect$$rtentry$$00000002  c_w.l(__rtentry2.o)
    0x08000274   0x08000274   0x00000006   Code   RO         2886    .ARM.Collect$$rtentry$$00000004  c_w.l(__rtentry4.o)
    0x0800027a   0x0800027a   0x00000000   Code   RO         2876    .ARM.Collect$$rtentry$$00000009  c_w.l(__rtentry2.o)
    0x0800027a   0x0800027a   0x00000004   Code   RO         2877    .ARM.Collect$$rtentry$$0000000A  c_w.l(__rtentry2.o)
    0x0800027e   0x0800027e   0x00000000   Code   RO         2879    .ARM.Collect$$rtentry$$0000000C  c_w.l(__rtentry2.o)
    0x0800027e   0x0800027e   0x00000008   Code   RO         2880    .ARM.Collect$$rtentry$$0000000D  c_w.l(__rtentry2.o)
    0x08000286   0x08000286   0x00000002   Code   RO         3054    .ARM.Collect$$rtexit$$00000000  c_w.l(rtexit.o)
    0x08000288   0x08000288   0x00000000   Code   RO         3077    .ARM.Collect$$rtexit$$00000002  c_w.l(rtexit2.o)
    0x08000288   0x08000288   0x00000004   Code   RO         3078    .ARM.Collect$$rtexit$$00000003  c_w.l(rtexit2.o)
    0x0800028c   0x0800028c   0x00000006   Code   RO         3079    .ARM.Collect$$rtexit$$00000004  c_w.l(rtexit2.o)
    0x08000292   0x08000292   0x00000002   PAD
    0x08000294   0x08000294   0x00000040   Code   RO            4    .text               startup_stm32f407xx.o
    0x080002d4   0x080002d4   0x00000002   Code   RO         2557    .text               c_w.l(use_no_semi_2.o)
    0x080002d6   0x080002d6   0x000000f0   Code   RO         2559    .text               c_w.l(lludivv7m.o)
    0x080003c6   0x080003c6   0x00000002   PAD
    0x080003c8   0x080003c8   0x0000002c   Code   RO         2565    .text               c_w.l(__2sprintf.o)
    0x080003f4   0x080003f4   0x00000038   Code   RO         2567    .text               c_w.l(__2snprintf.o)
    0x0800042c   0x0800042c   0x0000004e   Code   RO         2575    .text               c_w.l(_printf_pad.o)
    0x0800047a   0x0800047a   0x00000024   Code   RO         2577    .text               c_w.l(_printf_truncate.o)
    0x0800049e   0x0800049e   0x00000052   Code   RO         2579    .text               c_w.l(_printf_str.o)
    0x080004f0   0x080004f0   0x00000078   Code   RO         2581    .text               c_w.l(_printf_dec.o)
    0x08000568   0x08000568   0x000000bc   Code   RO         2583    .text               c_w.l(_printf_wctomb.o)
    0x08000624   0x08000624   0x00000070   Code   RO         2590    .text               c_w.l(_printf_oct_int_ll.o)
    0x08000694   0x08000694   0x00000094   Code   RO         2610    .text               c_w.l(_printf_hex_int_ll_ptr.o)
    0x08000728   0x08000728   0x00000188   Code   RO         2630    .text               c_w.l(__printf_flags_ss_wp.o)
    0x080008b0   0x080008b0   0x0000003c   Code   RO         2647    .text               c_w.l(__0sscanf.o)
    0x080008ec   0x080008ec   0x0000014c   Code   RO         2649    .text               c_w.l(_scanf_int.o)
    0x08000a38   0x08000a38   0x0000004e   Code   RO         2659    .text               c_w.l(rt_memclr_w.o)
    0x08000a86   0x08000a86   0x00000006   Code   RO         2661    .text               c_w.l(heapauxi.o)
    0x08000a8c   0x08000a8c   0x00000002   Code   RO         2753    .text               c_w.l(use_no_semi.o)
    0x08000a8e   0x08000a8e   0x00000016   Code   RO         2760    .text               c_w.l(_rserrno.o)
    0x08000aa4   0x08000aa4   0x000000b2   Code   RO         2762    .text               c_w.l(_printf_intcommon.o)
    0x08000b56   0x08000b56   0x0000041c   Code   RO         2766    .text               c_w.l(_printf_fp_dec.o)
    0x08000f72   0x08000f72   0x00000002   PAD
    0x08000f74   0x08000f74   0x000002fc   Code   RO         2770    .text               c_w.l(_printf_fp_hex.o)
    0x08001270   0x08001270   0x00000030   Code   RO         2773    .text               c_w.l(_printf_char_common.o)
    0x080012a0   0x080012a0   0x0000000a   Code   RO         2775    .text               c_w.l(_sputc.o)
    0x080012aa   0x080012aa   0x00000010   Code   RO         2777    .text               c_w.l(_snputc.o)
    0x080012ba   0x080012ba   0x0000002c   Code   RO         2779    .text               c_w.l(_printf_char.o)
    0x080012e6   0x080012e6   0x0000002c   Code   RO         2781    .text               c_w.l(_printf_wchar.o)
    0x08001312   0x08001312   0x0000001c   Code   RO         2797    .text               c_w.l(_chval.o)
    0x0800132e   0x0800132e   0x00000002   PAD
    0x08001330   0x08001330   0x000004f8   Code   RO         2803    .text               c_w.l(scanf_fp.o)
    0x08001828   0x08001828   0x0000002c   Code   RO         2807    .text               c_w.l(scanf_char.o)
    0x08001854   0x08001854   0x00000040   Code   RO         2809    .text               c_w.l(_sgetc.o)
    0x08001894   0x08001894   0x00000048   Code   RO         2817    .text               c_w.l(_c16rtomb.o)
    0x080018dc   0x080018dc   0x00000010   Code   RO         2888    .text               c_w.l(rt_ctype_table.o)
    0x080018ec   0x080018ec   0x00000008   Code   RO         2895    .text               c_w.l(rt_locale_intlibspace.o)
    0x080018f4   0x080018f4   0x00000008   Code   RO         2900    .text               c_w.l(rt_errno_addr_intlibspace.o)
    0x080018fc   0x080018fc   0x00000026   Code   RO         2902    .text               c_w.l(llshl.o)
    0x08001922   0x08001922   0x0000008a   Code   RO         2904    .text               c_w.l(lludiv10.o)
    0x080019ac   0x080019ac   0x00000012   Code   RO         2906    .text               c_w.l(isspace.o)
    0x080019be   0x080019be   0x00000002   PAD
    0x080019c0   0x080019c0   0x00000080   Code   RO         2908    .text               c_w.l(_printf_fp_infnan.o)
    0x08001a40   0x08001a40   0x00000374   Code   RO         2912    .text               c_w.l(_scanf.o)
    0x08001db4   0x08001db4   0x000000e4   Code   RO         2916    .text               c_w.l(bigflt0.o)
    0x08001e98   0x08001e98   0x00000008   Code   RO         2973    .text               c_w.l(libspace.o)
    0x08001ea0   0x08001ea0   0x0000004a   Code   RO         2976    .text               c_w.l(sys_stackheap_outer.o)
    0x08001eea   0x08001eea   0x00000002   PAD
    0x08001eec   0x08001eec   0x00000320   Code   RO         2978    .text               c_w.l(scanf_hexfp.o)
    0x0800220c   0x0800220c   0x00000134   Code   RO         2980    .text               c_w.l(scanf_infnan.o)
    0x08002340   0x08002340   0x00000012   Code   RO         2987    .text               c_w.l(exit.o)
    0x08002352   0x08002352   0x00000006   PAD
    0x08002358   0x08002358   0x0000007c   Code   RO         2993    .text               c_w.l(strcmpv7em.o)
    0x080023d4   0x080023d4   0x00000002   Code   RO           85    .text.BusFault_Handler  stm32f4xx_it.o
    0x080023d6   0x080023d6   0x00000002   PAD
    0x080023d8   0x080023d8   0x00000002   Code   RO           91    .text.DebugMon_Handler  stm32f4xx_it.o
    0x080023da   0x080023da   0x00000002   PAD
    0x080023dc   0x080023dc   0x000001fc   Code   RO          276    .text.EKF_EstimateSOC  ekf.o
    0x080025d8   0x080025d8   0x0000009c   Code   RO          274    .text.EKF_Init      ekf.o
    0x08002674   0x08002674   0x0000000a   Code   RO           25    .text.Error_Handler  main.o
    0x0800267e   0x0800267e   0x00000002   PAD
    0x08002680   0x08002680   0x00000028   Code   RO          787    .text.HAL_Delay     stm32f4xx_hal.o
    0x080026a8   0x080026a8   0x0000019a   Code   RO          555    .text.HAL_GPIO_Init  stm32f4xx_hal_gpio.o
    0x08002842   0x08002842   0x00000002   PAD
    0x08002844   0x08002844   0x0000000a   Code   RO          561    .text.HAL_GPIO_WritePin  stm32f4xx_hal_gpio.o
    0x0800284e   0x0800284e   0x00000002   PAD
    0x08002850   0x08002850   0x0000000c   Code   RO          779    .text.HAL_GetTick   stm32f4xx_hal.o
    0x0800285c   0x0800285c   0x0000001a   Code   RO          777    .text.HAL_IncTick   stm32f4xx_hal.o
    0x08002876   0x08002876   0x00000002   PAD
    0x08002878   0x08002878   0x00000036   Code   RO          767    .text.HAL_Init      stm32f4xx_hal.o
    0x080028ae   0x080028ae   0x00000002   PAD
    0x080028b0   0x080028b0   0x00000050   Code   RO          769    .text.HAL_InitTick  stm32f4xx_hal.o
    0x08002900   0x08002900   0x00000038   Code   RO          104    .text.HAL_MspInit   stm32f4xx_hal_msp.o
    0x08002938   0x08002938   0x00000008   Code   RO          707    .text.HAL_NVIC_EnableIRQ  stm32f4xx_hal_cortex.o
    0x08002940   0x08002940   0x0000001e   Code   RO          699    .text.HAL_NVIC_SetPriority  stm32f4xx_hal_cortex.o
    0x0800295e   0x0800295e   0x00000002   PAD
    0x08002960   0x08002960   0x00000008   Code   RO          695    .text.HAL_NVIC_SetPriorityGrouping  stm32f4xx_hal_cortex.o
    0x08002968   0x08002968   0x00000160   Code   RO          419    .text.HAL_RCC_ClockConfig  stm32f4xx_hal_rcc.o
    0x08002ac8   0x08002ac8   0x0000000c   Code   RO          429    .text.HAL_RCC_GetHCLKFreq  stm32f4xx_hal_rcc.o
    0x08002ad4   0x08002ad4   0x00000022   Code   RO          431    .text.HAL_RCC_GetPCLK1Freq  stm32f4xx_hal_rcc.o
    0x08002af6   0x08002af6   0x00000002   PAD
    0x08002af8   0x08002af8   0x00000022   Code   RO          433    .text.HAL_RCC_GetPCLK2Freq  stm32f4xx_hal_rcc.o
    0x08002b1a   0x08002b1a   0x00000002   PAD
    0x08002b1c   0x08002b1c   0x0000006a   Code   RO          421    .text.HAL_RCC_GetSysClockFreq  stm32f4xx_hal_rcc.o
    0x08002b86   0x08002b86   0x00000002   PAD
    0x08002b88   0x08002b88   0x00000348   Code   RO          417    .text.HAL_RCC_OscConfig  stm32f4xx_hal_rcc.o
    0x08002ed0   0x08002ed0   0x000000b4   Code   RO          297    .text.HAL_SPI_Init  stm32f4xx_hal_spi.o
    0x08002f84   0x08002f84   0x0000013e   Code   RO          197    .text.HAL_SPI_MspInit  lcd_spi_200.o
    0x080030c2   0x080030c2   0x00000002   PAD
    0x080030c4   0x080030c4   0x00000008   Code   RO          719    .text.HAL_SYSTICK_Config  stm32f4xx_hal_cortex.o
    0x080030cc   0x080030cc   0x0000005e   Code   RO          860    .text.HAL_UART_Init  stm32f4xx_hal_uart.o
    0x0800312a   0x0800312a   0x00000002   PAD
    0x0800312c   0x0800312c   0x00000132   Code   RO          131    .text.HAL_UART_MspInit  usart.o
    0x0800325e   0x0800325e   0x00000002   PAD
    0x08003260   0x08003260   0x000000dc   Code   RO          880    .text.HAL_UART_Receive  stm32f4xx_hal_uart.o
    0x0800333c   0x0800333c   0x000000cc   Code   RO          876    .text.HAL_UART_Transmit  stm32f4xx_hal_uart.o
    0x08003408   0x08003408   0x00000002   Code   RO           81    .text.HardFault_Handler  stm32f4xx_it.o
    0x0800340a   0x0800340a   0x00000002   PAD
    0x0800340c   0x0800340c   0x0000009e   Code   RO          217    .text.LCD_Clear     lcd_spi_200.o
    0x080034aa   0x080034aa   0x00000002   PAD
    0x080034ac   0x080034ac   0x000000ea   Code   RO          229    .text.LCD_DisplayChar  lcd_spi_200.o
    0x08003596   0x08003596   0x00000002   PAD
    0x08003598   0x08003598   0x00000100   Code   RO          235    .text.LCD_DisplayChinese  lcd_spi_200.o
    0x08003698   0x08003698   0x00000048   Code   RO          241    .text.LCD_DisplayDecimals  lcd_spi_200.o
    0x080036e0   0x080036e0   0x00000048   Code   RO          239    .text.LCD_DisplayNumber  lcd_spi_200.o
    0x08003728   0x08003728   0x00000048   Code   RO          231    .text.LCD_DisplayString  lcd_spi_200.o
    0x08003770   0x08003770   0x0000005c   Code   RO          237    .text.LCD_DisplayText  lcd_spi_200.o
    0x080037cc   0x080037cc   0x00000080   Code   RO          223    .text.LCD_SetAddress  lcd_spi_200.o
    0x0800384c   0x0800384c   0x0000000c   Code   RO          219    .text.LCD_SetAsciiFont  lcd_spi_200.o
    0x08003858   0x08003858   0x00000024   Code   RO          213    .text.LCD_SetBackColor  lcd_spi_200.o
    0x0800387c   0x0800387c   0x00000024   Code   RO          215    .text.LCD_SetColor  lcd_spi_200.o
    0x080038a0   0x080038a0   0x0000007e   Code   RO          211    .text.LCD_SetDirection  lcd_spi_200.o
    0x0800391e   0x0800391e   0x00000002   PAD
    0x08003920   0x08003920   0x0000000c   Code   RO          221    .text.LCD_ShowNumMode  lcd_spi_200.o
    0x0800392c   0x0800392c   0x00000084   Code   RO          207    .text.LCD_WriteBuff  lcd_spi_200.o
    0x080039b0   0x080039b0   0x0000004c   Code   RO          201    .text.LCD_WriteCommand  lcd_spi_200.o
    0x080039fc   0x080039fc   0x00000020   Code   RO          205    .text.LCD_WriteData_16bit  lcd_spi_200.o
    0x08003a1c   0x08003a1c   0x00000014   Code   RO          203    .text.LCD_WriteData_8bit  lcd_spi_200.o
    0x08003a30   0x08003a30   0x0000005a   Code   RO          112    .text.LED_Init      led.o
    0x08003a8a   0x08003a8a   0x00000002   PAD
    0x08003a8c   0x08003a8c   0x0000004e   Code   RO          199    .text.MX_SPI3_Init  lcd_spi_200.o
    0x08003ada   0x08003ada   0x00000002   PAD
    0x08003adc   0x08003adc   0x00000002   Code   RO           83    .text.MemManage_Handler  stm32f4xx_it.o
    0x08003ade   0x08003ade   0x00000002   PAD
    0x08003ae0   0x08003ae0   0x00000002   Code   RO           79    .text.NMI_Handler   stm32f4xx_it.o
    0x08003ae2   0x08003ae2   0x00000002   PAD
    0x08003ae4   0x08003ae4   0x0000002c   Code   RO          705    .text.NVIC_EncodePriority  stm32f4xx_hal_cortex.o
    0x08003b10   0x08003b10   0x00000002   Code   RO           93    .text.PendSV_Handler  stm32f4xx_it.o
    0x08003b12   0x08003b12   0x00000002   PAD
    0x08003b14   0x08003b14   0x000001da   Code   RO          209    .text.SPI_LCD_Init  lcd_spi_200.o
    0x08003cee   0x08003cee   0x00000002   PAD
    0x08003cf0   0x08003cf0   0x00000002   Code   RO           89    .text.SVC_Handler   stm32f4xx_it.o
    0x08003cf2   0x08003cf2   0x00000002   PAD
    0x08003cf4   0x08003cf4   0x0000002e   Code   RO          721    .text.SysTick_Config  stm32f4xx_hal_cortex.o
    0x08003d22   0x08003d22   0x00000002   PAD
    0x08003d24   0x08003d24   0x00000008   Code   RO           95    .text.SysTick_Handler  stm32f4xx_it.o
    0x08003d2c   0x08003d2c   0x000000a6   Code   RO           23    .text.SystemClock_Config  main.o
    0x08003dd2   0x08003dd2   0x00000002   PAD
    0x08003dd4   0x08003dd4   0x00000012   Code   RO          990    .text.SystemInit    system_stm32f4xx.o
    0x08003de6   0x08003de6   0x00000002   PAD
    0x08003de8   0x08003de8   0x000000dc   Code   RO          864    .text.UART_SetConfig  stm32f4xx_hal_uart.o
    0x08003ec4   0x08003ec4   0x0000007a   Code   RO          878    .text.UART_WaitOnFlagUntilTimeout  stm32f4xx_hal_uart.o
    0x08003f3e   0x08003f3e   0x00000002   PAD
    0x08003f40   0x08003f40   0x00000030   Code   RO          133    .text.USART1_Init   usart.o
    0x08003f70   0x08003f70   0x0000008e   Code   RO          137    .text.USART2_IRQHandler  usart.o
    0x08003ffe   0x08003ffe   0x00000002   PAD
    0x08004000   0x08004000   0x00000042   Code   RO          135    .text.USART2_Init   usart.o
    0x08004042   0x08004042   0x00000002   PAD
    0x08004044   0x08004044   0x00000002   Code   RO           87    .text.UsageFault_Handler  stm32f4xx_it.o
    0x08004046   0x08004046   0x00000002   PAD
    0x08004048   0x08004048   0x00000020   Code   RO          709    .text.__NVIC_EnableIRQ  stm32f4xx_hal_cortex.o
    0x08004068   0x08004068   0x00000010   Code   RO          701    .text.__NVIC_GetPriorityGrouping  stm32f4xx_hal_cortex.o
    0x08004078   0x08004078   0x00000022   Code   RO          703    .text.__NVIC_SetPriority  stm32f4xx_hal_cortex.o
    0x0800409a   0x0800409a   0x00000002   PAD
    0x0800409c   0x0800409c   0x00000020   Code   RO          697    .text.__NVIC_SetPriorityGrouping  stm32f4xx_hal_cortex.o
    0x080040bc   0x080040bc   0x00000002   Code   RO          143    .text._sys_exit     usart.o
    0x080040be   0x080040be   0x00000002   PAD
    0x080040c0   0x080040c0   0x00000038   Code   RO         1027    .text.arm_dot_prod_f32  basicmathfunctions.o
    0x080040f8   0x080040f8   0x00000008   Code   RO         1884    .text.arm_mat_init_f32  matrixfunctions.o
    0x08004100   0x08004100   0x000000b0   Code   RO         1896    .text.arm_mat_mult_f32  matrixfunctions.o
    0x080041b0   0x080041b0   0x0000005e   Code   RO         1916    .text.arm_mat_sub_f32  matrixfunctions.o
    0x0800420e   0x0800420e   0x00000002   PAD
    0x08004210   0x08004210   0x0000004e   Code   RO         1922    .text.arm_mat_trans_f32  matrixfunctions.o
    0x0800425e   0x0800425e   0x00000002   PAD
    0x08004260   0x08004260   0x00000022   Code   RO         1071    .text.arm_scale_f32  basicmathfunctions.o
    0x08004282   0x08004282   0x00000002   PAD
    0x08004284   0x08004284   0x00000070   Code   RO          278    .text.calculate_docv_dsoc  ekf.o
    0x080042f4   0x080042f4   0x0000008c   Code   RO          280    .text.calculate_ocv  ekf.o
    0x08004380   0x08004380   0x00000278   Code   RO           11    .text.display_value  main.o
    0x080045f8   0x080045f8   0x00000118   Code   RO           15    .text.get_soc       main.o
    0x08004710   0x08004710   0x00000094   Code   RO           21    .text.main          main.o
    0x080047a4   0x080047a4   0x00000190   Code   RO           17    .text.parse_battery_data  main.o
    0x08004934   0x08004934   0x000001dc   Code   RO           13    .text.send_info     main.o
    0x08004b10   0x08004b10   0x0000003e   Code   RO         2919    CL$$btod_d2e        c_w.l(btod.o)
    0x08004b4e   0x08004b4e   0x00000046   Code   RO         2921    CL$$btod_d2e_denorm_low  c_w.l(btod.o)
    0x08004b94   0x08004b94   0x00000060   Code   RO         2920    CL$$btod_d2e_norm_op1  c_w.l(btod.o)
    0x08004bf4   0x08004bf4   0x00000338   Code   RO         2929    CL$$btod_div_common  c_w.l(btod.o)
    0x08004f2c   0x08004f2c   0x00000084   Code   RO         2927    CL$$btod_e2d        c_w.l(btod.o)
    0x08004fb0   0x08004fb0   0x000000dc   Code   RO         2926    CL$$btod_e2e        c_w.l(btod.o)
    0x0800508c   0x0800508c   0x0000002a   Code   RO         2923    CL$$btod_ediv       c_w.l(btod.o)
    0x080050b6   0x080050b6   0x0000002a   Code   RO         2925    CL$$btod_edivd      c_w.l(btod.o)
    0x080050e0   0x080050e0   0x0000002a   Code   RO         2922    CL$$btod_emul       c_w.l(btod.o)
    0x0800510a   0x0800510a   0x0000002a   Code   RO         2924    CL$$btod_emuld      c_w.l(btod.o)
    0x08005134   0x08005134   0x00000244   Code   RO         2928    CL$$btod_mult_common  c_w.l(btod.o)
    0x08005378   0x08005378   0x00000030   Code   RO         2963    i.__ARM_fpclassify  m_wm.l(fpclassify.o)
    0x080053a8   0x080053a8   0x00000026   Code   RO         2854    i.__ARM_fpclassifyf  m_wm.l(fpclassifyf.o)
    0x080053ce   0x080053ce   0x00000002   PAD
    0x080053d0   0x080053d0   0x000000f8   Code   RO         2965    i.__hardfp___mathlib_tofloat  m_wm.l(narrow.o)
    0x080054c8   0x080054c8   0x000001ec   Code   RO         2707    i.__hardfp_expf     m_wm.l(expf.o)
    0x080056b4   0x080056b4   0x00000004   PAD
    0x080056b8   0x080056b8   0x000000d0   Code   RO         3068    i.__hardfp_ldexp    m_wm.l(ldexp.o)
    0x08005788   0x08005788   0x00000664   Code   RO         2728    i.__hardfp_powf     m_wm.l(powf.o)
    0x08005dec   0x08005dec   0x00000004   PAD
    0x08005df0   0x08005df0   0x00000020   Code   RO         2844    i.__mathlib_dbl_overflow  m_wm.l(dunder.o)
    0x08005e10   0x08005e10   0x00000020   Code   RO         2846    i.__mathlib_dbl_underflow  m_wm.l(dunder.o)
    0x08005e30   0x08005e30   0x00000014   Code   RO         2856    i.__mathlib_flt_divzero  m_wm.l(funder.o)
    0x08005e44   0x08005e44   0x00000006   Code   RO         2857    i.__mathlib_flt_infnan  m_wm.l(funder.o)
    0x08005e4a   0x08005e4a   0x00000006   Code   RO         2858    i.__mathlib_flt_infnan2  m_wm.l(funder.o)
    0x08005e50   0x08005e50   0x00000010   Code   RO         2859    i.__mathlib_flt_invalid  m_wm.l(funder.o)
    0x08005e60   0x08005e60   0x00000010   Code   RO         2860    i.__mathlib_flt_overflow  m_wm.l(funder.o)
    0x08005e70   0x08005e70   0x00000010   Code   RO         2862    i.__mathlib_flt_underflow  m_wm.l(funder.o)
    0x08005e80   0x08005e80   0x00000012   Code   RO         2966    i.__mathlib_narrow  m_wm.l(narrow.o)
    0x08005e92   0x08005e92   0x00000014   Code   RO         3070    i.__support_ldexp   m_wm.l(ldexp.o)
    0x08005ea6   0x08005ea6   0x0000000e   Code   RO         2623    i._is_digit         c_w.l(__printf_wp.o)
    0x08005eb4   0x08005eb4   0x00000004   PAD
    0x08005eb8   0x08005eb8   0x0000008c   Code   RO         3050    i.frexp             m_wm.l(frexp.o)
    0x08005f44   0x08005f44   0x0000002c   Code   RO         2949    locale$$code        c_w.l(lc_numeric_c.o)
    0x08005f70   0x08005f70   0x0000002c   Code   RO         2985    locale$$code        c_w.l(lc_ctype_c.o)
    0x08005f9c   0x08005f9c   0x00000062   Code   RO         2665    x$fpl$d2f           fz_wm.l(d2f.o)
    0x08005ffe   0x08005ffe   0x00000002   PAD
    0x08006000   0x08006000   0x00000010   Code   RO         3108    x$fpl$dcheck1       fz_wm.l(dcheck1.o)
    0x08006010   0x08006010   0x00000018   Code   RO         2951    x$fpl$dcmpinf       fz_wm.l(dcmpi.o)
    0x08006028   0x08006028   0x00000078   Code   RO         2821    x$fpl$deqf          fz_wm.l(deqf.o)
    0x080060a0   0x080060a0   0x00000078   Code   RO         2825    x$fpl$dleqf         fz_wm.l(dleqf.o)
    0x08006118   0x08006118   0x00000154   Code   RO         2689    x$fpl$dmul          fz_wm.l(dmul.o)
    0x0800626c   0x0800626c   0x0000009c   Code   RO         2827    x$fpl$dnaninf       fz_wm.l(dnaninf.o)
    0x08006308   0x08006308   0x0000000c   Code   RO         2829    x$fpl$dretinf       fz_wm.l(dretinf.o)
    0x08006314   0x08006314   0x0000006c   Code   RO         3046    x$fpl$drleqf        fz_wm.l(drleqf.o)
    0x08006380   0x08006380   0x00000056   Code   RO         2691    x$fpl$f2d           fz_wm.l(f2d.o)
    0x080063d6   0x080063d6   0x0000008c   Code   RO         2833    x$fpl$fnaninf       fz_wm.l(fnaninf.o)
    0x08006462   0x08006462   0x0000001a   Code   RO         3066    x$fpl$fpinit        fz_wm.l(fpinit.o)
    0x0800647c   0x0800647c   0x0000000a   Code   RO         2835    x$fpl$fretinf       fz_wm.l(fretinf.o)
    0x08006486   0x08006486   0x00000006   Code   RO         2837    x$fpl$ieeestatus    fz_wm.l(istatus.o)
    0x0800648c   0x0800648c   0x00000004   Code   RO         2697    x$fpl$printf1       fz_wm.l(printf1.o)
    0x08006490   0x08006490   0x00000004   Code   RO         2699    x$fpl$printf2       fz_wm.l(printf2.o)
    0x08006494   0x08006494   0x00000064   Code   RO         3143    x$fpl$retnan        fz_wm.l(retnan.o)
    0x080064f8   0x080064f8   0x0000005c   Code   RO         3091    x$fpl$scalbn        fz_wm.l(scalbn.o)
    0x08006554   0x08006554   0x00000004   Code   RO         2705    x$fpl$scanf1        fz_wm.l(scanf1.o)
    0x08006558   0x08006558   0x00000008   Code   RO         2957    x$fpl$scanf2        fz_wm.l(scanf2.o)
    0x08006560   0x08006560   0x00000030   Code   RO         3145    x$fpl$trapveneer    fz_wm.l(trapv.o)
    0x08006590   0x08006590   0x00000000   Code   RO         2839    x$fpl$usenofp       fz_wm.l(usenofp.o)
    0x08006590   0x08006590   0x00000008   Data   RO         2584    .constdata          c_w.l(_printf_wctomb.o)
    0x08006598   0x08006598   0x00000028   Data   RO         2611    .constdata          c_w.l(_printf_hex_int_ll_ptr.o)
    0x080065c0   0x080065c0   0x00000011   Data   RO         2631    .constdata          c_w.l(__printf_flags_ss_wp.o)
    0x080065d1   0x080065d1   0x00000003   PAD
    0x080065d4   0x080065d4   0x00000030   Data   RO         2710    .constdata          m_wm.l(expf.o)
    0x08006604   0x08006604   0x00000140   Data   RO         2731    .constdata          m_wm.l(powf.o)
    0x08006744   0x08006744   0x00000026   Data   RO         2771    .constdata          c_w.l(_printf_fp_hex.o)
    0x0800676a   0x0800676a   0x00000002   PAD
    0x0800676c   0x0800676c   0x00000094   Data   RO         2917    .constdata          c_w.l(bigflt0.o)
    0x08006800   0x08006800   0x00000010   Data   RO          995    .rodata.AHBPrescTable  system_stm32f4xx.o
    0x08006810   0x08006810   0x00000008   Data   RO          996    .rodata.APBPrescTable  system_stm32f4xx.o
    0x08006818   0x08006818   0x000005f0   Data   RO          176    .rodata.ASCII_1608_Table  lcd_fonts.o
    0x08006e08   0x08006e08   0x00000ed8   Data   RO          175    .rodata.ASCII_2010_Table  lcd_fonts.o
    0x08007ce0   0x08007ce0   0x000011d0   Data   RO          174    .rodata.ASCII_2412_Table  lcd_fonts.o
    0x08008eb0   0x08008eb0   0x0000004c   Data   RO           64    .rodata.str1.1      main.o
    0x08008efc   0x08008efc   0x00000020   Data   RO         3148    Region$$Table       anon$$obj.o
    0x08008f1c   0x08008f1c   0x00000008   Data   RO         2953    c$$dinf             fz_wm.l(fpconst.o)
    0x08008f24   0x08008f24   0x00000008   Data   RO         2956    c$$dmax             fz_wm.l(fpconst.o)
    0x08008f2c   0x08008f2c   0x0000001c   Data   RO         2948    locale$$data        c_w.l(lc_numeric_c.o)
    0x08008f48   0x08008f48   0x00000110   Data   RO         2984    locale$$data        c_w.l(lc_ctype_c.o)


    Execution Region RW_IRAM1 (Exec base: 0x20000000, Load base: 0x08009058, Size: 0x00001100, Max: 0x0001c000, ABSOLUTE)

    Exec Addr    Load Addr    Size         Type   Attr      Idx    E Section Name        Object

    0x20000000   0x08009058   0x0000000c   Data   RW          181    .data.ASCII_Font16  lcd_fonts.o
    0x2000000c   0x08009064   0x0000000c   Data   RW          180    .data.ASCII_Font20  lcd_fonts.o
    0x20000018   0x08009070   0x0000000c   Data   RW          179    .data.ASCII_Font24  lcd_fonts.o
    0x20000024   0x0800907c   0x00000010   Data   RW          282    .data.P_data        ekf.o
    0x20000034   0x0800908c   0x00000004   Data   RW          994    .data.SystemCoreClock  system_stm32f4xx.o
    0x20000038   0x08009090   0x00000001   Data   RW          822    .data.uwTickFreq    stm32f4xx_hal.o
    0x20000039   0x08009091   0x00000003   PAD
    0x2000003c   0x08009094   0x00000004   Data   RW          821    .data.uwTickPrio    stm32f4xx_hal.o
    0x20000040        -       0x00000060   Zero   RW         2974    .bss                c_w.l(libspace.o)
    0x200000a0        -       0x00000010   Zero   RW          283    .bss.Ak_data        ekf.o
    0x200000b0        -       0x00000001   Zero   RW           59    .bss.CHG_STA        main.o
    0x200000b1   0x08009098   0x00000003   PAD
    0x200000b4        -       0x00000008   Zero   RW          284    .bss.Ck_data        ekf.o
    0x200000bc        -       0x00000001   Zero   RW           58    .bss.DSG_STA        main.o
    0x200000bd   0x08009098   0x00000003   PAD
    0x200000c0        -       0x00000008   Zero   RW          285    .bss.Kk_data        ekf.o
    0x200000c8        -       0x00000010   Zero   RW          262    .bss.LCD            lcd_spi_200.o
    0x200000d8        -       0x00000004   Zero   RW          263    .bss.LCD_AsciiFonts  lcd_spi_200.o
    0x200000dc        -       0x00000800   Zero   RW          264    .bss.LCD_Buff       lcd_spi_200.o
    0x200008dc        -       0x00000004   Zero   RW          265    .bss.LCD_CHFonts    lcd_spi_200.o
    0x200008e0        -       0x00000001   Zero   RW           60    .bss.OV_FLAG        main.o
    0x200008e1   0x08009098   0x00000003   PAD
    0x200008e4        -       0x00000010   Zero   RW          286    .bss.P_pred_data    ekf.o
    0x200008f4        -       0x00000001   Zero   RW           61    .bss.UV_FLAG        main.o
    0x200008f5   0x08009098   0x00000003   PAD
    0x200008f8        -       0x00000004   Zero   RW           45    .bss.c1_soc         main.o
    0x200008fc        -       0x00000004   Zero   RW           51    .bss.c1_voltage     main.o
    0x20000900        -       0x00000004   Zero   RW           46    .bss.c2_soc         main.o
    0x20000904        -       0x00000004   Zero   RW           52    .bss.c2_voltage     main.o
    0x20000908        -       0x00000004   Zero   RW           47    .bss.c3_soc         main.o
    0x2000090c        -       0x00000004   Zero   RW           53    .bss.c3_voltage     main.o
    0x20000910        -       0x00000004   Zero   RW           48    .bss.c4_soc         main.o
    0x20000914        -       0x00000004   Zero   RW           54    .bss.c4_voltage     main.o
    0x20000918        -       0x00000004   Zero   RW           49    .bss.c5_soc         main.o
    0x2000091c        -       0x00000004   Zero   RW           55    .bss.c5_voltage     main.o
    0x20000920        -       0x00000004   Zero   RW           50    .bss.c6_soc         main.o
    0x20000924        -       0x00000004   Zero   RW           56    .bss.c6_voltage     main.o
    0x20000928        -       0x0000000a   Zero   RW           66    .bss.cmd            main.o
    0x20000932   0x08009098   0x00000002   PAD
    0x20000934        -       0x00000004   Zero   RW           57    .bss.current        main.o
    0x20000938        -       0x00000040   Zero   RW           65    .bss.ekf            main.o
    0x20000978        -       0x00000058   Zero   RW          261    .bss.hspi3          lcd_spi_200.o
    0x200009d0        -       0x00000044   Zero   RW          151    .bss.huart1         usart.o
    0x20000a14        -       0x00000044   Zero   RW          152    .bss.huart2         usart.o
    0x20000a58        -       0x00000080   Zero   RW          153    .bss.rxBuffer       usart.o
    0x20000ad8        -       0x00000001   Zero   RW          150    .bss.rxComplete     usart.o
    0x20000ad9   0x08009098   0x00000001   PAD
    0x20000ada        -       0x00000002   Zero   RW          149    .bss.rxIndex        usart.o
    0x20000adc        -       0x00000004   Zero   RW           62    .bss.temp1          main.o
    0x20000ae0        -       0x00000004   Zero   RW           63    .bss.temp2          main.o
    0x20000ae4        -       0x00000008   Zero   RW          288    .bss.temp_2x1_data  ekf.o
    0x20000aec        -       0x00000010   Zero   RW          287    .bss.temp_2x2_data  ekf.o
    0x20000afc        -       0x00000004   Zero   RW          823    .bss.uwTick         stm32f4xx_hal.o
    0x20000b00        -       0x00000200   Zero   RW            2    HEAP                startup_stm32f407xx.o
    0x20000d00        -       0x00000400   Zero   RW            1    STACK               startup_stm32f407xx.o


    Execution Region RW_IRAM2 (Exec base: 0x2001c000, Load base: 0x08009098, Size: 0x00000000, Max: 0x00004000, ABSOLUTE)

    **** No section assigned to this execution region ****


==============================================================================

Image component sizes


      Code (inc. data)   RO Data    RW Data    ZI Data      Debug   Object Name

        90          4          0          0          0      23445   basicmathfunctions.o
       916         72          0         16         72       3471   ekf.o
         0          0       9880         36          0       1476   lcd_fonts.o
      2436         32          0          0       2160      19519   lcd_spi_200.o
        90          0          0          0          0       2010   led.o
      2112         88         76          0        138      11945   main.o
       356          4          0          0          0      67002   matrixfunctions.o
        64         26        392          0       1536        816   startup_stm32f407xx.o
       212          0          0          5          4       7259   stm32f4xx_hal.o
       258          0          0          0          0      10706   stm32f4xx_hal_cortex.o
       420          0          0          0          0       5172   stm32f4xx_hal_gpio.o
        56          0          0          0          0       1426   stm32f4xx_hal_msp.o
      1378          0          0          0          0       7323   stm32f4xx_hal_rcc.o
       180          0          0          0          0      21646   stm32f4xx_hal_spi.o
       860          0          0          0          0      24712   stm32f4xx_hal_uart.o
        24          0          0          0          0        994   stm32f4xx_it.o
        18          0         24          4          0       2612   system_stm32f4xx.o
       564          0          0          0        267       9051   usart.o

    ----------------------------------------------------------------------
     10108        226      10404         64       4192     220585   Object Totals
         0          0         32          0          0          0   (incl. Generated)
        74          0          0          3         15          0   (incl. Padding)

    ----------------------------------------------------------------------

      Code (inc. data)   RO Data    RW Data    ZI Data      Debug   Library Member Name

        60          8          0          0          0         84   __0sscanf.o
        56          6          0          0          0         88   __2snprintf.o
        44          6          0          0          0         84   __2sprintf.o
         8          0          0          0          0         68   __main.o
       392          4         17          0          0         92   __printf_flags_ss_wp.o
        14          0          0          0          0         68   __printf_wp.o
         0          0          0          0          0          0   __rtentry.o
        12          0          0          0          0          0   __rtentry2.o
         6          0          0          0          0          0   __rtentry4.o
        52          8          0          0          0          0   __scatter.o
        26          0          0          0          0          0   __scatter_copy.o
        28          0          0          0          0          0   __scatter_zi.o
        72          0          0          0          0         96   _c16rtomb.o
        28          0          0          0          0         68   _chval.o
         6          0          0          0          0          0   _printf_a.o
         6          0          0          0          0          0   _printf_c.o
        44          0          0          0          0        108   _printf_char.o
        48          6          0          0          0         96   _printf_char_common.o
         6          0          0          0          0          0   _printf_d.o
       120         16          0          0          0         92   _printf_dec.o
         6          0          0          0          0          0   _printf_e.o
         6          0          0          0          0          0   _printf_f.o
      1052          0          0          0          0        148   _printf_fp_dec.o
       764          8         38          0          0        100   _printf_fp_hex.o
       128         16          0          0          0         84   _printf_fp_infnan.o
         6          0          0          0          0          0   _printf_g.o
       148          4         40          0          0        160   _printf_hex_int_ll_ptr.o
         6          0          0          0          0          0   _printf_i.o
       178          0          0          0          0         88   _printf_intcommon.o
        10          0          0          0          0          0   _printf_l.o
         6          0          0          0          0          0   _printf_lc.o
         6          0          0          0          0          0   _printf_o.o
       112          8          0          0          0        124   _printf_oct_int_ll.o
        78          0          0          0          0        108   _printf_pad.o
         0          0          0          0          0          0   _printf_percent.o
         4          0          0          0          0          0   _printf_percent_end.o
        82          0          0          0          0         80   _printf_str.o
        36          0          0          0          0         84   _printf_truncate.o
         6          0          0          0          0          0   _printf_u.o
        44          0          0          0          0        108   _printf_wchar.o
       188          6          8          0          0         92   _printf_wctomb.o
         6          0          0          0          0          0   _printf_x.o
        22          0          0          0          0        100   _rserrno.o
       884          6          0          0          0        100   _scanf.o
       332          0          0          0          0         96   _scanf_int.o
        64          0          0          0          0         84   _sgetc.o
        16          0          0          0          0         68   _snputc.o
        10          0          0          0          0         68   _sputc.o
       228          4        148          0          0         96   bigflt0.o
      2152        136          0          0          0        956   btod.o
        18          0          0          0          0         80   exit.o
         6          0          0          0          0        152   heapauxi.o
        18          0          0          0          0         76   isspace.o
        44         10        272          0          0         76   lc_ctype_c.o
        44         10         28          0          0         76   lc_numeric_c.o
         2          0          0          0          0          0   libinit.o
        34          0          0          0          0          0   libinit2.o
         2          0          0          0          0          0   libshutdown.o
         2          0          0          0          0          0   libshutdown2.o
         8          4          0          0         96         68   libspace.o
        38          0          0          0          0         68   llshl.o
       138          0          0          0          0         80   lludiv10.o
       240          0          0          0          0        100   lludivv7m.o
        16          4          0          0          0         76   rt_ctype_table.o
         8          4          0          0          0         68   rt_errno_addr_intlibspace.o
         8          4          0          0          0         68   rt_locale_intlibspace.o
        78          0          0          0          0         80   rt_memclr_w.o
         2          0          0          0          0          0   rtexit.o
        10          0          0          0          0          0   rtexit2.o
        44          8          0          0          0         84   scanf_char.o
      1272         16          0          0          0        168   scanf_fp.o
       800         14          0          0          0        100   scanf_hexfp.o
       308         16          0          0          0        100   scanf_infnan.o
       124          0          0          0          0         88   strcmpv7em.o
        74          0          0          0          0         80   sys_stackheap_outer.o
         2          0          0          0          0         68   use_no_semi.o
         2          0          0          0          0         68   use_no_semi_2.o
        98          4          0          0          0        140   d2f.o
        16          4          0          0          0        116   dcheck1.o
        24          0          0          0          0        116   dcmpi.o
       120          4          0          0          0        140   deqf.o
       120          4          0          0          0        140   dleqf.o
       340         12          0          0          0        152   dmul.o
       156          4          0          0          0        140   dnaninf.o
        12          0          0          0          0        116   dretinf.o
       108          0          0          0          0        128   drleqf.o
        86          4          0          0          0        132   f2d.o
       140          4          0          0          0        132   fnaninf.o
         0          0         16          0          0          0   fpconst.o
        26          0          0          0          0        116   fpinit.o
        10          0          0          0          0        116   fretinf.o
         6          0          0          0          0        116   istatus.o
         4          0          0          0          0        116   printf1.o
         4          0          0          0          0        116   printf2.o
       100          0          0          0          0        116   retnan.o
        92          0          0          0          0        116   scalbn.o
         4          0          0          0          0        116   scanf1.o
         8          0          0          0          0        132   scanf2.o
        48          0          0          0          0        116   trapv.o
         0          0          0          0          0          0   usenofp.o
        64         16          0          0          0        248   dunder.o
       492         62         48          0          0        236   expf.o
        48          0          0          0          0        124   fpclassify.o
        38          0          0          0          0        116   fpclassifyf.o
       140         22          0          0          0        132   frexp.o
        80         24          0          0          0        696   funder.o
       228          8          0          0          0        308   ldexp.o
       266         16          0          0          0        308   narrow.o
      1636        110        320          0          0        372   powf.o

    ----------------------------------------------------------------------
     15500        638        940          0         96      10680   Library Totals
        36          8          5          0          0          0   (incl. Padding)

    ----------------------------------------------------------------------

      Code (inc. data)   RO Data    RW Data    ZI Data      Debug   Library Name

     10950        332        551          0         96       5512   c_w.l
      1522         40         16          0          0       2628   fz_wm.l
      2992        258        368          0          0       2540   m_wm.l

    ----------------------------------------------------------------------
     15500        638        940          0         96      10680   Library Totals

    ----------------------------------------------------------------------

==============================================================================


      Code (inc. data)   RO Data    RW Data    ZI Data      Debug   

     25608        864      11344         64       4288     224401   Grand Totals
     25608        864      11344         64       4288     224401   ELF Image Totals
     25608        864      11344         64          0          0   ROM Totals

==============================================================================

    Total RO  Size (Code + RO Data)                36952 (  36.09kB)
    Total RW  Size (RW Data + ZI Data)              4352 (   4.25kB)
    Total ROM Size (Code + RO Data + RW Data)      37016 (  36.15kB)

==============================================================================

