Component: ARM Compiler 5.06 update 7 (build 960) Tool: armlink [4d3601]

==============================================================================

Section Cross References

    main.o(.text) refers to key.o(.text) for KEY_Scan
    main.o(.text) refers to io_ctrl.o(.text) for Only_Close_CHG
    main.o(.text) refers to cfrcmple.o(.text) for __aeabi_cfrcmple
    main.o(.text) refers to stm32f10x_gpio.o(.text) for GPIO_ReadOutputDataBit
    main.o(.text) refers to can.o(.text) for Can_Send_Msg
    main.o(.text) refers to delay.o(.text) for delay_ms
    main.o(.text) refers to bsp_clkconfig.o(.text) for HSE_SetSysClock
    main.o(.text) refers to misc.o(.text) for NVIC_PriorityGroupConfig
    main.o(.text) refers to led.o(.text) for LED_Init
    main.o(.text) refers to adc.o(.text) for Adc_Init
    main.o(.text) refers to usart.o(.text) for uart_init
    main.o(.text) refers to ltc6804-1.o(.text) for LTC6804_initialize
    main.o(.text) refers to simulated_spi.o(.text) for Simulated_SPI_IoInit
    main.o(.text) refers to timer.o(.text) for TIM2_Init
    main.o(.text) refers to user_get.o(.text) for Get_Cell_Voltage
    main.o(.text) refers to user_get.o(.data) for Max
    main.o(.text) refers to main.o(.data) for OV_FLAG
    main.o(.text) refers to user_get.o(.bss) for cell_codes
    system_stm32f10x.o(.text) refers to system_stm32f10x.o(.data) for SystemCoreClock
    led.o(.text) refers to stm32f10x_rcc.o(.text) for RCC_APB2PeriphClockCmd
    led.o(.text) refers to stm32f10x_gpio.o(.text) for GPIO_Init
    key.o(.text) refers to stm32f10x_rcc.o(.text) for RCC_APB2PeriphClockCmd
    key.o(.text) refers to stm32f10x_gpio.o(.text) for GPIO_Init
    key.o(.text) refers to delay.o(.text) for delay_ms
    key.o(.text) refers to key.o(.data) for key_up
    timer.o(.text) refers to stm32f10x_rcc.o(.text) for RCC_APB1PeriphClockCmd
    timer.o(.text) refers to stm32f10x_tim.o(.text) for TIM_TimeBaseInit
    timer.o(.text) refers to misc.o(.text) for NVIC_Init
    timer.o(.text) refers to stm32f10x_gpio.o(.text) for GPIO_PinRemapConfig
    lcd.o(.text) refers to delay.o(.text) for delay_us
    lcd.o(.text) refers to lcd.o(.bss) for lcddev
    lcd.o(.text) refers to lcd.o(.data) for POINT_COLOR
    lcd.o(.text) refers to dfltui.o(.text) for __aeabi_ui2d
    lcd.o(.text) refers to dmul.o(.text) for __aeabi_dmul
    lcd.o(.text) refers to dfixui.o(.text) for __aeabi_d2uiz
    lcd.o(.text) refers to stm32f10x_rcc.o(.text) for RCC_AHBPeriphClockCmd
    lcd.o(.text) refers to stm32f10x_gpio.o(.text) for GPIO_Init
    lcd.o(.text) refers to stm32f10x_fsmc.o(.text) for FSMC_NORSRAMInit
    lcd.o(.text) refers to lcd.o(.constdata) for asc2_1206
    ltc6804-1.o(.text) refers to simulated_spi.o(.text) for SPI2_ReadWriteByte
    ltc6804-1.o(.text) refers to stm32f10x_gpio.o(.text) for GPIO_ResetBits
    ltc6804-1.o(.text) refers to delay.o(.text) for delay_ms
    ltc6804-1.o(.text) refers to ltc6804-1.o(.data) for ADCV
    ltc6804-1.o(.text) refers to ltc6804-1.o(.constdata) for crc15Table
    ltc6804-1.o(.text) refers to memseta.o(.text) for __aeabi_memclr4
    simulated_spi.o(.text) refers to stm32f10x_rcc.o(.text) for RCC_APB2PeriphClockCmd
    simulated_spi.o(.text) refers to stm32f10x_gpio.o(.text) for GPIO_Init
    simulated_spi.o(.text) refers to delay.o(.text) for delay_us
    bsp_clkconfig.o(.text) refers to stm32f10x_rcc.o(.text) for RCC_DeInit
    24c02.o(.text) refers to ltc6804-1.o(.text) for LTC6804_wrcomm_cfg
    24c02.o(.text) refers to printfa.o(i.__0printf) for __2printf
    24c02.o(.text) refers to 24c02.o(.data) for comm_config_init
    24c02.o(.text) refers to ltc6804-1.o(.data) for r_comm_config
    rtc.o(.text) refers to misc.o(.text) for NVIC_Init
    rtc.o(.text) refers to stm32f10x_rtc.o(.text) for RTC_GetCounter
    rtc.o(.text) refers to stm32f10x_rcc.o(.text) for RCC_APB1PeriphClockCmd
    rtc.o(.text) refers to stm32f10x_pwr.o(.text) for PWR_BackupAccessCmd
    rtc.o(.text) refers to stm32f10x_bkp.o(.text) for BKP_ReadBackupRegister
    rtc.o(.text) refers to delay.o(.text) for delay_ms
    rtc.o(.text) refers to printfa.o(i.__0printf) for __2printf
    rtc.o(.text) refers to rtc.o(.constdata) for table_week
    rtc.o(.text) refers to rtc.o(.data) for daycnt
    rtc.o(.text) refers to rtc.o(.bss) for calendar
    io_ctrl.o(.text) refers to stm32f10x_rcc.o(.text) for RCC_APB2PeriphClockCmd
    io_ctrl.o(.text) refers to stm32f10x_gpio.o(.text) for GPIO_PinRemapConfig
    wdg.o(.text) refers to stm32f10x_iwdg.o(.text) for IWDG_WriteAccessCmd
    beep.o(.text) refers to stm32f10x_rcc.o(.text) for RCC_APB2PeriphClockCmd
    beep.o(.text) refers to stm32f10x_gpio.o(.text) for GPIO_Init
    beep.o(.text) refers to delay.o(.text) for delay_ms
    can.o(.text) refers to stm32f10x_rcc.o(.text) for RCC_APB2PeriphClockCmd
    can.o(.text) refers to stm32f10x_gpio.o(.text) for GPIO_Init
    can.o(.text) refers to stm32f10x_can.o(.text) for CAN_Init
[...]
    E:\\Keil_V5\\PACKS\\ARM\\CMSIS\\5.8.0\\CMSIS\\DSP\\Source\\StatisticsFunctions\\StatisticsFunctionsF16.c 0x00000000   Number         0  statisticsfunctionsf16.o ABSOLUTE
    E:\\Keil_V5\\PACKS\\ARM\\CMSIS\\5.8.0\\CMSIS\\DSP\\Source\\SupportFunctions\\SupportFunctions.c 0x00000000   Number         0  supportfunctions.o ABSOLUTE
    E:\\Keil_V5\\PACKS\\ARM\\CMSIS\\5.8.0\\CMSIS\\DSP\\Source\\SupportFunctions\\SupportFunctionsF16.c 0x00000000   Number         0  supportfunctionsf16.o ABSOLUTE
    E:\\Keil_V5\\PACKS\\ARM\\CMSIS\\5.8.0\\CMSIS\\DSP\\Source\\TransformFunctions\\TransformFunctions.c 0x00000000   Number         0  transformfunctions.o ABSOLUTE
    E:\\Keil_V5\\PACKS\\ARM\\CMSIS\\5.8.0\\CMSIS\\DSP\\Source\\TransformFunctions\\TransformFunctionsF16.c 0x00000000   Number         0  transformfunctionsf16.o ABSOLUTE
    EKF_SOC.c                                0x00000000   Number         0  ekf_soc.o ABSOLUTE
    EKF_SOC.c                                0x00000000   Number         0  ekf_soc.o ABSOLUTE
    LTC1380.c                                0x00000000   Number         0  ltc1380.o ABSOLUTE
    Simulated_SPI.c                          0x00000000   Number         0  simulated_spi.o ABSOLUTE
    Simulated_SPI.c                          0x00000000   Number         0  simulated_spi.o ABSOLUTE
    cdcmple.s                                0x00000000   Number         0  cdcmple.o ABSOLUTE
    cdrcmple.s                               0x00000000   Number         0  cdrcmple.o ABSOLUTE
    cfcmple.s                                0x00000000   Number         0  cfcmple.o ABSOLUTE
    cfrcmple.s                               0x00000000   Number         0  cfrcmple.o ABSOLUTE
    dc.s                                     0x00000000   Number         0  dc.o ABSOLUTE
    handlers.s                               0x00000000   Number         0  handlers.o ABSOLUTE
    init.s                                   0x00000000   Number         0  init.o ABSOLUTE
    main.c                                   0x00000000   Number         0  main.o ABSOLUTE
    main.c                                   0x00000000   Number         0  main.o ABSOLUTE
    stm32f10x_it.c                           0x00000000   Number         0  stm32f10x_it.o ABSOLUTE
    stm32f10x_it.c                           0x00000000   Number         0  stm32f10x_it.o ABSOLUTE
    system_stm32f10x.c                       0x00000000   Number         0  system_stm32f10x.o ABSOLUTE
    system_stm32f10x.c                       0x00000000   Number         0  system_stm32f10x.o ABSOLUTE
    temp.c                                   0x00000000   Number         0  temp.o ABSOLUTE
    temp.c                                   0x00000000   Number         0  temp.o ABSOLUTE
    user_get.c                               0x00000000   Number         0  user_get.o ABSOLUTE
    user_get.c                               0x00000000   Number         0  user_get.o ABSOLUTE
    RESET                                    0x08000000   Section      236  startup_stm32f10x_md.o(RESET)
    .ARM.Collect$$$$00000000                 0x080000ec   Section        0  entry.o(.ARM.Collect$$$$00000000)
    .ARM.Collect$$$$00000001                 0x080000ec   Section        4  entry2.o(.ARM.Collect$$$$00000001)
    .ARM.Collect$$$$00000004                 0x080000f0   Section        4  entry5.o(.ARM.Collect$$$$00000004)
    .ARM.Collect$$$$00000008                 0x080000f4   Section        0  entry7b.o(.ARM.Collect$$$$00000008)
    .ARM.Collect$$$$0000000A                 0x080000f4   Section        0  entry8b.o(.ARM.Collect$$$$0000000A)
    .ARM.Collect$$$$0000000B                 0x080000f4   Section        8  entry9a.o(.ARM.Collect$$$$0000000B)
    .ARM.Collect$$$$0000000E                 0x080000fc   Section        4  entry12b.o(.ARM.Collect$$$$0000000E)
    .ARM.Collect$$$$0000000F                 0x08000100   Section        0  entry10a.o(.ARM.Collect$$$$0000000F)
    .ARM.Collect$$$$00000011                 0x08000100   Section        0  entry11a.o(.ARM.Collect$$$$00000011)
    .ARM.Collect$$$$00002712                 0x08000100   Section        4  entry2.o(.ARM.Collect$$$$00002712)
    __lit__00000000                          0x08000100   Data           4  entry2.o(.ARM.Collect$$$$00002712)
    .text                                    0x08000104   Section        0  main.o(.text)
    .text                                    0x08000478   Section        0  stm32f10x_it.o(.text)
    .text                                    0x08000494   Section        0  system_stm32f10x.o(.text)
    SetSysClockTo72                          0x08000495   Thumb Code   214  system_stm32f10x.o(.text)
    SetSysClock                              0x0800056b   Thumb Code     8  system_stm32f10x.o(.text)
    .text                                    0x08000674   Section        0  led.o(.text)
    .text                                    0x080006d0   Section        0  key.o(.text)
    .text                                    0x0800078c   Section        0  timer.o(.text)
    .text                                    0x08000928   Section        0  ltc6804-1.o(.text)
    .text                                    0x08001618   Section        0  simulated_spi.o(.text)
    .text                                    0x08001720   Section        0  bsp_clkconfig.o(.text)
    .text                                    0x080017f8   Section        0  rtc.o(.text)
    RTC_NVIC_Config                          0x080017f9   Thumb Code    32  rtc.o(.text)
    .text                                    0x08001c70   Section        0  io_ctrl.o(.text)
    .text                                    0x08001d44   Section        0  can.o(.text)
    .text                                    0x08001ebc   Section        0  adc.o(.text)
    .text                                    0x08001fa4   Section        0  delay.o(.text)
    .text                                    0x08002078   Section        0  usart.o(.text)
    .text                                    0x08002328   Section       36  startup_stm32f10x_md.o(.text)
    .text                                    0x0800234c   Section        0  misc.o(.text)
    .text                                    0x08002428   Section        0  stm32f10x_gpio.o(.text)
    .text                                    0x08002784   Section        0  stm32f10x_rcc.o(.text)
    .text                                    0x08002b28   Section        0  stm32f10x_tim.o(.text)
    TI4_Config                               0x08002fcf   Thumb Code   130  stm32f10x_tim.o(.text)
    TI3_Config                               0x08003063   Thumb Code   122  stm32f10x_tim.o(.text)
    TI2_Config                               0x080030f7   Thumb Code   130  stm32f10x_tim.o(.text)
    TI1_Config                               0x0800318b   Thumb Code   108  stm32f10x_tim.o(.text)
    .text                                    0x08003944   Section        0  stm32f10x_usart.o(.text)
    .text                                    0x08003d4c   Section        0  stm32f10x_bkp.o(.text)
    .text                                    0x08003e10   Section        0  stm32f10x_pwr.o(.text)
    .text                                    0x08003edc   Section        0  stm32f10x_rtc.o(.text)
    .text                                    0x08004024   Section        0  stm32f10x_can.o(.text)
    CheckITStatus                            0x08004827   Thumb Code    18  stm32f10x_can.o(.text)
    .text                                    0x08004a14   Section        0  stm32f10x_adc.o(.text)
    .text                                    0x08004e64   Section        0  temp.o(.text)
    .text                                    0x08004f2c   Section        0  user_get.o(.text)
    .text                                    0x08005358   Section        0  filter.o(.text)
    .text                                    0x080056d4   Section        0  uldiv.o(.text)
    .text                                    0x08005736   Section        0  llshl.o(.text)
    .text                                    0x08005754   Section        0  llsshr.o(.text)
    .text                                    0x08005778   Section        0  memcpya.o(.text)
    .text                                    0x0800579c   Section        0  memseta.o(.text)
    .text                                    0x080057c0   Section        0  fadd.o(.text)
    .text                                    0x08005870   Section        0  fmul.o(.text)
    .text                                    0x080058d4   Section        0  fdiv.o(.text)
    .text                                    0x08005950   Section        0  dadd.o(.text)
    .text                                    0x08005a9e   Section        0  dmul.o(.text)
    .text                                    0x08005b82   Section        0  ddiv.o(.text)
    .text                                    0x08005c60   Section        0  fflti.o(.text)
    .text                                    0x08005c72   Section        0  ffltui.o(.text)
    .text                                    0x08005c7c   Section        0  dflti.o(.text)
    .text                                    0x08005c9e   Section        0  ffixi.o(.text)
    .text                                    0x08005cd0   Section        0  ffixui.o(.text)
    .text                                    0x08005cf8   Section        0  dfixui.o(.text)
    .text                                    0x08005d2a   Section        0  f2d.o(.text)
    .text                                    0x08005d50   Section       48  cdcmple.o(.text)
    .text                                    0x08005d80   Section       48  cdrcmple.o(.text)
    .text                                    0x08005db0   Section        0  d2f.o(.text)
    .text                                    0x08005de8   Section       20  cfrcmple.o(.text)
    .text                                    0x08005dfc   Section        0  uidiv.o(.text)
    .text                                    0x08005e28   Section        0  llushr.o(.text)
    .text                                    0x08005e48   Section        0  fepilogue.o(.text)
    .text                                    0x08005e48   Section        0  iusefp.o(.text)
    .text                                    0x08005eb6   Section        0  depilogue.o(.text)
    .text                                    0x08005f70   Section        0  dscalb.o(.text)
    .text                                    0x08005f9e   Section        0  dfixul.o(.text)
    .text                                    0x08005fd0   Section       36  init.o(.text)
    .text                                    0x08005ff4   Section        0  __dczerorl2.o(.text)
    i.__0printf                              0x0800604c   Section        0  printfa.o(i.__0printf)
    i.__kernel_poly                          0x0800606c   Section        0  poly.o(i.__kernel_poly)
    i.__mathlib_dbl_divzero                  0x08006118   Section        0  dunder.o(i.__mathlib_dbl_divzero)
    i.__mathlib_dbl_infnan                   0x08006128   Section        0  dunder.o(i.__mathlib_dbl_infnan)
    i.__mathlib_dbl_invalid                  0x0800612e   Section        0  dunder.o(i.__mathlib_dbl_invalid)
    i.__scatterload_copy                     0x0800613a   Section       14  handlers.o(i.__scatterload_copy)
    i.__scatterload_null                     0x08006148   Section        2  handlers.o(i.__scatterload_null)
    i.__scatterload_zeroinit                 0x0800614a   Section       14  handlers.o(i.__scatterload_zeroinit)
    i.__set_errno                            0x08006158   Section        0  errno.o(i.__set_errno)
    i._fp_digits                             0x08006164   Section        0  printfa.o(i._fp_digits)
    _fp_digits                               0x08006165   Thumb Code   366  printfa.o(i._fp_digits)
    i._printf_core                           0x080062e8   Section        0  printfa.o(i._printf_core)
    _printf_core                             0x080062e9   Thumb Code  1704  printfa.o(i._printf_core)
    i._printf_post_padding                   0x0800699c   Section        0  printfa.o(i._printf_post_padding)
    _printf_post_padding                     0x0800699d   Thumb Code    36  printfa.o(i._printf_post_padding)
    i._printf_pre_padding                    0x080069c0   Section        0  printfa.o(i._printf_pre_padding)
    _printf_pre_padding                      0x080069c1   Thumb Code    46  printfa.o(i._printf_pre_padding)
    i.log                                    0x080069f0   Section        0  log.o(i.log)
    .constdata                               0x08006d4c   Section     1032  ltc6804-1.o(.constdata)
    crc15Table                               0x08006d4c   Data        1024  ltc6804-1.o(.constdata)
    .constdata                               0x08007154   Section       24  rtc.o(.constdata)
    .constdata                               0x08007170   Section       56  log.o(.constdata)
    Lg2                                      0x08007170   Data          24  log.o(.constdata)
    Lg                                       0x08007188   Data          32  log.o(.constdata)
    .constdata                               0x080071a8   Section        8  qnan.o(.constdata)
    .data                                    0x20000000   Section       10  main.o(.data)
    .data                                    0x2000000c   Section       20  system_stm32f10x.o(.data)
    .data                                    0x20000020   Section        1  key.o(.data)
    key_up                                   0x20000020   Data           1  key.o(.data)
    .data                                    0x20000021   Section       18  ltc6804-1.o(.data)
    .data                                    0x20000034   Section        2  rtc.o(.data)
    daycnt                                   0x20000034   Data           2  rtc.o(.data)
    .data                                    0x20000036   Section        4  delay.o(.data)
    fac_us                                   0x20000036   Data           1  delay.o(.data)
    fac_ms                                   0x20000038   Data           2  delay.o(.data)
    .data                                    0x2000003a   Section        4  usart.o(.data)
    .data                                    0x2000003e   Section       20  stm32f10x_rcc.o(.data)
    APBAHBPrescTable                         0x2000003e   Data          16  stm32f10x_rcc.o(.data)
    ADCPrescTable                            0x2000004e   Data           4  stm32f10x_rcc.o(.data)
    .data                                    0x20000054   Section      744  user_get.o(.data)
    state_i                                  0x20000338   Data           4  user_get.o(.data)
    .data                                    0x2000033c   Section        4  filter.o(.data)
    .data                                    0x20000340   Section        4  stdout.o(.data)
    .data                                    0x20000344   Section        4  errno.o(.data)
    _errno                                   0x20000344   Data           4  errno.o(.data)
    .bss                                     0x20000348   Section       10  rtc.o(.bss)
    .bss                                     0x20000352   Section      200  usart.o(.bss)
    .bss                                     0x2000041c   Section      968  user_get.o(.bss)
    .bss                                     0x200007e4   Section      202  filter.o(.bss)
    middle                                   0x200008a4   Data          10  filter.o(.bss)
    STACK                                    0x200008b0   Section     1024  startup_stm32f10x_md.o(STACK)

    Global Symbols

    Symbol Name                              Value     Ov Type        Size  Object(Section)

    BuildAttributes$$THM_ISAv4$P$D$K$B$S$PE$A:L22UL41UL21$X:L11$S22US41US21$IEEE1$IW$USESV6$~STKCKD$USESV7$~SHL$OTIME$ROPI$IEEEX$EBA8$MICROLIB$REQ8$PRES8$EABIv2 0x00000000   Number         0  anon$$obj.o ABSOLUTE
    __ARM_use_no_argv                        0x00000000   Number         0  main.o ABSOLUTE
    _printf_a                                0x00000000   Number         0  stubs.o ABSOLUTE
    _printf_c                                0x00000000   Number         0  stubs.o ABSOLUTE
    _printf_charcount                        0x00000000   Number         0  stubs.o ABSOLUTE
    _printf_d                                0x00000000   Number         0  stubs.o ABSOLUTE
    _printf_e                                0x00000000   Number         0  stubs.o ABSOLUTE
    _printf_f                                0x00000000   Number         0  stubs.o ABSOLUTE
    _printf_flags                            0x00000000   Number         0  stubs.o ABSOLUTE
    _printf_fp_dec                           0x00000000   Number         0  stubs.o ABSOLUTE
    _printf_fp_hex                           0x00000000   Number         0  stubs.o ABSOLUTE
    _printf_g                                0x00000000   Number         0  stubs.o ABSOLUTE
    _printf_i                                0x00000000   Number         0  stubs.o ABSOLUTE
    _printf_int_dec                          0x00000000   Number         0  stubs.o ABSOLUTE
    _printf_l                                0x00000000   Number         0  stubs.o ABSOLUTE
    _printf_lc                               0x00000000   Number         0  stubs.o ABSOLUTE
    _printf_ll                               0x00000000   Number         0  stubs.o ABSOLUTE
    _printf_lld                              0x00000000   Number         0  stubs.o ABSOLUTE
    _printf_lli                              0x00000000   Number         0  stubs.o ABSOLUTE
    _printf_llo                              0x00000000   Number         0  stubs.o ABSOLUTE
    _printf_llu                              0x00000000   Number         0  stubs.o ABSOLUTE
    _printf_llx                              0x00000000   Number         0  stubs.o ABSOLUTE
    _printf_longlong_dec                     0x00000000   Number         0  stubs.o ABSOLUTE
    _printf_longlong_hex                     0x00000000   Number         0  stubs.o ABSOLUTE
    _printf_longlong_oct                     0x00000000   Number         0  stubs.o ABSOLUTE
    _printf_ls                               0x00000000   Number         0  stubs.o ABSOLUTE
    _printf_mbtowc                           0x00000000   Number         0  stubs.o ABSOLUTE
    _printf_n                                0x00000000   Number         0  stubs.o ABSOLUTE
    _printf_o                                0x00000000   Number         0  stubs.o ABSOLUTE
    _printf_p                                0x00000000   Number         0  stubs.o ABSOLUTE
    _printf_percent                          0x00000000   Number         0  stubs.o ABSOLUTE
    _printf_pre_padding                      0x00000000   Number         0  stubs.o ABSOLUTE
    _printf_return_value                     0x00000000   Number         0  stubs.o ABSOLUTE
    _printf_s                                0x00000000   Number         0  stubs.o ABSOLUTE
    _printf_sizespec                         0x00000000   Number         0  stubs.o ABSOLUTE
    _printf_str                              0x00000000   Number         0  stubs.o ABSOLUTE
    _printf_truncate_signed                  0x00000000   Number         0  stubs.o ABSOLUTE
    _printf_truncate_unsigned                0x00000000   Number         0  stubs.o ABSOLUTE
    _printf_u                                0x00000000   Number         0  stubs.o ABSOLUTE
    _printf_wc                               0x00000000   Number         0  stubs.o ABSOLUTE
    _printf_wctomb                           0x00000000   Number         0  stubs.o ABSOLUTE
    _printf_widthprec                        0x00000000   Number         0  stubs.o ABSOLUTE
    _printf_x                                0x00000000   Number         0  stubs.o ABSOLUTE
    __arm_fini_                               - Undefined Weak Reference
    __cpp_initialize__aeabi_                  - Undefined Weak Reference
    __cxa_finalize                            - Undefined Weak Reference
    _clock_init                               - Undefined Weak Reference
    _microlib_exit                            - Undefined Weak Reference
    __Vectors_Size                           0x000000ec   Number         0  startup_stm32f10x_md.o ABSOLUTE
    __Vectors                                0x08000000   Data           4  startup_stm32f10x_md.o(RESET)
    __Vectors_End                            0x080000ec   Data           0  startup_stm32f10x_md.o(RESET)
    __main                                   0x080000ed   Thumb Code     0  entry.o(.ARM.Collect$$$$00000000)
    _main_stk                                0x080000ed   Thumb Code     0  entry2.o(.ARM.Collect$$$$00000001)
    _main_scatterload                        0x080000f1   Thumb Code     0  entry5.o(.ARM.Collect$$$$00000004)
    __main_after_scatterload                 0x080000f5   Thumb Code     0  entry5.o(.ARM.Collect$$$$00000004)
    _main_clock                              0x080000f5   Thumb Code     0  entry7b.o(.ARM.Collect$$$$00000008)
    _main_cpp_init                           0x080000f5   Thumb Code     0  entry8b.o(.ARM.Collect$$$$0000000A)
    _main_init                               0x080000f5   Thumb Code     0  entry9a.o(.ARM.Collect$$$$0000000B)
    __rt_lib_shutdown_fini                   0x080000fd   Thumb Code     0  entry12b.o(.ARM.Collect$$$$0000000E)
    __rt_final_cpp                           0x08000101   Thumb Code     0  entry10a.o(.ARM.Collect$$$$0000000F)
    __rt_final_exit                          0x08000101   Thumb Code     0  entry11a.o(.ARM.Collect$$$$00000011)
    charge_management                        0x08000105   Thumb Code   192  main.o(.text)
    BMS_STA                                  0x080001c5   Thumb Code   104  main.o(.text)
    CAN_SEND                                 0x0800022d   Thumb Code   268  main.o(.text)
    main                                     0x08000339   Thumb Code   226  main.o(.text)
    NMI_Handler                              0x08000479   Thumb Code     2  stm32f10x_it.o(.text)
    HardFault_Handler                        0x0800047b   Thumb Code     4  stm32f10x_it.o(.text)
    MemManage_Handler                        0x0800047f   Thumb Code     4  stm32f10x_it.o(.text)
    BusFault_Handler                         0x08000483   Thumb Code     4  stm32f10x_it.o(.text)
    UsageFault_Handler                       0x08000487   Thumb Code     4  stm32f10x_it.o(.text)
    SVC_Handler                              0x0800048b   Thumb Code     2  stm32f10x_it.o(.text)
    DebugMon_Handler                         0x0800048d   Thumb Code     2  stm32f10x_it.o(.text)
    PendSV_Handler                           0x0800048f   Thumb Code     2  stm32f10x_it.o(.text)
    SysTick_Handler                          0x08000491   Thumb Code     2  stm32f10x_it.o(.text)
    SystemInit                               0x08000573   Thumb Code    78  system_stm32f10x.o(.text)
    SystemCoreClockUpdate                    0x080005c1   Thumb Code   142  system_stm32f10x.o(.text)
    LED_Init                                 0x08000675   Thumb Code    84  led.o(.text)
    KEY_Init                                 0x080006d1   Thumb Code    32  key.o(.text)
    KEY_Scan                                 0x080006f1   Thumb Code   146  key.o(.text)
    TIM3_Int_Init                            0x0800078d   Thumb Code    90  timer.o(.text)
    TIM3_IRQHandler                          0x080007e7   Thumb Code    38  timer.o(.text)
    TIM3_PWM_Init                            0x0800080d   Thumb Code   180  timer.o(.text)
    TIM2_Init                                0x080008c1   Thumb Code    52  timer.o(.text)
    TIM2_GetCounter                          0x080008f5   Thumb Code    12  timer.o(.text)
    TIM2_GetElapsedTime                      0x08000901   Thumb Code    22  timer.o(.text)
    set_adc                                  0x08000929   Thumb Code    54  ltc6804-1.o(.text)
    LTC6804_initialize                       0x0800095f   Thumb Code    16  ltc6804-1.o(.text)
    spi_write_array                          0x0800096f   Thumb Code    26  ltc6804-1.o(.text)
    wakeup_idle                              0x08000989   Thumb Code    30  ltc6804-1.o(.text)
    pec15_calc                               0x080009a7   Thumb Code    50  ltc6804-1.o(.text)
    LTC6804_adcv                             0x080009d9   Thumb Code    78  ltc6804-1.o(.text)
    LTC6804_adax                             0x08000a27   Thumb Code    78  ltc6804-1.o(.text)
    spi_write_read                           0x08000a75   Thumb Code    54  ltc6804-1.o(.text)
    LTC6804_rdcv_reg                         0x08000aab   Thumb Code   164  ltc6804-1.o(.text)
    LTC6804_rdcv                             0x08000b4f   Thumb Code   302  ltc6804-1.o(.text)
    LTC6804_rdaux_reg                        0x08000c7d   Thumb Code   138  ltc6804-1.o(.text)
    LTC6804_rdaux                            0x08000d07   Thumb Code   324  ltc6804-1.o(.text)
    LTC6804_clrcell                          0x08000e4b   Thumb Code    78  ltc6804-1.o(.text)
    LTC6804_clraux                           0x08000e99   Thumb Code    78  ltc6804-1.o(.text)
    LTC6804_wrcfg                            0x08000ee7   Thumb Code   180  ltc6804-1.o(.text)
    LTC6804_rdcfg                            0x08000f9b   Thumb Code   170  ltc6804-1.o(.text)
    delayMicroseconds                        0x08001045   Thumb Code    24  ltc6804-1.o(.text)
    wakeup_sleep                             0x0800105d   Thumb Code    30  ltc6804-1.o(.text)
    LTC6804_cvst                             0x0800107b   Thumb Code    74  ltc6804-1.o(.text)
    LTC6804_ADSTAT                           0x080010c5   Thumb Code    74  ltc6804-1.o(.text)
    LTC6804_rdstat_reg                       0x0800110f   Thumb Code   130  ltc6804-1.o(.text)
    LTC6804_rdstat                           0x08001191   Thumb Code   312  ltc6804-1.o(.text)
    LTC6804_adcvax                           0x080012c9   Thumb Code    86  ltc6804-1.o(.text)
    Write_Balance_Commond                    0x0800131f   Thumb Code    98  ltc6804-1.o(.text)
    LTC6804_adow_set_pup                     0x08001381   Thumb Code    74  ltc6804-1.o(.text)
    LTC6804_adow_reset_pup                   0x080013cb   Thumb Code    74  ltc6804-1.o(.text)
    LTC6804_wrcomm_cfg                       0x08001415   Thumb Code   192  ltc6804-1.o(.text)
    stcomm_config                            0x080014d5   Thumb Code   130  ltc6804-1.o(.text)
    rdcomm_rdcfg                             0x08001557   Thumb Code   184  ltc6804-1.o(.text)
    Simulated_SPI_IoInit                     0x08001619   Thumb Code   110  simulated_spi.o(.text)
    SPI2_ReadWriteByte                       0x08001687   Thumb Code   128  simulated_spi.o(.text)
    SPI_ReadByte                             0x08001707   Thumb Code    10  simulated_spi.o(.text)
    SPI_WriteByte                            0x08001711   Thumb Code    12  simulated_spi.o(.text)
    HSE_SetSysClock                          0x08001721   Thumb Code   106  bsp_clkconfig.o(.text)
    HSI_SetSysClock                          0x0800178b   Thumb Code   104  bsp_clkconfig.o(.text)
    RTC_Get_Week                             0x08001819   Thumb Code   116  rtc.o(.text)
    Is_Leap_Year                             0x0800188d   Thumb Code    58  rtc.o(.text)
    RTC_Get                                  0x080018c7   Thumb Code   240  rtc.o(.text)
    RTC_Set                                  0x080019b7   Thumb Code   184  rtc.o(.text)
    RTC_Init                                 0x08001a6f   Thumb Code   192  rtc.o(.text)
    RTC_IRQHandler                           0x08001b2f   Thumb Code    76  rtc.o(.text)
    RTC_Alarm_Set                            0x08001b7b   Thumb Code   184  rtc.o(.text)
    IO_CTRL_Config                           0x08001c71   Thumb Code    98  io_ctrl.o(.text)
    Only_Open_CHG                            0x08001cd3   Thumb Code    14  io_ctrl.o(.text)
    Only_Close_CHG                           0x08001ce1   Thumb Code    14  io_ctrl.o(.text)
    Only_Open_DSG                            0x08001cef   Thumb Code    14  io_ctrl.o(.text)
    Only_Close_DSG                           0x08001cfd   Thumb Code    14  io_ctrl.o(.text)
    Open_DSG_CHG                             0x08001d0b   Thumb Code    24  io_ctrl.o(.text)
    Close_DSG_CHG                            0x08001d23   Thumb Code    24  io_ctrl.o(.text)
    CAN_Mode_Init                            0x08001d45   Thumb Code   200  can.o(.text)
    Can_Send_Msg                             0x08001e0d   Thumb Code   110  can.o(.text)
    Can_Receive_Msg                          0x08001e7b   Thumb Code    56  can.o(.text)
    Adc_Init                                 0x08001ebd   Thumb Code   132  adc.o(.text)
    Get_Adc                                  0x08001f41   Thumb Code    46  adc.o(.text)
    Get_Adc_Average                          0x08001f6f   Thumb Code    46  adc.o(.text)
    delay_init                               0x08001fa5   Thumb Code    50  delay.o(.text)
    delay_us                                 0x08001fd7   Thumb Code    72  delay.o(.text)
    delay_ms                                 0x0800201f   Thumb Code    72  delay.o(.text)
    fputc                                    0x08002079   Thumb Code    32  usart.o(.text)
    GetKey                                   0x08002099   Thumb Code    26  usart.o(.text)
    uart_init                                0x080020b3   Thumb Code   152  usart.o(.text)
    USART1_IRQHandler                        0x0800214b   Thumb Code    82  usart.o(.text)
    Usart_SendByte                           0x0800219d   Thumb Code    30  usart.o(.text)
    Usart_SendString                         0x080021bb   Thumb Code    42  usart.o(.text)
    Usart_SendHalfWord                       0x080021e5   Thumb Code    60  usart.o(.text)
    Usart_Send_Array                         0x08002221   Thumb Code    48  usart.o(.text)
    RECEICE_DATA_DEAL                        0x08002251   Thumb Code   182  usart.o(.text)
    Reset_Handler                            0x08002329   Thumb Code     8  startup_stm32f10x_md.o(.text)
    ADC1_2_IRQHandler                        0x08002343   Thumb Code     0  startup_stm32f10x_md.o(.text)
    CAN1_RX1_IRQHandler                      0x08002343   Thumb Code     0  startup_stm32f10x_md.o(.text)
    CAN1_SCE_IRQHandler                      0x08002343   Thumb Code     0  startup_stm32f10x_md.o(.text)
    DMA1_Channel1_IRQHandler                 0x08002343   Thumb Code     0  startup_stm32f10x_md.o(.text)
    DMA1_Channel2_IRQHandler                 0x08002343   Thumb Code     0  startup_stm32f10x_md.o(.text)
    DMA1_Channel3_IRQHandler                 0x08002343   Thumb Code     0  startup_stm32f10x_md.o(.text)
    DMA1_Channel4_IRQHandler                 0x08002343   Thumb Code     0  startup_stm32f10x_md.o(.text)
    DMA1_Channel5_IRQHandler                 0x08002343   Thumb Code     0  startup_stm32f10x_md.o(.text)
    DMA1_Channel6_IRQHandler                 0x08002343   Thumb Code     0  startup_stm32f10x_md.o(.text)
    DMA1_Channel7_IRQHandler                 0x08002343   Thumb Code     0  startup_stm32f10x_md.o(.text)
    EXTI0_IRQHandler                         0x08002343   Thumb Code     0  startup_stm32f10x_md.o(.text)
    EXTI15_10_IRQHandler                     0x08002343   Thumb Code     0  startup_stm32f10x_md.o(.text)
    EXTI1_IRQHandler                         0x08002343   Thumb Code     0  startup_stm32f10x_md.o(.text)
    EXTI2_IRQHandler                         0x08002343   Thumb Code     0  startup_stm32f10x_md.o(.text)
    EXTI3_IRQHandler                         0x08002343   Thumb Code     0  startup_stm32f10x_md.o(.text)
    EXTI4_IRQHandler                         0x08002343   Thumb Code     0  startup_stm32f10x_md.o(.text)
    EXTI9_5_IRQHandler                       0x08002343   Thumb Code     0  startup_stm32f10x_md.o(.text)
    FLASH_IRQHandler                         0x08002343   Thumb Code     0  startup_stm32f10x_md.o(.text)
    I2C1_ER_IRQHandler                       0x08002343   Thumb Code     0  startup_stm32f10x_md.o(.text)
    I2C1_EV_IRQHandler                       0x08002343   Thumb Code     0  startup_stm32f10x_md.o(.text)
    I2C2_ER_IRQHandler                       0x08002343   Thumb Code     0  startup_stm32f10x_md.o(.text)
    I2C2_EV_IRQHandler                       0x08002343   Thumb Code     0  startup_stm32f10x_md.o(.text)
    PVD_IRQHandler                           0x08002343   Thumb Code     0  startup_stm32f10x_md.o(.text)
    RCC_IRQHandler                           0x08002343   Thumb Code     0  startup_stm32f10x_md.o(.text)
    RTCAlarm_IRQHandler                      0x08002343   Thumb Code     0  startup_stm32f10x_md.o(.text)
    SPI1_IRQHandler                          0x08002343   Thumb Code     0  startup_stm32f10x_md.o(.text)
    SPI2_IRQHandler                          0x08002343   Thumb Code     0  startup_stm32f10x_md.o(.text)
    TAMPER_IRQHandler                        0x08002343   Thumb Code     0  startup_stm32f10x_md.o(.text)
    TIM1_BRK_IRQHandler                      0x08002343   Thumb Code     0  startup_stm32f10x_md.o(.text)
    TIM1_CC_IRQHandler                       0x08002343   Thumb Code     0  startup_stm32f10x_md.o(.text)
    TIM1_TRG_COM_IRQHandler                  0x08002343   Thumb Code     0  startup_stm32f10x_md.o(.text)
    TIM1_UP_IRQHandler                       0x08002343   Thumb Code     0  startup_stm32f10x_md.o(.text)
    TIM2_IRQHandler                          0x08002343   Thumb Code     0  startup_stm32f10x_md.o(.text)
    TIM4_IRQHandler                          0x08002343   Thumb Code     0  startup_stm32f10x_md.o(.text)
    USART2_IRQHandler                        0x08002343   Thumb Code     0  startup_stm32f10x_md.o(.text)
    USART3_IRQHandler                        0x08002343   Thumb Code     0  startup_stm32f10x_md.o(.text)
    USBWakeUp_IRQHandler                     0x08002343   Thumb Code     0  startup_stm32f10x_md.o(.text)
    USB_HP_CAN1_TX_IRQHandler                0x08002343   Thumb Code     0  startup_stm32f10x_md.o(.text)
    USB_LP_CAN1_RX0_IRQHandler               0x08002343   Thumb Code     0  startup_stm32f10x_md.o(.text)
    WWDG_IRQHandler                          0x08002343   Thumb Code     0  startup_stm32f10x_md.o(.text)
    NVIC_PriorityGroupConfig                 0x0800234d   Thumb Code    10  misc.o(.text)
    NVIC_Init                                0x08002357   Thumb Code   100  misc.o(.text)
    NVIC_SetVectorTable                      0x080023bb   Thumb Code    14  misc.o(.text)
    NVIC_SystemLPConfig                      0x080023c9   Thumb Code    34  misc.o(.text)
    SysTick_CLKSourceConfig                  0x080023eb   Thumb Code    40  misc.o(.text)
    GPIO_DeInit                              0x08002429   Thumb Code   172  stm32f10x_gpio.o(.text)
    GPIO_AFIODeInit                          0x080024d5   Thumb Code    20  stm32f10x_gpio.o(.text)
    GPIO_Init                                0x080024e9   Thumb Code   278  stm32f10x_gpio.o(.text)
    GPIO_StructInit                          0x080025ff   Thumb Code    16  stm32f10x_gpio.o(.text)
    GPIO_ReadInputDataBit                    0x0800260f   Thumb Code    18  stm32f10x_gpio.o(.text)
    GPIO_ReadInputData                       0x08002621   Thumb Code     8  stm32f10x_gpio.o(.text)
    GPIO_ReadOutputDataBit                   0x08002629   Thumb Code    18  stm32f10x_gpio.o(.text)
    GPIO_ReadOutputData                      0x0800263b   Thumb Code     8  stm32f10x_gpio.o(.text)
    GPIO_SetBits                             0x08002643   Thumb Code     4  stm32f10x_gpio.o(.text)
    GPIO_ResetBits                           0x08002647   Thumb Code     4  stm32f10x_gpio.o(.text)
    GPIO_WriteBit                            0x0800264b   Thumb Code    10  stm32f10x_gpio.o(.text)
    GPIO_Write                               0x08002655   Thumb Code     4  stm32f10x_gpio.o(.text)
    GPIO_PinLockConfig                       0x08002659   Thumb Code    18  stm32f10x_gpio.o(.text)
    GPIO_EventOutputConfig                   0x0800266b   Thumb Code    26  stm32f10x_gpio.o(.text)
    GPIO_EventOutputCmd                      0x08002685   Thumb Code     6  stm32f10x_gpio.o(.text)
    GPIO_PinRemapConfig                      0x0800268b   Thumb Code   138  stm32f10x_gpio.o(.text)
    GPIO_EXTILineConfig                      0x08002715   Thumb Code    66  stm32f10x_gpio.o(.text)
    GPIO_ETH_MediaInterfaceConfig            0x08002757   Thumb Code     8  stm32f10x_gpio.o(.text)
    RCC_DeInit                               0x08002785   Thumb Code    64  stm32f10x_rcc.o(.text)
    RCC_HSEConfig                            0x080027c5   Thumb Code    70  stm32f10x_rcc.o(.text)
    RCC_GetFlagStatus                        0x0800280b   Thumb Code    56  stm32f10x_rcc.o(.text)
    RCC_WaitForHSEStartUp                    0x08002843   Thumb Code    56  stm32f10x_rcc.o(.text)
    RCC_AdjustHSICalibrationValue            0x0800287b   Thumb Code    20  stm32f10x_rcc.o(.text)
    RCC_HSICmd                               0x0800288f   Thumb Code     6  stm32f10x_rcc.o(.text)
    RCC_PLLConfig                            0x08002895   Thumb Code    24  stm32f10x_rcc.o(.text)
    RCC_PLLCmd                               0x080028ad   Thumb Code     6  stm32f10x_rcc.o(.text)
    RCC_SYSCLKConfig                         0x080028b3   Thumb Code    18  stm32f10x_rcc.o(.text)
    RCC_GetSYSCLKSource                      0x080028c5   Thumb Code    10  stm32f10x_rcc.o(.text)
    RCC_HCLKConfig                           0x080028cf   Thumb Code    18  stm32f10x_rcc.o(.text)
    RCC_PCLK1Config                          0x080028e1   Thumb Code    18  stm32f10x_rcc.o(.text)
    RCC_PCLK2Config                          0x080028f3   Thumb Code    20  stm32f10x_rcc.o(.text)
    RCC_ITConfig                             0x08002907   Thumb Code    26  stm32f10x_rcc.o(.text)
    RCC_USBCLKConfig                         0x08002921   Thumb Code     8  stm32f10x_rcc.o(.text)
    RCC_ADCCLKConfig                         0x08002929   Thumb Code    18  stm32f10x_rcc.o(.text)
    RCC_LSEConfig                            0x0800293b   Thumb Code    50  stm32f10x_rcc.o(.text)
    RCC_LSICmd                               0x0800296d   Thumb Code     6  stm32f10x_rcc.o(.text)
    RCC_RTCCLKConfig                         0x08002973   Thumb Code    12  stm32f10x_rcc.o(.text)
    RCC_RTCCLKCmd                            0x0800297f   Thumb Code     8  stm32f10x_rcc.o(.text)
    RCC_GetClocksFreq                        0x08002987   Thumb Code   192  stm32f10x_rcc.o(.text)
    RCC_AHBPeriphClockCmd                    0x08002a47   Thumb Code    26  stm32f10x_rcc.o(.text)
    RCC_APB2PeriphClockCmd                   0x08002a61   Thumb Code    26  stm32f10x_rcc.o(.text)
    RCC_APB1PeriphClockCmd                   0x08002a7b   Thumb Code    26  stm32f10x_rcc.o(.text)
    RCC_APB2PeriphResetCmd                   0x08002a95   Thumb Code    26  stm32f10x_rcc.o(.text)
    RCC_APB1PeriphResetCmd                   0x08002aaf   Thumb Code    26  stm32f10x_rcc.o(.text)
    RCC_BackupResetCmd                       0x08002ac9   Thumb Code     8  stm32f10x_rcc.o(.text)
    RCC_ClockSecuritySystemCmd               0x08002ad1   Thumb Code     6  stm32f10x_rcc.o(.text)
    RCC_MCOConfig                            0x08002ad7   Thumb Code     6  stm32f10x_rcc.o(.text)
    RCC_ClearFlag                            0x08002add   Thumb Code    14  stm32f10x_rcc.o(.text)
    RCC_GetITStatus                          0x08002aeb   Thumb Code    20  stm32f10x_rcc.o(.text)
    RCC_ClearITPendingBit                    0x08002aff   Thumb Code     6  stm32f10x_rcc.o(.text)
    TIM_DeInit                               0x08002b29   Thumb Code   424  stm32f10x_tim.o(.text)
    TIM_TimeBaseInit                         0x08002cd1   Thumb Code   122  stm32f10x_tim.o(.text)
    TIM_OC1Init                              0x08002d4b   Thumb Code   132  stm32f10x_tim.o(.text)
    TIM_OC2Init                              0x08002dcf   Thumb Code   154  stm32f10x_tim.o(.text)
    TIM_OC3Init                              0x08002e69   Thumb Code   150  stm32f10x_tim.o(.text)
    TIM_OC4Init                              0x08002eff   Thumb Code   182  stm32f10x_tim.o(.text)
    TIM_SetIC4Prescaler                      0x08002fb5   Thumb Code    26  stm32f10x_tim.o(.text)
    TIM_SetIC3Prescaler                      0x08003051   Thumb Code    18  stm32f10x_tim.o(.text)
    TIM_SetIC2Prescaler                      0x080030dd   Thumb Code    26  stm32f10x_tim.o(.text)
    TIM_SetIC1Prescaler                      0x08003179   Thumb Code    18  stm32f10x_tim.o(.text)
    TIM_ICInit                               0x080031f7   Thumb Code   150  stm32f10x_tim.o(.text)
    TIM_PWMIConfig                           0x0800328d   Thumb Code   124  stm32f10x_tim.o(.text)
    TIM_BDTRConfig                           0x08003309   Thumb Code    32  stm32f10x_tim.o(.text)
    TIM_TimeBaseStructInit                   0x08003329   Thumb Code    18  stm32f10x_tim.o(.text)
    TIM_OCStructInit                         0x0800333b   Thumb Code    20  stm32f10x_tim.o(.text)
    TIM_ICStructInit                         0x0800334f   Thumb Code    18  stm32f10x_tim.o(.text)
    TIM_BDTRStructInit                       0x08003361   Thumb Code    40  stm32f10x_tim.o(.text)
    TIM_Cmd                                  0x08003389   Thumb Code    24  stm32f10x_tim.o(.text)
    TIM_CtrlPWMOutputs                       0x080033a1   Thumb Code    30  stm32f10x_tim.o(.text)
    TIM_ITConfig                             0x080033bf   Thumb Code    18  stm32f10x_tim.o(.text)
    TIM_GenerateEvent                        0x080033d1   Thumb Code     4  stm32f10x_tim.o(.text)
    TIM_DMAConfig                            0x080033d5   Thumb Code    10  stm32f10x_tim.o(.text)
    TIM_DMACmd                               0x080033df   Thumb Code    18  stm32f10x_tim.o(.text)
    TIM_InternalClockConfig                  0x080033f1   Thumb Code    12  stm32f10x_tim.o(.text)
    TIM_SelectInputTrigger                   0x080033fd   Thumb Code    18  stm32f10x_tim.o(.text)
    TIM_ITRxExternalClockConfig              0x0800340f   Thumb Code    24  stm32f10x_tim.o(.text)
    TIM_TIxExternalClockConfig               0x08003427   Thumb Code    62  stm32f10x_tim.o(.text)
    TIM_ETRConfig                            0x08003465   Thumb Code    28  stm32f10x_tim.o(.text)
    TIM_ETRClockMode1Config                  0x08003481   Thumb Code    54  stm32f10x_tim.o(.text)
    TIM_ETRClockMode2Config                  0x080034b7   Thumb Code    32  stm32f10x_tim.o(.text)
    TIM_PrescalerConfig                      0x080034d7   Thumb Code     6  stm32f10x_tim.o(.text)
    TIM_CounterModeConfig                    0x080034dd   Thumb Code    18  stm32f10x_tim.o(.text)
    TIM_EncoderInterfaceConfig               0x080034ef   Thumb Code    66  stm32f10x_tim.o(.text)
    TIM_ForcedOC1Config                      0x08003531   Thumb Code    18  stm32f10x_tim.o(.text)
    TIM_ForcedOC2Config                      0x08003543   Thumb Code    26  stm32f10x_tim.o(.text)
    TIM_ForcedOC3Config                      0x0800355d   Thumb Code    18  stm32f10x_tim.o(.text)
    TIM_ForcedOC4Config                      0x0800356f   Thumb Code    26  stm32f10x_tim.o(.text)
    TIM_ARRPreloadConfig                     0x08003589   Thumb Code    24  stm32f10x_tim.o(.text)
    TIM_SelectCOM                            0x080035a1   Thumb Code    24  stm32f10x_tim.o(.text)
    TIM_SelectCCDMA                          0x080035b9   Thumb Code    24  stm32f10x_tim.o(.text)
    TIM_CCPreloadControl                     0x080035d1   Thumb Code    24  stm32f10x_tim.o(.text)
    TIM_OC1PreloadConfig                     0x080035e9   Thumb Code    18  stm32f10x_tim.o(.text)
    TIM_OC2PreloadConfig                     0x080035fb   Thumb Code    26  stm32f10x_tim.o(.text)
    TIM_OC3PreloadConfig                     0x08003615   Thumb Code    18  stm32f10x_tim.o(.text)
    TIM_OC4PreloadConfig                     0x08003627   Thumb Code    26  stm32f10x_tim.o(.text)
    TIM_OC1FastConfig                        0x08003641   Thumb Code    18  stm32f10x_tim.o(.text)
    TIM_OC2FastConfig                        0x08003653   Thumb Code    26  stm32f10x_tim.o(.text)
    TIM_OC3FastConfig                        0x0800366d   Thumb Code    18  stm32f10x_tim.o(.text)
    TIM_OC4FastConfig                        0x0800367f   Thumb Code    26  stm32f10x_tim.o(.text)
    TIM_ClearOC1Ref                          0x08003699   Thumb Code    18  stm32f10x_tim.o(.text)
    TIM_ClearOC2Ref                          0x080036ab   Thumb Code    24  stm32f10x_tim.o(.text)
    TIM_ClearOC3Ref                          0x080036c3   Thumb Code    18  stm32f10x_tim.o(.text)
    TIM_ClearOC4Ref                          0x080036d5   Thumb Code    24  stm32f10x_tim.o(.text)
    TIM_OC1PolarityConfig                    0x080036ed   Thumb Code    18  stm32f10x_tim.o(.text)
    TIM_OC1NPolarityConfig                   0x080036ff   Thumb Code    18  stm32f10x_tim.o(.text)
    TIM_OC2PolarityConfig                    0x08003711   Thumb Code    26  stm32f10x_tim.o(.text)
    TIM_OC2NPolarityConfig                   0x0800372b   Thumb Code    26  stm32f10x_tim.o(.text)
    TIM_OC3PolarityConfig                    0x08003745   Thumb Code    26  stm32f10x_tim.o(.text)
    TIM_OC3NPolarityConfig                   0x0800375f   Thumb Code    26  stm32f10x_tim.o(.text)
    TIM_OC4PolarityConfig                    0x08003779   Thumb Code    26  stm32f10x_tim.o(.text)
    TIM_CCxCmd                               0x08003793   Thumb Code    30  stm32f10x_tim.o(.text)
    TIM_CCxNCmd                              0x080037b1   Thumb Code    30  stm32f10x_tim.o(.text)
    TIM_SelectOCxM                           0x080037cf   Thumb Code    82  stm32f10x_tim.o(.text)
    TIM_UpdateDisableConfig                  0x08003821   Thumb Code    24  stm32f10x_tim.o(.text)
    TIM_UpdateRequestConfig                  0x08003839   Thumb Code    24  stm32f10x_tim.o(.text)
    TIM_SelectHallSensor                     0x08003851   Thumb Code    24  stm32f10x_tim.o(.text)
    TIM_SelectOnePulseMode                   0x08003869   Thumb Code    18  stm32f10x_tim.o(.text)
    TIM_SelectOutputTrigger                  0x0800387b   Thumb Code    18  stm32f10x_tim.o(.text)
    TIM_SelectSlaveMode                      0x0800388d   Thumb Code    18  stm32f10x_tim.o(.text)
    TIM_SelectMasterSlaveMode                0x0800389f   Thumb Code    18  stm32f10x_tim.o(.text)
    TIM_SetCounter                           0x080038b1   Thumb Code     4  stm32f10x_tim.o(.text)
    TIM_SetAutoreload                        0x080038b5   Thumb Code     4  stm32f10x_tim.o(.text)
    TIM_SetCompare1                          0x080038b9   Thumb Code     4  stm32f10x_tim.o(.text)
    TIM_SetCompare2                          0x080038bd   Thumb Code     4  stm32f10x_tim.o(.text)
    TIM_SetCompare3                          0x080038c1   Thumb Code     4  stm32f10x_tim.o(.text)
    TIM_SetCompare4                          0x080038c5   Thumb Code     6  stm32f10x_tim.o(.text)
    TIM_SetClockDivision                     0x080038cb   Thumb Code    18  stm32f10x_tim.o(.text)
    TIM_GetCapture1                          0x080038dd   Thumb Code     6  stm32f10x_tim.o(.text)
    TIM_GetCapture2                          0x080038e3   Thumb Code     6  stm32f10x_tim.o(.text)
    TIM_GetCapture3                          0x080038e9   Thumb Code     6  stm32f10x_tim.o(.text)
    TIM_GetCapture4                          0x080038ef   Thumb Code     8  stm32f10x_tim.o(.text)
    TIM_GetCounter                           0x080038f7   Thumb Code     6  stm32f10x_tim.o(.text)
    TIM_GetPrescaler                         0x080038fd   Thumb Code     6  stm32f10x_tim.o(.text)
    TIM_GetFlagStatus                        0x08003903   Thumb Code    18  stm32f10x_tim.o(.text)
    TIM_ClearFlag                            0x08003915   Thumb Code     6  stm32f10x_tim.o(.text)
    TIM_GetITStatus                          0x0800391b   Thumb Code    34  stm32f10x_tim.o(.text)
    TIM_ClearITPendingBit                    0x0800393d   Thumb Code     6  stm32f10x_tim.o(.text)
    USART_DeInit                             0x08003945   Thumb Code   134  stm32f10x_usart.o(.text)
    USART_Init                               0x080039cb   Thumb Code   210  stm32f10x_usart.o(.text)
    USART_StructInit                         0x08003a9d   Thumb Code    24  stm32f10x_usart.o(.text)
    USART_ClockInit                          0x08003ab5   Thumb Code    34  stm32f10x_usart.o(.text)
    USART_ClockStructInit                    0x08003ad7   Thumb Code    12  stm32f10x_usart.o(.text)
    USART_Cmd                                0x08003ae3   Thumb Code    24  stm32f10x_usart.o(.text)
    USART_ITConfig                           0x08003afb   Thumb Code    74  stm32f10x_usart.o(.text)
    USART_DMACmd                             0x08003b45   Thumb Code    18  stm32f10x_usart.o(.text)
    USART_SetAddress                         0x08003b57   Thumb Code    18  stm32f10x_usart.o(.text)
    USART_WakeUpConfig                       0x08003b69   Thumb Code    18  stm32f10x_usart.o(.text)
    USART_ReceiverWakeUpCmd                  0x08003b7b   Thumb Code    24  stm32f10x_usart.o(.text)
    USART_LINBreakDetectLengthConfig         0x08003b93   Thumb Code    18  stm32f10x_usart.o(.text)
    USART_LINCmd                             0x08003ba5   Thumb Code    24  stm32f10x_usart.o(.text)
    USART_SendData                           0x08003bbd   Thumb Code     8  stm32f10x_usart.o(.text)
    USART_ReceiveData                        0x08003bc5   Thumb Code    10  stm32f10x_usart.o(.text)
    USART_SendBreak                          0x08003bcf   Thumb Code    10  stm32f10x_usart.o(.text)
    USART_SetGuardTime                       0x08003bd9   Thumb Code    16  stm32f10x_usart.o(.text)
    USART_SetPrescaler                       0x08003be9   Thumb Code    16  stm32f10x_usart.o(.text)
    USART_SmartCardCmd                       0x08003bf9   Thumb Code    24  stm32f10x_usart.o(.text)
    USART_SmartCardNACKCmd                   0x08003c11   Thumb Code    24  stm32f10x_usart.o(.text)
    USART_HalfDuplexCmd                      0x08003c29   Thumb Code    24  stm32f10x_usart.o(.text)
    USART_OverSampling8Cmd                   0x08003c41   Thumb Code    22  stm32f10x_usart.o(.text)
    USART_OneBitMethodCmd                    0x08003c57   Thumb Code    24  stm32f10x_usart.o(.text)
    USART_IrDAConfig                         0x08003c6f   Thumb Code    18  stm32f10x_usart.o(.text)
    USART_IrDACmd                            0x08003c81   Thumb Code    24  stm32f10x_usart.o(.text)
    USART_GetFlagStatus                      0x08003c99   Thumb Code    26  stm32f10x_usart.o(.text)
    USART_ClearFlag                          0x08003cb3   Thumb Code    18  stm32f10x_usart.o(.text)
    USART_GetITStatus                        0x08003cc5   Thumb Code    84  stm32f10x_usart.o(.text)
    USART_ClearITPendingBit                  0x08003d19   Thumb Code    52  stm32f10x_usart.o(.text)
    BKP_DeInit                               0x08003d4d   Thumb Code    16  stm32f10x_bkp.o(.text)
    BKP_TamperPinLevelConfig                 0x08003d5d   Thumb Code     6  stm32f10x_bkp.o(.text)
    BKP_TamperPinCmd                         0x08003d63   Thumb Code     8  stm32f10x_bkp.o(.text)
    BKP_ITConfig                             0x08003d6b   Thumb Code     8  stm32f10x_bkp.o(.text)
    BKP_RTCOutputConfig                      0x08003d73   Thumb Code    22  stm32f10x_bkp.o(.text)
    BKP_SetRTCCalibrationValue               0x08003d89   Thumb Code    22  stm32f10x_bkp.o(.text)
    BKP_WriteBackupRegister                  0x08003d9f   Thumb Code    24  stm32f10x_bkp.o(.text)
    BKP_ReadBackupRegister                   0x08003db7   Thumb Code    26  stm32f10x_bkp.o(.text)
    BKP_GetFlagStatus                        0x08003dd1   Thumb Code    10  stm32f10x_bkp.o(.text)
    BKP_ClearFlag                            0x08003ddb   Thumb Code    18  stm32f10x_bkp.o(.text)
    BKP_GetITStatus                          0x08003ded   Thumb Code    10  stm32f10x_bkp.o(.text)
    BKP_ClearITPendingBit                    0x08003df7   Thumb Code    18  stm32f10x_bkp.o(.text)
    PWR_DeInit                               0x08003e11   Thumb Code    22  stm32f10x_pwr.o(.text)
    PWR_BackupAccessCmd                      0x08003e27   Thumb Code     6  stm32f10x_pwr.o(.text)
    PWR_PVDCmd                               0x08003e2d   Thumb Code     6  stm32f10x_pwr.o(.text)
    PWR_PVDLevelConfig                       0x08003e33   Thumb Code    18  stm32f10x_pwr.o(.text)
    PWR_WakeUpPinCmd                         0x08003e45   Thumb Code     8  stm32f10x_pwr.o(.text)
    PWR_EnterSTOPMode                        0x08003e4d   Thumb Code    54  stm32f10x_pwr.o(.text)
    PWR_EnterSTANDBYMode                     0x08003e83   Thumb Code    42  stm32f10x_pwr.o(.text)
    PWR_GetFlagStatus                        0x08003ead   Thumb Code    20  stm32f10x_pwr.o(.text)
    PWR_ClearFlag                            0x08003ec1   Thumb Code    14  stm32f10x_pwr.o(.text)
    RTC_ITConfig                             0x08003edd   Thumb Code    26  stm32f10x_rtc.o(.text)
    RTC_EnterConfigMode                      0x08003ef7   Thumb Code    18  stm32f10x_rtc.o(.text)
    RTC_ExitConfigMode                       0x08003f09   Thumb Code    20  stm32f10x_rtc.o(.text)
    RTC_GetCounter                           0x08003f1d   Thumb Code    18  stm32f10x_rtc.o(.text)
    RTC_SetCounter                           0x08003f2f   Thumb Code    26  stm32f10x_rtc.o(.text)
    RTC_SetPrescaler                         0x08003f49   Thumb Code    28  stm32f10x_rtc.o(.text)
    RTC_SetAlarm                             0x08003f65   Thumb Code    26  stm32f10x_rtc.o(.text)
    RTC_GetDivider                           0x08003f7f   Thumb Code    22  stm32f10x_rtc.o(.text)
    RTC_WaitForLastTask                      0x08003f95   Thumb Code    18  stm32f10x_rtc.o(.text)
    RTC_WaitForSynchro                       0x08003fa7   Thumb Code    36  stm32f10x_rtc.o(.text)
    RTC_GetFlagStatus                        0x08003fcb   Thumb Code    22  stm32f10x_rtc.o(.text)
    RTC_ClearFlag                            0x08003fe1   Thumb Code    16  stm32f10x_rtc.o(.text)
    RTC_GetITStatus                          0x08003ff1   Thumb Code    32  stm32f10x_rtc.o(.text)
    RTC_ClearITPendingBit                    0x08004011   Thumb Code    16  stm32f10x_rtc.o(.text)
    CAN_DeInit                               0x08004025   Thumb Code    50  stm32f10x_can.o(.text)
    CAN_Init                                 0x08004057   Thumb Code   276  stm32f10x_can.o(.text)
    CAN_FilterInit                           0x0800416b   Thumb Code   258  stm32f10x_can.o(.text)
    CAN_StructInit                           0x0800426d   Thumb Code    32  stm32f10x_can.o(.text)
    CAN_SlaveStartBank                       0x0800428d   Thumb Code    48  stm32f10x_can.o(.text)
    CAN_DBGFreeze                            0x080042bd   Thumb Code    22  stm32f10x_can.o(.text)
    CAN_TTComModeCmd                         0x080042d3   Thumb Code   118  stm32f10x_can.o(.text)
    CAN_Transmit                             0x08004349   Thumb Code   304  stm32f10x_can.o(.text)
    CAN_TransmitStatus                       0x08004479   Thumb Code   138  stm32f10x_can.o(.text)
    CAN_CancelTransmit                       0x08004503   Thumb Code    48  stm32f10x_can.o(.text)
    CAN_Receive                              0x08004533   Thumb Code   240  stm32f10x_can.o(.text)
    CAN_FIFORelease                          0x08004623   Thumb Code    22  stm32f10x_can.o(.text)
    CAN_MessagePending                       0x08004639   Thumb Code    30  stm32f10x_can.o(.text)
    CAN_OperatingModeRequest                 0x08004657   Thumb Code   162  stm32f10x_can.o(.text)
    CAN_Sleep                                0x080046f9   Thumb Code    30  stm32f10x_can.o(.text)
    CAN_WakeUp                               0x08004717   Thumb Code    48  stm32f10x_can.o(.text)
    CAN_GetLastErrorCode                     0x08004747   Thumb Code    12  stm32f10x_can.o(.text)
    CAN_GetReceiveErrorCounter               0x08004753   Thumb Code    10  stm32f10x_can.o(.text)
    CAN_GetLSBTransmitErrorCounter           0x0800475d   Thumb Code    12  stm32f10x_can.o(.text)
    CAN_ITConfig                             0x08004769   Thumb Code    18  stm32f10x_can.o(.text)
    CAN_GetFlagStatus                        0x0800477b   Thumb Code   120  stm32f10x_can.o(.text)
    CAN_ClearFlag                            0x080047f3   Thumb Code    52  stm32f10x_can.o(.text)
    CAN_GetITStatus                          0x08004839   Thumb Code   310  stm32f10x_can.o(.text)
    CAN_ClearITPendingBit                    0x0800496f   Thumb Code   162  stm32f10x_can.o(.text)
    ADC_DeInit                               0x08004a15   Thumb Code    78  stm32f10x_adc.o(.text)
    ADC_Init                                 0x08004a63   Thumb Code    70  stm32f10x_adc.o(.text)
    ADC_StructInit                           0x08004aa9   Thumb Code    18  stm32f10x_adc.o(.text)
    ADC_Cmd                                  0x08004abb   Thumb Code    22  stm32f10x_adc.o(.text)
    ADC_DMACmd                               0x08004ad1   Thumb Code    22  stm32f10x_adc.o(.text)
    ADC_ITConfig                             0x08004ae7   Thumb Code    24  stm32f10x_adc.o(.text)
    ADC_ResetCalibration                     0x08004aff   Thumb Code    10  stm32f10x_adc.o(.text)
    ADC_GetResetCalibrationStatus            0x08004b09   Thumb Code    20  stm32f10x_adc.o(.text)
    ADC_StartCalibration                     0x08004b1d   Thumb Code    10  stm32f10x_adc.o(.text)
    ADC_GetCalibrationStatus                 0x08004b27   Thumb Code    20  stm32f10x_adc.o(.text)
    ADC_SoftwareStartConvCmd                 0x08004b3b   Thumb Code    22  stm32f10x_adc.o(.text)
    ADC_GetSoftwareStartConvStatus           0x08004b51   Thumb Code    20  stm32f10x_adc.o(.text)
    ADC_DiscModeChannelCountConfig           0x08004b65   Thumb Code    24  stm32f10x_adc.o(.text)
    ADC_DiscModeCmd                          0x08004b7d   Thumb Code    22  stm32f10x_adc.o(.text)
    ADC_RegularChannelConfig                 0x08004b93   Thumb Code   184  stm32f10x_adc.o(.text)
    ADC_ExternalTrigConvCmd                  0x08004c4b   Thumb Code    22  stm32f10x_adc.o(.text)
    ADC_GetConversionValue                   0x08004c61   Thumb Code     8  stm32f10x_adc.o(.text)
    ADC_GetDualModeConversionValue           0x08004c69   Thumb Code     8  stm32f10x_adc.o(.text)
    ADC_AutoInjectedConvCmd                  0x08004c71   Thumb Code    22  stm32f10x_adc.o(.text)
    ADC_InjectedDiscModeCmd                  0x08004c87   Thumb Code    22  stm32f10x_adc.o(.text)
    ADC_ExternalTrigInjectedConvConfig       0x08004c9d   Thumb Code    16  stm32f10x_adc.o(.text)
    ADC_ExternalTrigInjectedConvCmd          0x08004cad   Thumb Code    22  stm32f10x_adc.o(.text)
    ADC_SoftwareStartInjectedConvCmd         0x08004cc3   Thumb Code    22  stm32f10x_adc.o(.text)
    ADC_GetSoftwareStartInjectedConvCmdStatus 0x08004cd9   Thumb Code    20  stm32f10x_adc.o(.text)
    ADC_InjectedChannelConfig                0x08004ced   Thumb Code   130  stm32f10x_adc.o(.text)
    ADC_InjectedSequencerLengthConfig        0x08004d6f   Thumb Code    24  stm32f10x_adc.o(.text)
    ADC_SetInjectedOffset                    0x08004d87   Thumb Code    20  stm32f10x_adc.o(.text)
    ADC_GetInjectedConversionValue           0x08004d9b   Thumb Code    28  stm32f10x_adc.o(.text)
    ADC_AnalogWatchdogCmd                    0x08004db7   Thumb Code    16  stm32f10x_adc.o(.text)
    ADC_AnalogWatchdogThresholdsConfig       0x08004dc7   Thumb Code     6  stm32f10x_adc.o(.text)
    ADC_AnalogWatchdogSingleChannelConfig    0x08004dcd   Thumb Code    16  stm32f10x_adc.o(.text)
    ADC_TempSensorVrefintCmd                 0x08004ddd   Thumb Code    64  stm32f10x_adc.o(.text)
    ADC_GetFlagStatus                        0x08004e1d   Thumb Code    18  stm32f10x_adc.o(.text)
    ADC_ClearFlag                            0x08004e2f   Thumb Code     6  stm32f10x_adc.o(.text)
    ADC_GetITStatus                          0x08004e35   Thumb Code    36  stm32f10x_adc.o(.text)
    ADC_ClearITPendingBit                    0x08004e59   Thumb Code    10  stm32f10x_adc.o(.text)
    Get_Tempture                             0x08004e65   Thumb Code   168  temp.o(.text)
    Get_Update_ALL_Data                      0x08004f2d   Thumb Code   110  user_get.o(.text)
    Get_Cell_Voltage_Max_Min                 0x08004f9b   Thumb Code   132  user_get.o(.text)
    Get_SOC                                  0x0800501f   Thumb Code     2  user_get.o(.text)
    Get_Cell_Voltage                         0x08005021   Thumb Code    62  user_get.o(.text)
    Get_BQ_Current                           0x0800505f   Thumb Code   162  user_get.o(.text)
    Make_Balance_Decision                    0x08005101   Thumb Code    24  user_get.o(.text)
    Balance_task                             0x08005119   Thumb Code   118  user_get.o(.text)
    adow_test                                0x0800518f   Thumb Code   124  user_get.o(.text)
    get_Alltemp                              0x0800520b   Thumb Code    28  user_get.o(.text)
    send_info                                0x08005227   Thumb Code   116  user_get.o(.text)
    MovMiddle                                0x08005359   Thumb Code   132  filter.o(.text)
    filter                                   0x080053dd   Thumb Code   118  filter.o(.text)
    AntiPulse_MovingAverage_Filter           0x08005453   Thumb Code   112  filter.o(.text)
    MovingAverage_Filter                     0x080054c3   Thumb Code    66  filter.o(.text)
    IIR_I_Filter                             0x08005505   Thumb Code   140  filter.o(.text)
    LPF_1_Filter_1                           0x08005591   Thumb Code    46  filter.o(.text)
    LPF_1_Filter_2                           0x080055bf   Thumb Code    76  filter.o(.text)
    Moving_Median                            0x0800560b   Thumb Code   184  filter.o(.text)
    __aeabi_uldivmod                         0x080056d5   Thumb Code    98  uldiv.o(.text)
    __aeabi_llsl                             0x08005737   Thumb Code    30  llshl.o(.text)
    _ll_shift_l                              0x08005737   Thumb Code     0  llshl.o(.text)
    __aeabi_lasr                             0x08005755   Thumb Code    36  llsshr.o(.text)
    _ll_sshift_r                             0x08005755   Thumb Code     0  llsshr.o(.text)
    __aeabi_memcpy                           0x08005779   Thumb Code    36  memcpya.o(.text)
    __aeabi_memcpy4                          0x08005779   Thumb Code     0  memcpya.o(.text)
    __aeabi_memcpy8                          0x08005779   Thumb Code     0  memcpya.o(.text)
    __aeabi_memset                           0x0800579d   Thumb Code    14  memseta.o(.text)
    __aeabi_memset4                          0x0800579d   Thumb Code     0  memseta.o(.text)
    __aeabi_memset8                          0x0800579d   Thumb Code     0  memseta.o(.text)
    __aeabi_memclr                           0x080057ab   Thumb Code     4  memseta.o(.text)
    __aeabi_memclr4                          0x080057ab   Thumb Code     0  memseta.o(.text)
    __aeabi_memclr8                          0x080057ab   Thumb Code     0  memseta.o(.text)
    _memset$wrapper                          0x080057af   Thumb Code    18  memseta.o(.text)
    __aeabi_fadd                             0x080057c1   Thumb Code   164  fadd.o(.text)
    __aeabi_fsub                             0x08005865   Thumb Code     6  fadd.o(.text)
    __aeabi_frsub                            0x0800586b   Thumb Code     6  fadd.o(.text)
    __aeabi_fmul                             0x08005871   Thumb Code   100  fmul.o(.text)
    __aeabi_fdiv                             0x080058d5   Thumb Code   124  fdiv.o(.text)
    __aeabi_dadd                             0x08005951   Thumb Code   322  dadd.o(.text)
    __aeabi_dsub                             0x08005a93   Thumb Code     6  dadd.o(.text)
    __aeabi_drsub                            0x08005a99   Thumb Code     6  dadd.o(.text)
    __aeabi_dmul                             0x08005a9f   Thumb Code   228  dmul.o(.text)
    __aeabi_ddiv                             0x08005b83   Thumb Code   222  ddiv.o(.text)
    __aeabi_i2f                              0x08005c61   Thumb Code    18  fflti.o(.text)
    __aeabi_ui2f                             0x08005c73   Thumb Code    10  ffltui.o(.text)
    __aeabi_i2d                              0x08005c7d   Thumb Code    34  dflti.o(.text)
    __aeabi_f2iz                             0x08005c9f   Thumb Code    50  ffixi.o(.text)
    __aeabi_f2uiz                            0x08005cd1   Thumb Code    40  ffixui.o(.text)
    __aeabi_d2uiz                            0x08005cf9   Thumb Code    50  dfixui.o(.text)
    __aeabi_f2d                              0x08005d2b   Thumb Code    38  f2d.o(.text)
    __aeabi_cdcmpeq                          0x08005d51   Thumb Code     0  cdcmple.o(.text)
    __aeabi_cdcmple                          0x08005d51   Thumb Code    48  cdcmple.o(.text)
    __aeabi_cdrcmple                         0x08005d81   Thumb Code    48  cdrcmple.o(.text)
    __aeabi_d2f                              0x08005db1   Thumb Code    56  d2f.o(.text)
    __aeabi_cfrcmple                         0x08005de9   Thumb Code    20  cfrcmple.o(.text)
    __aeabi_uidiv                            0x08005dfd   Thumb Code     0  uidiv.o(.text)
    __aeabi_uidivmod                         0x08005dfd   Thumb Code    44  uidiv.o(.text)
    __aeabi_llsr                             0x08005e29   Thumb Code    32  llushr.o(.text)
    _ll_ushift_r                             0x08005e29   Thumb Code     0  llushr.o(.text)
    __I$use$fp                               0x08005e49   Thumb Code     0  iusefp.o(.text)
    _float_round                             0x08005e49   Thumb Code    18  fepilogue.o(.text)
    _float_epilogue                          0x08005e5b   Thumb Code    92  fepilogue.o(.text)
    _double_round                            0x08005eb7   Thumb Code    30  depilogue.o(.text)
    _double_epilogue                         0x08005ed5   Thumb Code   156  depilogue.o(.text)
    __ARM_scalbn                             0x08005f71   Thumb Code    46  dscalb.o(.text)
    scalbn                                   0x08005f71   Thumb Code     0  dscalb.o(.text)
    __aeabi_d2ulz                            0x08005f9f   Thumb Code    48  dfixul.o(.text)
    __scatterload                            0x08005fd1   Thumb Code    28  init.o(.text)
    __scatterload_rt2                        0x08005fd1   Thumb Code     0  init.o(.text)
    __decompress                             0x08005ff5   Thumb Code     0  __dczerorl2.o(.text)
    __decompress1                            0x08005ff5   Thumb Code    86  __dczerorl2.o(.text)
    __0printf                                0x0800604d   Thumb Code    22  printfa.o(i.__0printf)
    __1printf                                0x0800604d   Thumb Code     0  printfa.o(i.__0printf)
    __2printf                                0x0800604d   Thumb Code     0  printfa.o(i.__0printf)
    __c89printf                              0x0800604d   Thumb Code     0  printfa.o(i.__0printf)
    printf                                   0x0800604d   Thumb Code     0  printfa.o(i.__0printf)
    __kernel_poly                            0x0800606d   Thumb Code   170  poly.o(i.__kernel_poly)
    __mathlib_dbl_divzero                    0x08006119   Thumb Code    12  dunder.o(i.__mathlib_dbl_divzero)
    __mathlib_dbl_infnan                     0x08006129   Thumb Code     6  dunder.o(i.__mathlib_dbl_infnan)
    __mathlib_dbl_invalid                    0x0800612f   Thumb Code    12  dunder.o(i.__mathlib_dbl_invalid)
    __scatterload_copy                       0x0800613b   Thumb Code    14  handlers.o(i.__scatterload_copy)
    __scatterload_null                       0x08006149   Thumb Code     2  handlers.o(i.__scatterload_null)
    __scatterload_zeroinit                   0x0800614b   Thumb Code    14  handlers.o(i.__scatterload_zeroinit)
    __set_errno                              0x08006159   Thumb Code     6  errno.o(i.__set_errno)
    log                                      0x080069f1   Thumb Code   808  log.o(i.log)
    table_week                               0x08007154   Data          12  rtc.o(.constdata)
    mon_table                                0x08007160   Data          12  rtc.o(.constdata)
    __mathlib_zero                           0x080071a8   Data           8  qnan.o(.constdata)
    Region$$Table$$Base                      0x080071b0   Number         0  anon$$obj.o(Region$$Table)
    Region$$Table$$Limit                     0x080071d0   Number         0  anon$$obj.o(Region$$Table)
    Temp_up_flag                             0x20000000   Data           1  main.o(.data)
    OV_FLAG                                  0x20000001   Data           1  main.o(.data)
    UV_FLAG                                  0x20000002   Data           1  main.o(.data)
    OC_FLAG                                  0x20000003   Data           1  main.o(.data)
    InfoFlag                                 0x20000004   Data           1  main.o(.data)
    BMS_sta                                  0x20000005   Data           1  main.o(.data)
    DSG_STA                                  0x20000006   Data           1  main.o(.data)
    CHG_STA                                  0x20000007   Data           1  main.o(.data)
    DSG_STA_FLAG                             0x20000008   Data           1  main.o(.data)
    CHG_STA_FLAG                             0x20000009   Data           1  main.o(.data)
    SystemCoreClock                          0x2000000c   Data           4  system_stm32f10x.o(.data)
    AHBPrescTable                            0x20000010   Data          16  system_stm32f10x.o(.data)
    ADCV                                     0x20000021   Data           2  ltc6804-1.o(.data)
    ADAX                                     0x20000023   Data           2  ltc6804-1.o(.data)
    comm_config                              0x20000025   Data           6  ltc6804-1.o(.data)
    r_comm_config                            0x2000002b   Data           8  ltc6804-1.o(.data)
    flag                                     0x2000003a   Data           1  usart.o(.data)
    USART_RX_STA                             0x2000003c   Data           2  usart.o(.data)
    shang                                    0x20000054   Data         500  user_get.o(.data)
    shang1                                   0x20000248   Data          50  user_get.o(.data)
    shang2                                   0x2000027a   Data          50  user_get.o(.data)
    shang3                                   0x200002ac   Data          50  user_get.o(.data)
    can_buf1                                 0x200002de   Data           8  user_get.o(.data)
    can_buf2                                 0x200002e6   Data           8  user_get.o(.data)
    can_buf3                                 0x200002ee   Data           8  user_get.o(.data)
    can_buf4                                 0x200002f6   Data           8  user_get.o(.data)
    can_buf5                                 0x200002fe   Data           8  user_get.o(.data)
    can_buf6                                 0x20000306   Data           8  user_get.o(.data)
    can_buf7                                 0x2000030e   Data           8  user_get.o(.data)
    SOC                                      0x20000318   Data           4  user_get.o(.data)
    Max                                      0x2000031c   Data           4  user_get.o(.data)
    Min                                      0x20000320   Data           4  user_get.o(.data)
    curren_mA                                0x20000324   Data           4  user_get.o(.data)
    current                                  0x20000328   Data           4  user_get.o(.data)
    MAX_mask                                 0x2000032c   Data           2  user_get.o(.data)
    MIN_mask                                 0x2000032e   Data           2  user_get.o(.data)
    temp                                     0x20000330   Data           8  user_get.o(.data)
    med_fil_cnt                              0x2000033c   Data           4  filter.o(.data)
    __stdout                                 0x20000340   Data           4  stdout.o(.data)
    calendar                                 0x20000348   Data          10  rtc.o(.bss)
    USART_RX_BUF                             0x20000352   Data         200  usart.o(.bss)
    stat_codes                               0x2000041c   Data         180  user_get.o(.bss)
    aux_codes                                0x200004d0   Data         180  user_get.o(.bss)
    cell_codes                               0x20000584   Data         360  user_get.o(.bss)
    cell_voltage                             0x200006ec   Data         200  user_get.o(.bss)
    SOC_result                               0x200007b4   Data          48  user_get.o(.bss)
    med_filter_tmp                           0x200007e4   Data         176  filter.o(.bss)
    med_filter_out                           0x20000894   Data          16  filter.o(.bss)
    __initial_sp                             0x20000cb0   Data           0  startup_stm32f10x_md.o(STACK)



==============================================================================

Memory Map of the image

  Image Entry point : 0x080000ed

  Load Region LR_IROM1 (Base: 0x08000000, Size: 0x00007518, Max: 0x00010000, ABSOLUTE, COMPRESSED[0x00007218])

    Execution Region ER_IROM1 (Exec base: 0x08000000, Load base: 0x08000000, Size: 0x000071d0, Max: 0x00010000, ABSOLUTE)

    Exec Addr    Load Addr    Size         Type   Attr      Idx    E Section Name        Object

    0x08000000   0x08000000   0x000000ec   Data   RO          850    RESET               startup_stm32f10x_md.o
    0x080000ec   0x080000ec   0x00000000   Code   RO         3564  * .ARM.Collect$$$$00000000  mc_w.l(entry.o)
    0x080000ec   0x080000ec   0x00000004   Code   RO         3915    .ARM.Collect$$$$00000001  mc_w.l(entry2.o)
    0x080000f0   0x080000f0   0x00000004   Code   RO         3918    .ARM.Collect$$$$00000004  mc_w.l(entry5.o)
    0x080000f4   0x080000f4   0x00000000   Code   RO         3920    .ARM.Collect$$$$00000008  mc_w.l(entry7b.o)
    0x080000f4   0x080000f4   0x00000000   Code   RO         3922    .ARM.Collect$$$$0000000A  mc_w.l(entry8b.o)
    0x080000f4   0x080000f4   0x00000008   Code   RO         3923    .ARM.Collect$$$$0000000B  mc_w.l(entry9a.o)
    0x080000fc   0x080000fc   0x00000004   Code   RO         3930    .ARM.Collect$$$$0000000E  mc_w.l(entry12b.o)
    0x08000100   0x08000100   0x00000000   Code   RO         3925    .ARM.Collect$$$$0000000F  mc_w.l(entry10a.o)
    0x08000100   0x08000100   0x00000000   Code   RO         3927    .ARM.Collect$$$$00000011  mc_w.l(entry11a.o)
    0x08000100   0x08000100   0x00000004   Code   RO         3916    .ARM.Collect$$$$00002712  mc_w.l(entry2.o)
    0x08000104   0x08000104   0x00000374   Code   RO            4    .text               main.o
    0x08000478   0x08000478   0x0000001a   Code   RO          281    .text               stm32f10x_it.o
    0x08000492   0x08000492   0x00000002   PAD
    0x08000494   0x08000494   0x000001e0   Code   RO          308    .text               system_stm32f10x.o
    0x08000674   0x08000674   0x0000005c   Code   RO          338    .text               led.o
    0x080006d0   0x080006d0   0x000000bc   Code   RO          388    .text               key.o
    0x0800078c   0x0800078c   0x0000019c   Code   RO          413    .text               timer.o
    0x08000928   0x08000928   0x00000cf0   Code   RO          483    .text               ltc6804-1.o
    0x08001618   0x08001618   0x00000108   Code   RO          517    .text               simulated_spi.o
    0x08001720   0x08001720   0x000000d8   Code   RO          541    .text               bsp_clkconfig.o
    0x080017f8   0x080017f8   0x00000478   Code   RO          603    .text               rtc.o
    0x08001c70   0x08001c70   0x000000d4   Code   RO          635    .text               io_ctrl.o
    0x08001d44   0x08001d44   0x00000178   Code   RO          707    .text               can.o
    0x08001ebc   0x08001ebc   0x000000e8   Code   RO          731    .text               adc.o
    0x08001fa4   0x08001fa4   0x000000d4   Code   RO          755    .text               delay.o
    0x08002078   0x08002078   0x000002b0   Code   RO          809    .text               usart.o
    0x08002328   0x08002328   0x00000024   Code   RO          851    .text               startup_stm32f10x_md.o
    0x0800234c   0x0800234c   0x000000dc   Code   RO          858    .text               misc.o
    0x08002428   0x08002428   0x0000035c   Code   RO          882    .text               stm32f10x_gpio.o
    0x08002784   0x08002784   0x000003a4   Code   RO          906    .text               stm32f10x_rcc.o
    0x08002b28   0x08002b28   0x00000e1a   Code   RO          932    .text               stm32f10x_tim.o
    0x08003942   0x08003942   0x00000002   PAD
    0x08003944   0x08003944   0x00000408   Code   RO          956    .text               stm32f10x_usart.o
    0x08003d4c   0x08003d4c   0x000000c4   Code   RO         1028    .text               stm32f10x_bkp.o
    0x08003e10   0x08003e10   0x000000cc   Code   RO         1052    .text               stm32f10x_pwr.o
    0x08003edc   0x08003edc   0x00000148   Code   RO         1076    .text               stm32f10x_rtc.o
    0x08004024   0x08004024   0x000009f0   Code   RO         1124    .text               stm32f10x_can.o
    0x08004a14   0x08004a14   0x0000044e   Code   RO         1148    .text               stm32f10x_adc.o
    0x08004e62   0x08004e62   0x00000002   PAD
    0x08004e64   0x08004e64   0x000000c8   Code   RO         1172    .text               temp.o
    0x08004f2c   0x08004f2c   0x0000042c   Code   RO         1196    .text               user_get.o
    0x08005358   0x08005358   0x0000037c   Code   RO         1271    .text               filter.o
    0x080056d4   0x080056d4   0x00000062   Code   RO         3567    .text               mc_w.l(uldiv.o)
    0x08005736   0x08005736   0x0000001e   Code   RO         3571    .text               mc_w.l(llshl.o)
    0x08005754   0x08005754   0x00000024   Code   RO         3573    .text               mc_w.l(llsshr.o)
    0x08005778   0x08005778   0x00000024   Code   RO         3575    .text               mc_w.l(memcpya.o)
    0x0800579c   0x0800579c   0x00000024   Code   RO         3577    .text               mc_w.l(memseta.o)
    0x080057c0   0x080057c0   0x000000b0   Code   RO         3842    .text               mf_w.l(fadd.o)
    0x08005870   0x08005870   0x00000064   Code   RO         3844    .text               mf_w.l(fmul.o)
    0x080058d4   0x080058d4   0x0000007c   Code   RO         3846    .text               mf_w.l(fdiv.o)
    0x08005950   0x08005950   0x0000014e   Code   RO         3848    .text               mf_w.l(dadd.o)
    0x08005a9e   0x08005a9e   0x000000e4   Code   RO         3850    .text               mf_w.l(dmul.o)
    0x08005b82   0x08005b82   0x000000de   Code   RO         3852    .text               mf_w.l(ddiv.o)
    0x08005c60   0x08005c60   0x00000012   Code   RO         3854    .text               mf_w.l(fflti.o)
    0x08005c72   0x08005c72   0x0000000a   Code   RO         3856    .text               mf_w.l(ffltui.o)
    0x08005c7c   0x08005c7c   0x00000022   Code   RO         3858    .text               mf_w.l(dflti.o)
    0x08005c9e   0x08005c9e   0x00000032   Code   RO         3862    .text               mf_w.l(ffixi.o)
    0x08005cd0   0x08005cd0   0x00000028   Code   RO         3864    .text               mf_w.l(ffixui.o)
    0x08005cf8   0x08005cf8   0x00000032   Code   RO         3868    .text               mf_w.l(dfixui.o)
    0x08005d2a   0x08005d2a   0x00000026   Code   RO         3870    .text               mf_w.l(f2d.o)
    0x08005d50   0x08005d50   0x00000030   Code   RO         3872    .text               mf_w.l(cdcmple.o)
    0x08005d80   0x08005d80   0x00000030   Code   RO         3874    .text               mf_w.l(cdrcmple.o)
    0x08005db0   0x08005db0   0x00000038   Code   RO         3876    .text               mf_w.l(d2f.o)
    0x08005de8   0x08005de8   0x00000014   Code   RO         3880    .text               mf_w.l(cfrcmple.o)
    0x08005dfc   0x08005dfc   0x0000002c   Code   RO         3932    .text               mc_w.l(uidiv.o)
    0x08005e28   0x08005e28   0x00000020   Code   RO         3934    .text               mc_w.l(llushr.o)
    0x08005e48   0x08005e48   0x00000000   Code   RO         3943    .text               mc_w.l(iusefp.o)
    0x08005e48   0x08005e48   0x0000006e   Code   RO         3944    .text               mf_w.l(fepilogue.o)
    0x08005eb6   0x08005eb6   0x000000ba   Code   RO         3952    .text               mf_w.l(depilogue.o)
    0x08005f70   0x08005f70   0x0000002e   Code   RO         3954    .text               mf_w.l(dscalb.o)
    0x08005f9e   0x08005f9e   0x00000030   Code   RO         3958    .text               mf_w.l(dfixul.o)
    0x08005fce   0x08005fce   0x00000002   PAD
    0x08005fd0   0x08005fd0   0x00000024   Code   RO         3964    .text               mc_w.l(init.o)
    0x08005ff4   0x08005ff4   0x00000056   Code   RO         3974    .text               mc_w.l(__dczerorl2.o)
    0x0800604a   0x0800604a   0x00000002   PAD
    0x0800604c   0x0800604c   0x00000020   Code   RO         3814    i.__0printf         mc_w.l(printfa.o)
    0x0800606c   0x0800606c   0x000000aa   Code   RO         3912    i.__kernel_poly     m_ws.l(poly.o)
    0x08006116   0x08006116   0x00000002   PAD
    0x08006118   0x08006118   0x00000010   Code   RO         3882    i.__mathlib_dbl_divzero  m_ws.l(dunder.o)
    0x08006128   0x08006128   0x00000006   Code   RO         3883    i.__mathlib_dbl_infnan  m_ws.l(dunder.o)
    0x0800612e   0x0800612e   0x0000000c   Code   RO         3885    i.__mathlib_dbl_invalid  m_ws.l(dunder.o)
    0x0800613a   0x0800613a   0x0000000e   Code   RO         3968    i.__scatterload_copy  mc_w.l(handlers.o)
    0x08006148   0x08006148   0x00000002   Code   RO         3969    i.__scatterload_null  mc_w.l(handlers.o)
    0x0800614a   0x0800614a   0x0000000e   Code   RO         3970    i.__scatterload_zeroinit  mc_w.l(handlers.o)
    0x08006158   0x08006158   0x0000000c   Code   RO         3938    i.__set_errno       mc_w.l(errno.o)
    0x08006164   0x08006164   0x00000184   Code   RO         3821    i._fp_digits        mc_w.l(printfa.o)
    0x080062e8   0x080062e8   0x000006b4   Code   RO         3822    i._printf_core      mc_w.l(printfa.o)
    0x0800699c   0x0800699c   0x00000024   Code   RO         3823    i._printf_post_padding  mc_w.l(printfa.o)
    0x080069c0   0x080069c0   0x0000002e   Code   RO         3824    i._printf_pre_padding  mc_w.l(printfa.o)
    0x080069ee   0x080069ee   0x00000002   PAD
    0x080069f0   0x080069f0   0x0000035c   Code   RO         3511    i.log               m_ws.l(log.o)
    0x08006d4c   0x08006d4c   0x00000408   Data   RO          484    .constdata          ltc6804-1.o
    0x08007154   0x08007154   0x00000018   Data   RO          605    .constdata          rtc.o
    0x0800716c   0x0800716c   0x00000004   PAD
    0x08007170   0x08007170   0x00000038   Data   RO         3512    .constdata          m_ws.l(log.o)
    0x080071a8   0x080071a8   0x00000008   Data   RO         3914    .constdata          m_ws.l(qnan.o)
    0x080071b0   0x080071b0   0x00000020   Data   RO         3966    Region$$Table       anon$$obj.o


    Execution Region RW_IRAM1 (Exec base: 0x20000000, Load base: 0x080071d0, Size: 0x00000cb0, Max: 0x00005000, ABSOLUTE, COMPRESSED[0x00000048])

    Exec Addr    Load Addr    Size         Type   Attr      Idx    E Section Name        Object

    0x20000000   COMPRESSED   0x0000000a   Data   RW            6    .data               main.o
    0x2000000a   COMPRESSED   0x00000002   PAD
    0x2000000c   COMPRESSED   0x00000014   Data   RW          309    .data               system_stm32f10x.o
    0x20000020   COMPRESSED   0x00000001   Data   RW          389    .data               key.o
    0x20000021   COMPRESSED   0x00000012   Data   RW          485    .data               ltc6804-1.o
    0x20000033   COMPRESSED   0x00000001   PAD
    0x20000034   COMPRESSED   0x00000002   Data   RW          606    .data               rtc.o
    0x20000036   COMPRESSED   0x00000004   Data   RW          756    .data               delay.o
    0x2000003a   COMPRESSED   0x00000004   Data   RW          811    .data               usart.o
    0x2000003e   COMPRESSED   0x00000014   Data   RW          907    .data               stm32f10x_rcc.o
    0x20000052   COMPRESSED   0x00000002   PAD
    0x20000054   COMPRESSED   0x000002e8   Data   RW         1199    .data               user_get.o
    0x2000033c   COMPRESSED   0x00000004   Data   RW         1273    .data               filter.o
    0x20000340   COMPRESSED   0x00000004   Data   RW         3931    .data               mc_w.l(stdout.o)
    0x20000344   COMPRESSED   0x00000004   Data   RW         3939    .data               mc_w.l(errno.o)
    0x20000348        -       0x0000000a   Zero   RW          604    .bss                rtc.o
    0x20000352        -       0x000000c8   Zero   RW          810    .bss                usart.o
    0x2000041a   COMPRESSED   0x00000002   PAD
    0x2000041c        -       0x000003c8   Zero   RW         1197    .bss                user_get.o
    0x200007e4        -       0x000000ca   Zero   RW         1272    .bss                filter.o
    0x200008ae   COMPRESSED   0x00000002   PAD
    0x200008b0        -       0x00000400   Zero   RW          848    STACK               startup_stm32f10x_md.o


==============================================================================

Image component sizes


      Code (inc. data)   RO Data    RW Data    ZI Data      Debug   Object Name

       232          8          0          0          0       1187   adc.o
       216          6          0          0          0       1482   bsp_clkconfig.o
       376         10          0          0          0       2333   can.o
       212         18          0          4          0       1211   delay.o
       892         18          0          4        202       4488   filter.o
       212         10          0          0          0       1346   io_ctrl.o
       188         10          0          1          0        888   key.o
        92          8          0          0          0     221619   led.o
      3312         32       1032         18          0      12720   ltc6804-1.o
       884         94          0         10          0     254828   main.o
       220         22          0          0          0       1969   misc.o
      1144         62         24          2         10       4714   rtc.o
       264          4          0          0          0       1241   simulated_spi.o
        36          8        236          0       1024        868   startup_stm32f10x_md.o
      1102         26          0          0          0      11209   stm32f10x_adc.o
       196          8          0          0          0       3668   stm32f10x_bkp.o
      2544         38          0          0          0       8196   stm32f10x_can.o
       860         38          0          0          0       5901   stm32f10x_gpio.o
        26          0          0          0          0       1266   stm32f10x_it.o
       204         14          0          0          0       2039   stm32f10x_pwr.o
       932         36          0         20          0       9164   stm32f10x_rcc.o
       328          4          0          0          0       2810   stm32f10x_rtc.o
      3610         88          0          0          0      23008   stm32f10x_tim.o
      1032         22          0          0          0       8628   stm32f10x_usart.o
       480         38          0         20          0       1995   system_stm32f10x.o
       200         32          0          0          0        683   temp.o
       412         18          0          0          0       2016   timer.o
       688         34          0          4        200       3741   usart.o
      1068        190          0        744        968       5112   user_get.o

    ----------------------------------------------------------------------
     21968        896       1328        832       2408     600330   Object Totals
         0          0         32          0          0          0   (incl. Generated)
         6          0          4          5          4          0   (incl. Padding)

    ----------------------------------------------------------------------

      Code (inc. data)   RO Data    RW Data    ZI Data      Debug   Library Member Name

        34          4          0          0          0        204   dunder.o
       860         52         56          0          0        256   log.o
       170          0          0          0          0         96   poly.o
         0          0          8          0          0          0   qnan.o
        86          0          0          0          0          0   __dczerorl2.o
         0          0          0          0          0          0   entry.o
         0          0          0          0          0          0   entry10a.o
         0          0          0          0          0          0   entry11a.o
         4          0          0          0          0          0   entry12b.o
         8          4          0          0          0          0   entry2.o
         4          0          0          0          0          0   entry5.o
         0          0          0          0          0          0   entry7b.o
         0          0          0          0          0          0   entry8b.o
         8          4          0          0          0          0   entry9a.o
        12          6          0          4          0         68   errno.o
        30          0          0          0          0          0   handlers.o
        36          8          0          0          0         68   init.o
         0          0          0          0          0          0   iusefp.o
        30          0          0          0          0         68   llshl.o
        36          0          0          0          0         68   llsshr.o
        32          0          0          0          0         68   llushr.o
        36          0          0          0          0         68   memcpya.o
        36          0          0          0          0        108   memseta.o
      2218         90          0          0          0        464   printfa.o
         0          0          0          4          0          0   stdout.o
        44          0          0          0          0         80   uidiv.o
        98          0          0          0          0         92   uldiv.o
        48          0          0          0          0         68   cdcmple.o
        48          0          0          0          0         68   cdrcmple.o
        20          0          0          0          0         68   cfrcmple.o
        56          0          0          0          0         88   d2f.o
       334          0          0          0          0        148   dadd.o
       222          0          0          0          0        100   ddiv.o
       186          0          0          0          0        176   depilogue.o
        50          0          0          0          0         76   dfixui.o
        48          0          0          0          0         68   dfixul.o
        34          0          0          0          0         76   dflti.o
       228          0          0          0          0         96   dmul.o
        46          0          0          0          0         80   dscalb.o
        38          0          0          0          0         68   f2d.o
       176          0          0          0          0        140   fadd.o
       124          0          0          0          0         88   fdiv.o
       110          0          0          0          0        168   fepilogue.o
        50          0          0          0          0         68   ffixi.o
        40          0          0          0          0         68   ffixui.o
        18          0          0          0          0         68   fflti.o
        10          0          0          0          0         68   ffltui.o
       100          0          0          0          0         76   fmul.o

    ----------------------------------------------------------------------
      5776        168         64          8          0       3632   Library Totals
         8          0          0          0          0          0   (incl. Padding)

    ----------------------------------------------------------------------

      Code (inc. data)   RO Data    RW Data    ZI Data      Debug   Library Name

      1064         56         64          0          0        556   m_ws.l
      2718        112          0          8          0       1152   mc_w.l
      1986          0          0          0          0       1924   mf_w.l

    ----------------------------------------------------------------------
      5776        168         64          8          0       3632   Library Totals

    ----------------------------------------------------------------------

==============================================================================


      Code (inc. data)   RO Data    RW Data    ZI Data      Debug   

     27744       1064       1392        840       2408     599566   Grand Totals
     27744       1064       1392         72       2408     599566   ELF Image Totals (compressed)
     27744       1064       1392         72          0          0   ROM Totals

==============================================================================

    Total RO  Size (Code + RO Data)                29136 (  28.45kB)
    Total RW  Size (RW Data + ZI Data)              3248 (   3.17kB)
    Total ROM Size (Code + RO Data + RW Data)      29208 (  28.52kB)

==============================================================================

